[    0.0110] Program Path: /home/ricardo/dev/ps2go/tools/pcsx2/squashfs-root/usr/bin/pcsx2-qt
[    0.0110] AppRoot Directory: /home/ricardo/dev/ps2go/tools/pcsx2/squashfs-root/usr/bin
[    0.0110] Resources Directory: /home/ricardo/dev/ps2go/tools/pcsx2/squashfs-root/usr/bin/resources
[    0.0111] DataRoot Directory: /home/ricardo/dev/ps2go/tools/pcsx2-gc2/data/PCSX2
[    0.0111] Loading config from /home/ricardo/dev/ps2go/tools/pcsx2-gc2/data/PCSX2/inis/PCSX2.ini.
[    0.0114] Loading secrets from /home/ricardo/dev/ps2go/tools/pcsx2-gc2/data/PCSX2/inis/secrets.ini.
[    0.0119] BIOS Directory: /home/ricardo/dev/ps2go/tools/pcsx2-gc2/data/PCSX2/bios
[    0.0119] Snapshots Directory: /home/ricardo/dev/ps2go/tools/pcsx2-gc2/data/PCSX2/snaps
[    0.0119] Savestates Directory: /home/ricardo/dev/ps2go/tools/pcsx2-gc2/data/PCSX2/sstates
[    0.0119] MemoryCards Directory: /home/ricardo/dev/ps2go/tools/pcsx2-gc2/data/PCSX2/memcards
[    0.0119] Logs Directory: /home/ricardo/dev/ps2go/tools/pcsx2-gc2/data/PCSX2/logs
[    0.0119] Cheats Directory: /home/ricardo/dev/ps2go/tools/pcsx2-gc2/data/PCSX2/cheats
[    0.0120] Patches Directory: /home/ricardo/dev/ps2go/tools/pcsx2-gc2/data/PCSX2/patches
[    0.0120] Covers Directory: /home/ricardo/dev/ps2go/tools/pcsx2-gc2/data/PCSX2/covers
[    0.0120] Game Settings Directory: /home/ricardo/dev/ps2go/tools/pcsx2-gc2/data/PCSX2/gamesettings
[    0.0120] Resources Directory: /home/ricardo/dev/ps2go/tools/pcsx2/squashfs-root/usr/bin/resources
[    0.0120] User Resources Directory: /home/ricardo/dev/ps2go/tools/pcsx2-gc2/data/PCSX2/resources
[    0.0120] Cache Directory: /home/ricardo/dev/ps2go/tools/pcsx2-gc2/data/PCSX2/cache
[    0.0120] Textures Directory: /home/ricardo/dev/ps2go/tools/pcsx2-gc2/data/PCSX2/textures
[    0.0120] Input Profile Directory: /home/ricardo/dev/ps2go/tools/pcsx2-gc2/data/PCSX2/inputprofiles
[    0.0120] Video Dumping Directory: /home/ricardo/dev/ps2go/tools/pcsx2-gc2/data/PCSX2/videos
[    0.0120] Debugger Layouts Directory: /home/ricardo/dev/ps2go/tools/pcsx2-gc2/data/PCSX2/inis/debuggerlayouts
[    0.0120] Debugger Settings Directory: /home/ricardo/dev/ps2go/tools/pcsx2-gc2/data/PCSX2/inis/debuggersettings
[    0.0122] Loaded translation file for language en-US
[    0.0190] PCSX2 v2.9.12
[    0.0190] Savestate version: 0x9a590000
[    0.0190] 
[    0.0190] 
[    0.0190] Host Machine Init:
[    0.0191]   Operating System = Ubuntu 24.04
[    0.0191]   Available RAM    = 13365 MB (13.05 GB)
[    0.0191]   Physical RAM     = 15986 MB (15.61 GB)
[    0.0191] 
[    0.0191]   Processor        = Intel Core i5-10400
[    0.0191]   Core Count       = 4 cores
[    0.0191]   Thread Count     = 8 threads
[    0.0191]   Cluster Count    = 1 clusters
[    0.0191] CPU Extensions Detected:
[    0.0191]   AVX AVX2
[    0.0191] 
[    0.0191] Allocating host memory for virtual systems...
[    0.0191]   EE Main Memory                   @ 0x00007C14A3200000 -> 0x00007C14AC100000 [143mb]
[    0.0192]   IOP Main Memory                  @ 0x00007C14AC100000 -> 0x00007C14B4200000 [129mb]
[    0.0192]   VU0/1 On-Chip Memory             @ 0x00007C14B4200000 -> 0x00007C14B4300000 [1mb]
[    0.0192]   VTLB Virtual Map                 @ 0x00007C14B4300000 -> 0x00007C14B4B00000 [8mb]
[    0.0192]   VTLB Address Map                 @ 0x00007C14B4B00000 -> 0x00007C14B4F00000 [4mb]
[    0.0192]   R5900 Recompiler Cache           @ 0x00007C14B4F00000 -> 0x00007C14B8F00000 [64mb]
[    0.0192]   R3000A Recompiler Cache          @ 0x00007C14B8F00000 -> 0x00007C14BAF00000 [32mb]
[    0.0192]   Micro VU0 Recompiler Cache       @ 0x00007C14BBF00000 -> 0x00007C14BFF00000 [64mb]
[    0.0192]   Micro VU1 Recompiler Cache       @ 0x00007C14BFF00000 -> 0x00007C14C3F00000 [64mb]
[    0.0192]   VIF0 Unpack Recompiler Cache     @ 0x00007C14BAF00000 -> 0x00007C14BB700000 [8mb]
[    0.0192]   VIF1 Unpack Recompiler Cache     @ 0x00007C14BB700000 -> 0x00007C14BBF00000 [8mb]
[    0.0192]   VIF Unpack Recompiler Cache      @ 0x00007C14C3F00000 -> 0x00007C14C4000000 [1mb]
[    0.0192]   GS Software Renderer             @ 0x00007C14C4000000 -> 0x00007C14C8000000 [64mb]
[    0.0208] Fastmem area: 0x7c13a3200000 - 0x7c14a31fffff
[    0.0215] Generating SSE-optimized unpacking functions for VIF interpreters...
[    0.0215] Unpack function generation complete.  Generated function statistics:
[    0.0215]   Reserved buffer    : 1048576 bytes @ 0x00007C14C3F00000
[    0.0215]   x86 code generated : 7422 bytes
[    0.0215] 
[    0.0218] SDLInputSource: Using Controller DB from resources.
[    0.0403] SDLInputSource: 759 gamepad mappings are loaded.
[    0.0791] Loading BIOS...
[    0.0792] Searching for a BIOS image in '/home/ricardo/dev/ps2go/tools/pcsx2-gc2/data/PCSX2/bios'...
[    0.0793] BIOS Found: USA     v02.00(14/06/2004)  Console 20040614-100909
[    0.0793] Using BIOS '/home/ricardo/dev/ps2go/tools/pcsx2-gc2/data/PCSX2/bios/SCPH-70012_BIOS_V12_USA_200.BIN' (USA     v02.00(14/06/2004)  Console 20040614-100909 USA)
[    0.0793] BIOS Found: USA     v02.00(14/06/2004)  Console 20040614-100909
[    0.0826] BIOS rom1 module not found, skipping...
[    0.0826] BIOS rom2 module not found, skipping...
[    0.0827] Mechacon version: 0x00020603
[    0.0827] Opening CDVD...
[    0.0841] Initializing Elf: 2065392 bytes
[    0.0844] Disc changed to .
[    0.0844]   Name: gcexp [?]
[    0.0844]   Serial: gcexp
[    0.0844]   Version: 
[    0.0844]   CRC: 38BD0190
[    0.0844] No game settings found (tried '/home/ricardo/dev/ps2go/tools/pcsx2-gc2/data/PCSX2/gamesettings/38BD0190.ini')
[    0.0844] Applying settings...
[    0.0847] [Unsafe Settings] Graphics API is not set to Automatic. This may cause performance problems and graphical issues.
[    0.0848] OSD [unsafe_settings_warning]:  Graphics API is not set to Automatic. This may cause performance problems and graphical issues.
[    0.0848] GameDB: Has not been initialized yet, initializing...
[    0.1438] GameDB: 12841 games on record (loaded in 58.98ms)
[    0.1473] Reopening memory cards...
[    0.1474] McdSlot 0 [File]: Mcd001.ps2 [8 MB, UNFORMATTED]
[    0.1474] McdSlot 1 [File]: Mcd002.ps2 [8 MB, UNFORMATTED]
[    0.1485] HLE Host: Set 'host:' root path to: /home/ricardo/dev/ps2go/experiments/gc/build-gc-precise
[    0.1486] EE/iR5900 Recompiler Reset
[    0.1987] iR3000A Recompiler reset.
[    0.2104] mVU Reset
[    0.2107] mVU Reset
[    0.2187] Resetting host memory for virtual systems...
[    0.4765] Time Zone Offset: GMT+00:00
[    0.4766] Time Zone Location: London
[    0.4766] DST: Winter Time
[    0.4766] Time Format: 24-Hour
[    0.4766] Date Format: YYYY/MM/DD
[    0.4766] System Time Basis: Operating System Time
[    0.4766] Resulting System Time: 2026-09-03 17:50:53
[    0.4766] Close virtual disk tray
[    0.4766] Media already loaded (fast boot)
[    0.4766] Opening GS...
[    0.4771] acquireRenderWindow() recreate=true fullscreen=false render_to_main=false surfaceless=false
[    0.4798] (GetRefreshRateFromXRandR) Modeline is invalid: 0/0/0
[    0.4798] Surface refresh rate: 60 Hz
[    0.5104] VK: Enabling extension: VK_KHR_surface
[    0.5104] VK: Enabling extension: VK_KHR_xlib_surface
[    0.5104] VK: Enabling extension: VK_EXT_surface_maintenance1
[    0.5104] VK: Enabling extension: VK_KHR_get_surface_capabilities2
[    0.5178] No GPU requested, using first (llvmpipe (LLVM 20.1.2, 256 bits))
[    0.5184] 1 vulkan queue families
[    0.5189] VK: Enabling extension: VK_KHR_swapchain
[    0.5189] VK: Enabling extension: VK_KHR_push_descriptor
[    0.5189] VK: Enabling extension: VK_EXT_provoking_vertex
[    0.5189] VK: Enabling extension: VK_EXT_memory_budget
[    0.5189] VK: Enabling extension: VK_EXT_calibrated_timestamps
[    0.5189] VK: Enabling extension: VK_EXT_rasterization_order_attachment_access
[    0.5189] VK: Enabling extension: VK_EXT_attachment_feedback_loop_layout
[    0.5189] VK: Enabling extension: VK_EXT_line_rasterization
[    0.5189] VK: Enabling extension: VK_KHR_driver_properties
[    0.5189] VK: Enabling extension: VK_EXT_swapchain_maintenance1
[    0.5189] VK: Enabling extension: VK_EXT_fragment_shader_interlock
[    0.5350] GPU timing is supported (TS=1 TS valid bits=64, TS period=1.000000)
[    0.5350] GPU pipeline statistics is supported
[    0.5350] VK_EXT_provoking_vertex is supported
[    0.5350] VK_EXT_memory_budget is supported
[    0.5350] VK_EXT_calibrated_timestamps is supported
[    0.5350] VK_EXT_rasterization_order_attachment_access is supported
[    0.5350] VK_EXT_swapchain_maintenance1 is supported
[    0.5350] VK_EXT_full_screen_exclusive is NOT supported
[    0.5350] VK_KHR_driver_properties is supported
[    0.5350] VK_EXT_attachment_feedback_loop_layout is supported
[    0.5350] VK_EXT_fragment_shader_interlock is supported
[    0.5352] Read 85 entries from '/home/ricardo/dev/ps2go/tools/pcsx2-gc2/data/PCSX2/cache/vulkan_shaders.idx'
[    0.5354] Creating a swap chain with 3 images in present mode VK_PRESENT_MODE_IMMEDIATE_KHR
[    0.5369] Optional features: primitive_id texture_barrier framebuffer_fetch provoking_vertex_last vs_expand
[    0.5369] Using hardware for point expansion and hardware for line expansion.
[    0.7051] Vulkan Graphics Driver Info:
[    0.7052] Driver 25.2.8
[    0.7052] Vulkan 1.4.318
[    0.7052] Conformance Version 1.3.1.1
[    0.7052] Mesa 25.2.8-0ubuntu0.24.04.2 (LLVM 20.1.2)
[    0.7052] llvmpipe
[    0.7052] llvmpipe (LLVM 20.1.2, 256 bits)
[    0.7083] Opening SPU2...
[    0.7096] Creating Cubeb audio stream, sample rate = 48000, expansion = Disabled, buffer = 50, latency = 20, stretching enabled, driver = , device = 
[    0.7140] Minimum latency: 40 ms (1920 audio frames)
[    0.7140] Minimum latency is above requested latency: 1920 vs 960, adjusting to compensate.
[    0.7141] Allocated buffer of 38400 frames for buffer of 50 ms [expansion Disabled (block size 2048), stretch enabled, target size 2432].
[    0.7144] ReportErrorAsync: Error: Failed to create or configure audio stream, falling back to null output. The error was:
[    0.7144] cubeb_stream_init() failed: CUBEB_ERROR (-1)
[    0.7144] Allocated buffer of 2432 frames for buffer of 50 ms [expansion Disabled (block size 2048), stretch disabled, target size 2432].
[    0.7144] Initializing Pad...
[    0.7144] Initializing SIO2...
[    0.7144] Initializing SIO0...
[    0.7144] Opening DEV9...
[    0.7144] DEV9: DEV9init
[    0.7145] DEV9: DEV9init2
[    0.7145] DEV9: DEV9init3
[    0.7182] DEV9: DEV9init ok
[    0.7182] DEV9: DEV9open
[    0.7182] Opening USB...
[    0.7182] Opening FW...
[    0.7184] Frame rate: 60, target speed: 1, target frame rate: 60, ticks per frame: 16666666
[    0.7230] VM subsystems initialized in 644.04 ms
[    0.7238] Failed to inhibit screen saver.
[    0.7239] Failed to inhibit screen saver.
[    0.7420] # Initialize memory (rev:3.70, ctm:196Mhz, cpuclk:147Mhz detected)
[    0.7553] R3000 Debugger: Branch to 0x890 (SYSMEM). Clearing modules.
[    0.7582] RegisterLibraryEntries: excepman version 1.01
[    0.7599] RegisterLibraryEntries:  intrman version 1.02
[    0.7600] RegisterLibraryEntries:   ssbusc version 1.01
[    0.7603] RegisterLibraryEntries:  dmacman version 1.02
[    0.7606] RegisterLibraryEntries:  timrman version 1.01
[    0.7608] RegisterLibraryEntries:  sysclib version 1.01
[    0.7609] RegisterLibraryEntries:    stdio version 1.01
[    0.7610] RegisterLibraryEntries:  heaplib version 1.01
[    0.7613] FW: read mem 0x1f80847c: 0x10000001
[    0.7614] FW: write mem 0x1f808414: 0x417f0000
[    0.7614] FW: read mem 0x1f808400: 0xffc00001
[    0.7614] FW: write mem 0x1f80844c: 0xffffffff
[    0.7614] FW: write mem 0x1f808420: 0xffffffff
[    0.7614] FW: write mem 0x1f808428: 0xffffffff
[    0.7614] FW: write mem 0x1f808430: 0xffffffff
[    0.7621] RegisterLibraryEntries:   thbase version 1.01
[    0.7622] RegisterLibraryEntries:  thevent version 1.01
[    0.7622] RegisterLibraryEntries:  thsemap version 1.01
[    0.7622] RegisterLibraryEntries:  thmsgbx version 1.01
[    0.7622] RegisterLibraryEntries:  thfpool version 1.01
[    0.7623] RegisterLibraryEntries:  thvpool version 1.01
[    0.7630] RegisterLibraryEntries:   vblank version 1.01
[    0.7634] RegisterLibraryEntries:    ioman version 1.02
[    0.7639] RegisterLibraryEntries:  modload version 1.01
[    0.7642] RegisterLibraryEntries:   romdrv version 2.01
[    0.7644] RegisterLibraryEntries:    stdio version 1.02
[    0.7647] RegisterLibraryEntries:   sifman version 1.01
[    0.7650] 
[    0.7650] PlayStation 2 ======== Hard reset boot
[    0.7652]  ROMGEN=2004-0614, IOP info (CPUID=1f, CACH_CONFIG=0, 2MB, IOP mode)
[    0.7653]  <20040614-100909,ROMconf,PS20200AC20040614.bin:11696>
[    0.7691] # Total accessable memory size: 32 MB (B:2:8:0) (370:2:7c30)
[    0.7704] # TLB spad=0 kernel=1:12 default=13:30 extended=31:38
[    0.8603] # Initialize Start.
[    0.8608] # Initialize GS ...
[    0.8608] # Initialize INTC ...
[    0.8608] # Initialize TIMER ...
[    0.8609] # Initialize DMAC ...
[    0.8610] # Initialize VU1 ...
[    0.8614] # Initialize VIF1 ...
[    0.8615] # Initialize GIF ...
[    0.8615] # Initialize VU0 ...
[    0.8617] # Initialize VIF0 ...
[    0.8617] # Initialize IPU ...
[    0.8619] # Initialize FPU ...
[    0.8619] # Initialize User Memory ...
[    0.8958] # Initialize Scratch Pad ...
[    0.8959] # Initialize Done.
[    0.8966] 
[    0.8966] EE DECI2 Manager version 0.06 Feb  6 2003 08:38:48
[    0.8966]   CPUID=2e20, BoardID=0, ROMGEN=2004-0614, 32M
[    0.8966] 
[    0.8969] RegisterLibraryEntries:   sifcmd version 1.01
[    0.8985] Initializing Elf: 2065392 bytes
[    0.8999] ELF Loading: host:gcexp.elf, Game CRC = 38BD0190, EntryPoint = 0x00100AE0
[    0.9025] RegisterLibraryEntries:  cdvdman version 1.01
[    0.9086] RegisterLibraryEntries:  cdvdfsv version 1.01
[    0.9104] RegisterLibraryEntries:  secrman version 1.03
[    0.9105] RegisterLibraryEntries:   eesync version 1.01
[    0.9107] 
[    0.9107] IOP Realtime Kernel Ver.0.9.1
[    0.9107]     Copyright 1999 (C) Sony Computer Entertainment Inc. 
[    0.9112] Reboot service module.(99/11/10)
[    0.9132] cdvd driver module version 0.1.1 (C)SCEI
[    0.9135] Load File service.(99/11/05)
[    0.9136] Multi Threaded Fileio module.(99/11/15) 
[    0.9136] iop heap service (99/11/03)
[    0.9416] loadelf: fname host:gcexp.elf secname all
[    0.9417] loadelf version 3.30
[    0.9422] Input ELF format filename = host:gcexp.elf
[    0.9427] 1 00100000 0005d088 ......
[    0.9427] Loaded, host:gcexp.elf
[    0.9428] start address 0x100ae0
[    0.9428] gp address 00000000
[    0.9435] # Restart Without Memory Clear.
[    0.9573] # Initialize GS ...
[    0.9574] # Initialize INTC ...
[    0.9574] # Initialize TIMER ...
[    0.9574] # Initialize DMAC ...
[    0.9574] # Initialize VU1 ...
[    0.9577] # Initialize VIF1 ...
[    0.9577] # Initialize GIF ...
[    0.9577] # Initialize VU0 ...
[    0.9578] # Initialize VIF0 ...
[    0.9578] # Initialize IPU ...
[    0.9578] # Initialize FPU ...
[    0.9578] # Initialize Scratch Pad ...
[    0.9578] # Restart Without Memory Clear Done.
[    0.9579] ELF host:gcexp.elf with entry point at 0x00100AE0 is executing.
[    0.9580] ELF changed, active CRC 38BD0190 (host:gcexp.elf)
[    0.9583] Applying core settings...
[    0.9605] Updating CPU configuration...
[    0.9605] iR3000A Recompiler reset.
[    0.9641] mVU Reset
[    0.9642] mVU Reset
[    0.9876] iR3000A Recompiler reset.
[    0.9918] mVU Reset
[    0.9918] mVU Reset
[    0.9973] EE/iR5900 Recompiler Reset
[    1.0115] BIOS: Successfully found the instruction pattern. Assuming the thread list is here: 8001a640
[    1.0136] Warning: GetOsdConfigParam2 Reading extended language/version configs, may be incorrect!
[    1.0276] PS2GO-BEGIN 15
[    1.0278] PS2GO-CASE layout RUN
[    1.0282] layout: text=0x100000 data=0x150300-0x15d088 bss=0x15d100-0x1636b0 sp=0x1ffe9c0
[    1.0285] layout: heap=0x163890-0x1963890 (25165824 bytes) heapStart%16=0 heapStart%64=16
[    1.0910] layout: before GC: inuse=1152 idle=24777504 objects=13 numgc=0 mallocs=13 frees=0 totalalloc=969
[    1.4095] layout: after GC: inuse=912 idle=24777744 objects=13 numgc=1 mallocs=21 frees=8 totalalloc=1121
[    1.4099] PS2GO-CASE layout PASS
[    1.4748] PS2GO-CASE small-objects RUN
[    4.3429] small: end: inuse=525664 idle=24252992 objects=12150 numgc=2 mallocs=306034 frees=293884 totalalloc=11995218
[    4.3430] small: kept 6000 objects, natural GCs during run: 1
[    4.3431] PS2GO-CASE small-objects PASS
[    4.4083] PS2GO-CASE large-objects RUN
[    6.0926] large: end of round 0: free=19072 KB in 5728 runs, largest run=5019 KB, runs>=64K: 1, runs>=1M: 1
[    7.7913] large: round 1 after GC (no stack scrub): inuse=5115808 idle=19662848 objects=635 numgc=3 mallocs=308870 frees=308235 totalalloc=21396802
[    8.1080] large: round 1 after GC (stack scrubbed): inuse=5102352 idle=19676304 objects=179 numgc=4 mallocs=308901 frees=308722 totalalloc=21418795
[    8.1082] large: round 1: stale-stack retention = 13 KB / 456 objects; kept = 7 objects / 2542 KB
[    8.3911] large: end of round 1: free=19214 KB in 138 runs, largest run=2476 KB, runs>=64K: 51, runs>=1M: 4
[   10.4910] large: end of round 2: free=14602 KB in 83 runs, largest run=2476 KB, runs>=64K: 39, runs>=1M: 2
[   12.6247] large: round 3 after GC (no stack scrub): inuse=8749712 idle=16028944 objects=184 numgc=5 mallocs=311735 frees=311551 totalalloc=30820560
[   12.9248] large: round 3 after GC (stack scrubbed): inuse=8753056 idle=16025600 objects=188 numgc=6 mallocs=311765 frees=311577 totalalloc=30842297
[   12.9250] large: round 3: stale-stack retention = 18014398509481980 KB / 18446744073709551612 objects; kept = 14 objects / 5084 KB
[   13.2098] large: end of round 3: free=15649 KB in 133 runs, largest run=1452 KB, runs>=64K: 49, runs>=1M: 3
[   15.7912] large: end of round 4: free=11037 KB in 76 runs, largest run=1452 KB, runs>=64K: 35, runs>=1M: 1
[   17.9247] large: round 5: no free run for 1048576 bytes before GC (largest 975 KB, free 9518 KB in 71 runs); collecting
[   18.4595] large: round 5 after GC: free=12085 KB in 142 runs, largest run=975 KB, runs>=64K: 43, runs>=1M: 0
[   18.5243] large: FRAGMENTED: inuse=12402896 idle=12375760 objects=198 numgc=7 mallocs=313209 frees=313011 totalalloc=37098616
[   18.5251] PS2GO-CASE large-objects FAIL round 5: cannot allocate 1048576 bytes: idle=12085 KB but largest free run=975 KB (198 objects live, 21 kept)
[   18.5756] PS2GO-CASE maps-strings RUN
[   21.8581] maps: end: inuse=11449552 idle=13329104 objects=2412 numgc=11 mallocs=641135 frees=638723 totalalloc=46534372
[   21.8582] maps: 167 entries live, GCs: 4
[   21.8582] PS2GO-CASE maps-strings PASS
[   21.9091] PS2GO-CASE slice-of-pointers RUN
[   25.6756] ptrslices: end: inuse=11679264 idle=13099392 objects=2202 numgc=21 mallocs=668233 frees=666031 totalalloc=60088401
[   25.6757] ptrslices: 10 slices kept, GCs: 10
[   25.6757] PS2GO-CASE slice-of-pointers PASS
[   25.7416] PS2GO-CASE interior-pointers RUN
[   26.2917] interior: end-pointer object (0x653030, len 4088) survived: true
[   26.2918] PS2GO-CASE interior-pointers PASS
[   26.3428] PS2GO-CASE globals-only RUN
[   26.3429] globals: &gDataSlot=0x1508a8 in .data=true; &gBssSlot=0x15d3d8 in .bss=true; &gDataPtr=0x1508b4 in .data=true; &gBssPtr=0x15d3e4 in .bss=true
[   26.8909] PS2GO-CASE globals-only PASS
[   26.9424] PS2GO-CASE stack-deep RUN
[   26.9582] stack: at depth 120, sp=0x1ffbd40 (17088 bytes used of 128K)
[   27.5075] PS2GO-CASE stack-deep PASS
[   27.5588] PS2GO-CASE closures RUN
[   28.2080] PS2GO-CASE closures PASS
[   28.2589] PS2GO-CASE natural-gc RUN
[   30.9761] natural: GC #30 after 16316000 bytes allocated; inuse=14657664 kept=80
[   33.0419] natural: GC #31 after 28553000 bytes allocated; inuse=13716976 kept=140
[   35.1249] natural: GC #32 after 40790000 bytes allocated; inuse=12842416 kept=200
[   35.1249] PS2GO-CASE natural-gc PASS
[   35.1754] PS2GO-CASE leak-cycles RUN
[   35.4754] leak: baseline: inuse=11358848 idle=13419808 objects=196 numgc=33 mallocs=714833 frees=714637 totalalloc=129327602
[   35.8921] leak: cycle 0 inuse=14766800 (delta +3407952) objects=5217
[   36.3243] leak: cycle 1 inuse=16627072 (delta +5268224) objects=5241
[   36.7080] fatal error: out of memory
[   36.7080] runtime: abort
[   36.7738] (VMManager) Pausing...
[   36.7770] Add 36 seconds play time to gcexp -> now 49
[   36.9263] DEV9: DEV9close
[   36.9317] Skipping updating pipeline cache '/home/ricardo/dev/ps2go/tools/pcsx2-gc2/data/PCSX2/cache/vulkan_pipelines.bin' due to no changes.
[   36.9352] DEV9: DEV9shutdown
[   36.9355] NVRAM has not changed, not writing to disk.
[   36.9511] Releasing host memory for virtual systems...
