[    0.0093] Program Path: /home/ricardo/dev/ps2go/tools/pcsx2/squashfs-root/usr/bin/pcsx2-qt
[    0.0093] AppRoot Directory: /home/ricardo/dev/ps2go/tools/pcsx2/squashfs-root/usr/bin
[    0.0093] Resources Directory: /home/ricardo/dev/ps2go/tools/pcsx2/squashfs-root/usr/bin/resources
[    0.0093] DataRoot Directory: /home/ricardo/dev/ps2go/tools/pcsx2-gc/data/PCSX2
[    0.0093] Loading config from /home/ricardo/dev/ps2go/tools/pcsx2-gc/data/PCSX2/inis/PCSX2.ini.
[    0.0096] Loading secrets from /home/ricardo/dev/ps2go/tools/pcsx2-gc/data/PCSX2/inis/secrets.ini.
[    0.0100] BIOS Directory: /home/ricardo/dev/ps2go/tools/pcsx2-gc/data/PCSX2/bios
[    0.0100] Snapshots Directory: /home/ricardo/dev/ps2go/tools/pcsx2-gc/data/PCSX2/snaps
[    0.0100] Savestates Directory: /home/ricardo/dev/ps2go/tools/pcsx2-gc/data/PCSX2/sstates
[    0.0100] MemoryCards Directory: /home/ricardo/dev/ps2go/tools/pcsx2-gc/data/PCSX2/memcards
[    0.0100] Logs Directory: /home/ricardo/dev/ps2go/tools/pcsx2-gc/data/PCSX2/logs
[    0.0100] Cheats Directory: /home/ricardo/dev/ps2go/tools/pcsx2-gc/data/PCSX2/cheats
[    0.0100] Patches Directory: /home/ricardo/dev/ps2go/tools/pcsx2-gc/data/PCSX2/patches
[    0.0100] Covers Directory: /home/ricardo/dev/ps2go/tools/pcsx2-gc/data/PCSX2/covers
[    0.0100] Game Settings Directory: /home/ricardo/dev/ps2go/tools/pcsx2-gc/data/PCSX2/gamesettings
[    0.0100] Resources Directory: /home/ricardo/dev/ps2go/tools/pcsx2/squashfs-root/usr/bin/resources
[    0.0100] User Resources Directory: /home/ricardo/dev/ps2go/tools/pcsx2-gc/data/PCSX2/resources
[    0.0100] Cache Directory: /home/ricardo/dev/ps2go/tools/pcsx2-gc/data/PCSX2/cache
[    0.0100] Textures Directory: /home/ricardo/dev/ps2go/tools/pcsx2-gc/data/PCSX2/textures
[    0.0100] Input Profile Directory: /home/ricardo/dev/ps2go/tools/pcsx2-gc/data/PCSX2/inputprofiles
[    0.0100] Video Dumping Directory: /home/ricardo/dev/ps2go/tools/pcsx2-gc/data/PCSX2/videos
[    0.0100] Debugger Layouts Directory: /home/ricardo/dev/ps2go/tools/pcsx2-gc/data/PCSX2/inis/debuggerlayouts
[    0.0100] Debugger Settings Directory: /home/ricardo/dev/ps2go/tools/pcsx2-gc/data/PCSX2/inis/debuggersettings
[    0.0102] Loaded translation file for language en-US
[    0.0157] PCSX2 v2.9.12
[    0.0157] Savestate version: 0x9a590000
[    0.0157] 
[    0.0158] 
[    0.0158] Host Machine Init:
[    0.0158]   Operating System = Ubuntu 24.04
[    0.0158]   Available RAM    = 14400 MB (14.06 GB)
[    0.0158]   Physical RAM     = 15986 MB (15.61 GB)
[    0.0158] 
[    0.0158]   Processor        = Intel Core i5-10400
[    0.0158]   Core Count       = 4 cores
[    0.0158]   Thread Count     = 8 threads
[    0.0158]   Cluster Count    = 1 clusters
[    0.0158] CPU Extensions Detected:
[    0.0158]   AVX AVX2
[    0.0158] 
[    0.0158] Allocating host memory for virtual systems...
[    0.0159]   EE Main Memory                   @ 0x00007AB487200000 -> 0x00007AB490100000 [143mb]
[    0.0159]   IOP Main Memory                  @ 0x00007AB490100000 -> 0x00007AB498200000 [129mb]
[    0.0159]   VU0/1 On-Chip Memory             @ 0x00007AB498200000 -> 0x00007AB498300000 [1mb]
[    0.0159]   VTLB Virtual Map                 @ 0x00007AB498300000 -> 0x00007AB498B00000 [8mb]
[    0.0159]   VTLB Address Map                 @ 0x00007AB498B00000 -> 0x00007AB498F00000 [4mb]
[    0.0159]   R5900 Recompiler Cache           @ 0x00007AB498F00000 -> 0x00007AB49CF00000 [64mb]
[    0.0159]   R3000A Recompiler Cache          @ 0x00007AB49CF00000 -> 0x00007AB49EF00000 [32mb]
[    0.0159]   Micro VU0 Recompiler Cache       @ 0x00007AB49FF00000 -> 0x00007AB4A3F00000 [64mb]
[    0.0159]   Micro VU1 Recompiler Cache       @ 0x00007AB4A3F00000 -> 0x00007AB4A7F00000 [64mb]
[    0.0159]   VIF0 Unpack Recompiler Cache     @ 0x00007AB49EF00000 -> 0x00007AB49F700000 [8mb]
[    0.0159]   VIF1 Unpack Recompiler Cache     @ 0x00007AB49F700000 -> 0x00007AB49FF00000 [8mb]
[    0.0159]   VIF Unpack Recompiler Cache      @ 0x00007AB4A7F00000 -> 0x00007AB4A8000000 [1mb]
[    0.0159]   GS Software Renderer             @ 0x00007AB4A8000000 -> 0x00007AB4AC000000 [64mb]
[    0.0175] Fastmem area: 0x7ab387200000 - 0x7ab4871fffff
[    0.0182] Generating SSE-optimized unpacking functions for VIF interpreters...
[    0.0183] Unpack function generation complete.  Generated function statistics:
[    0.0183]   Reserved buffer    : 1048576 bytes @ 0x00007AB4A7F00000
[    0.0183]   x86 code generated : 7422 bytes
[    0.0183] 
[    0.0186] SDLInputSource: Using Controller DB from resources.
[    0.0354] SDLInputSource: 759 gamepad mappings are loaded.
[    0.0557] PINE: New client with FD 17 connected.
[    0.0637] Loading BIOS...
[    0.0638] Searching for a BIOS image in '/home/ricardo/dev/ps2go/tools/pcsx2-gc/data/PCSX2/bios'...
[    0.0638] BIOS Found: USA     v02.00(14/06/2004)  Console 20040614-100909
[    0.0638] Using BIOS '/home/ricardo/dev/ps2go/tools/pcsx2-gc/data/PCSX2/bios/SCPH-70012_BIOS_V12_USA_200.BIN' (USA     v02.00(14/06/2004)  Console 20040614-100909 USA)
[    0.0639] BIOS Found: USA     v02.00(14/06/2004)  Console 20040614-100909
[    0.0664] BIOS rom1 module not found, skipping...
[    0.0664] BIOS rom2 module not found, skipping...
[    0.0664] Mechacon version: 0x00020603
[    0.0664] Opening CDVD...
[    0.0675] Initializing Elf: 2073092 bytes
[    0.0676] Disc changed to .
[    0.0676]   Name: gcexp [?]
[    0.0676]   Serial: gcexp
[    0.0676]   Version: 
[    0.0676]   CRC: 03FD9314
[    0.0676] No game settings found (tried '/home/ricardo/dev/ps2go/tools/pcsx2-gc/data/PCSX2/gamesettings/03FD9314.ini')
[    0.0676] Applying settings...
[    0.0679] [Unsafe Settings] Graphics API is not set to Automatic. This may cause performance problems and graphical issues.
[    0.0679] OSD [unsafe_settings_warning]:  Graphics API is not set to Automatic. This may cause performance problems and graphical issues.
[    0.0680] GameDB: Has not been initialized yet, initializing...
[    0.1139] GameDB: 12841 games on record (loaded in 45.87ms)
[    0.1171] Reopening memory cards...
[    0.1171] McdSlot 0 [File]: Mcd001.ps2 [8 MB, UNFORMATTED]
[    0.1171] McdSlot 1 [File]: Mcd002.ps2 [8 MB, UNFORMATTED]
[    0.1179] HLE Host: Set 'host:' root path to: /home/ricardo/dev/ps2go/experiments/gc/build-gc
[    0.1180] EE/iR5900 Recompiler Reset
[    0.1610] iR3000A Recompiler reset.
[    0.1713] mVU Reset
[    0.1716] mVU Reset
[    0.1789] Resetting host memory for virtual systems...
[    0.3859] Time Zone Offset: GMT+00:00
[    0.3859] Time Zone Location: London
[    0.3859] DST: Winter Time
[    0.3859] Time Format: 24-Hour
[    0.3859] Date Format: YYYY/MM/DD
[    0.3859] System Time Basis: Operating System Time
[    0.3859] Resulting System Time: 2026-09-03 18:11:17
[    0.3859] Close virtual disk tray
[    0.3859] Media already loaded (fast boot)
[    0.3859] Opening GS...
[    0.3865] acquireRenderWindow() recreate=true fullscreen=false render_to_main=false surfaceless=false
[    0.3902] (GetRefreshRateFromXRandR) Modeline is invalid: 0/0/0
[    0.3902] Surface refresh rate: 60 Hz
[    0.4175] VK: Enabling extension: VK_KHR_surface
[    0.4175] VK: Enabling extension: VK_KHR_xlib_surface
[    0.4175] VK: Enabling extension: VK_EXT_surface_maintenance1
[    0.4175] VK: Enabling extension: VK_KHR_get_surface_capabilities2
[    0.4236] No GPU requested, using first (llvmpipe (LLVM 20.1.2, 256 bits))
[    0.4242] 1 vulkan queue families
[    0.4247] VK: Enabling extension: VK_KHR_swapchain
[    0.4247] VK: Enabling extension: VK_KHR_push_descriptor
[    0.4247] VK: Enabling extension: VK_EXT_provoking_vertex
[    0.4247] VK: Enabling extension: VK_EXT_memory_budget
[    0.4247] VK: Enabling extension: VK_EXT_calibrated_timestamps
[    0.4247] VK: Enabling extension: VK_EXT_rasterization_order_attachment_access
[    0.4247] VK: Enabling extension: VK_EXT_attachment_feedback_loop_layout
[    0.4247] VK: Enabling extension: VK_EXT_line_rasterization
[    0.4247] VK: Enabling extension: VK_KHR_driver_properties
[    0.4247] VK: Enabling extension: VK_EXT_swapchain_maintenance1
[    0.4247] VK: Enabling extension: VK_EXT_fragment_shader_interlock
[    0.4362] GPU timing is supported (TS=1 TS valid bits=64, TS period=1.000000)
[    0.4362] GPU pipeline statistics is supported
[    0.4363] VK_EXT_provoking_vertex is supported
[    0.4363] VK_EXT_memory_budget is supported
[    0.4363] VK_EXT_calibrated_timestamps is supported
[    0.4363] VK_EXT_rasterization_order_attachment_access is supported
[    0.4363] VK_EXT_swapchain_maintenance1 is supported
[    0.4363] VK_EXT_full_screen_exclusive is NOT supported
[    0.4363] VK_KHR_driver_properties is supported
[    0.4363] VK_EXT_attachment_feedback_loop_layout is supported
[    0.4363] VK_EXT_fragment_shader_interlock is supported
[    0.4364] Read 85 entries from '/home/ricardo/dev/ps2go/tools/pcsx2-gc/data/PCSX2/cache/vulkan_shaders.idx'
[    0.4366] Creating a swap chain with 3 images in present mode VK_PRESENT_MODE_IMMEDIATE_KHR
[    0.4375] Optional features: primitive_id texture_barrier framebuffer_fetch provoking_vertex_last vs_expand
[    0.4375] Using hardware for point expansion and hardware for line expansion.
[    0.5629] Vulkan Graphics Driver Info:
[    0.5629] Driver 25.2.8
[    0.5629] Vulkan 1.4.318
[    0.5629] Conformance Version 1.3.1.1
[    0.5630] Mesa 25.2.8-0ubuntu0.24.04.2 (LLVM 20.1.2)
[    0.5630] llvmpipe
[    0.5630] llvmpipe (LLVM 20.1.2, 256 bits)
[    0.5653] Opening SPU2...
[    0.5661] Creating Cubeb audio stream, sample rate = 48000, expansion = Disabled, buffer = 50, latency = 20, stretching enabled, driver = , device = 
[    0.5703] Minimum latency: 40 ms (1920 audio frames)
[    0.5703] Minimum latency is above requested latency: 1920 vs 960, adjusting to compensate.
[    0.5705] Allocated buffer of 38400 frames for buffer of 50 ms [expansion Disabled (block size 2048), stretch enabled, target size 2432].
[    0.5707] ReportErrorAsync: Error: Failed to create or configure audio stream, falling back to null output. The error was:
[    0.5707] cubeb_stream_init() failed: CUBEB_ERROR (-1)
[    0.5707] Allocated buffer of 2432 frames for buffer of 50 ms [expansion Disabled (block size 2048), stretch disabled, target size 2432].
[    0.5707] Initializing Pad...
[    0.5707] Initializing SIO2...
[    0.5707] Initializing SIO0...
[    0.5707] Opening DEV9...
[    0.5707] DEV9: DEV9init
[    0.5708] DEV9: DEV9init2
[    0.5708] DEV9: DEV9init3
[    0.5742] DEV9: DEV9init ok
[    0.5742] DEV9: DEV9open
[    0.5742] Opening USB...
[    0.5742] Opening FW...
[    0.5744] Frame rate: 60, target speed: 1, target frame rate: 60, ticks per frame: 16666666
[    0.5789] VM subsystems initialized in 515.38 ms
[    0.5795] Failed to inhibit screen saver.
[    0.5796] Failed to inhibit screen saver.
[    0.5971] # Initialize memory (rev:3.70, ctm:196Mhz, cpuclk:147Mhz detected)
[    0.6085] R3000 Debugger: Branch to 0x890 (SYSMEM). Clearing modules.
[    0.6104] RegisterLibraryEntries: excepman version 1.01
[    0.6113] RegisterLibraryEntries:  intrman version 1.02
[    0.6114] RegisterLibraryEntries:   ssbusc version 1.01
[    0.6116] RegisterLibraryEntries:  dmacman version 1.02
[    0.6123] RegisterLibraryEntries:  timrman version 1.01
[    0.6125] RegisterLibraryEntries:  sysclib version 1.01
[    0.6126] RegisterLibraryEntries:    stdio version 1.01
[    0.6127] RegisterLibraryEntries:  heaplib version 1.01
[    0.6132] FW: read mem 0x1f80847c: 0x10000001
[    0.6132] FW: write mem 0x1f808414: 0x417f0000
[    0.6133] FW: read mem 0x1f808400: 0xffc00001
[    0.6133] FW: write mem 0x1f80844c: 0xffffffff
[    0.6133] FW: write mem 0x1f808420: 0xffffffff
[    0.6133] FW: write mem 0x1f808428: 0xffffffff
[    0.6133] FW: write mem 0x1f808430: 0xffffffff
[    0.6140] RegisterLibraryEntries:   thbase version 1.01
[    0.6140] RegisterLibraryEntries:  thevent version 1.01
[    0.6140] RegisterLibraryEntries:  thsemap version 1.01
[    0.6140] RegisterLibraryEntries:  thmsgbx version 1.01
[    0.6141] RegisterLibraryEntries:  thfpool version 1.01
[    0.6141] RegisterLibraryEntries:  thvpool version 1.01
[    0.6147] RegisterLibraryEntries:   vblank version 1.01
[    0.6151] RegisterLibraryEntries:    ioman version 1.02
[    0.6156] RegisterLibraryEntries:  modload version 1.01
[    0.6163] RegisterLibraryEntries:   romdrv version 2.01
[    0.6165] RegisterLibraryEntries:    stdio version 1.02
[    0.6167] RegisterLibraryEntries:   sifman version 1.01
[    0.6170] 
[    0.6170] PlayStation 2 ======== Hard reset boot
[    0.6172]  ROMGEN=2004-0614, IOP info (CPUID=1f, CACH_CONFIG=0, 2MB, IOP mode)
[    0.6173]  <20040614-100909,ROMconf,PS20200AC20040614.bin:11696>
[    0.6208] # Total accessable memory size: 32 MB (B:2:8:0) (370:2:7c30)
[    0.6220] # TLB spad=0 kernel=1:12 default=13:30 extended=31:38
[    0.7018] # Initialize Start.
[    0.7022] # Initialize GS ...
[    0.7022] # Initialize INTC ...
[    0.7022] # Initialize TIMER ...
[    0.7023] # Initialize DMAC ...
[    0.7024] # Initialize VU1 ...
[    0.7027] # Initialize VIF1 ...
[    0.7027] # Initialize GIF ...
[    0.7028] # Initialize VU0 ...
[    0.7029] # Initialize VIF0 ...
[    0.7029] # Initialize IPU ...
[    0.7030] # Initialize FPU ...
[    0.7030] # Initialize User Memory ...
[    0.7357] # Initialize Scratch Pad ...
[    0.7358] # Initialize Done.
[    0.7365] 
[    0.7365] EE DECI2 Manager version 0.06 Feb  6 2003 08:38:48
[    0.7365]   CPUID=2e20, BoardID=0, ROMGEN=2004-0614, 32M
[    0.7365] 
[    0.7367] RegisterLibraryEntries:   sifcmd version 1.01
[    0.7383] Initializing Elf: 2073092 bytes
[    0.7392] ELF Loading: host:gcexp.elf, Game CRC = 03FD9314, EntryPoint = 0x00100AE0
[    0.7415] RegisterLibraryEntries:  cdvdman version 1.01
[    0.7471] RegisterLibraryEntries:  cdvdfsv version 1.01
[    0.7487] RegisterLibraryEntries:  secrman version 1.03
[    0.7488] RegisterLibraryEntries:   eesync version 1.01
[    0.7489] 
[    0.7489] IOP Realtime Kernel Ver.0.9.1
[    0.7489]     Copyright 1999 (C) Sony Computer Entertainment Inc. 
[    0.7494] Reboot service module.(99/11/10)
[    0.7512] cdvd driver module version 0.1.1 (C)SCEI
[    0.7516] Load File service.(99/11/05)
[    0.7516] Multi Threaded Fileio module.(99/11/15) 
[    0.7517] iop heap service (99/11/03)
[    0.7803] loadelf: fname host:gcexp.elf secname all
[    0.7803] loadelf version 3.30
[    0.7806] Input ELF format filename = host:gcexp.elf
[    0.7810] 1 00100000 0005d988 ......
[    0.7810] Loaded, host:gcexp.elf
[    0.7810] start address 0x100ae0
[    0.7810] gp address 00000000
[    0.7815] # Restart Without Memory Clear.
[    0.7963] # Initialize GS ...
[    0.7964] # Initialize INTC ...
[    0.7964] # Initialize TIMER ...
[    0.7964] # Initialize DMAC ...
[    0.7964] # Initialize VU1 ...
[    0.7966] # Initialize VIF1 ...
[    0.7967] # Initialize GIF ...
[    0.7967] # Initialize VU0 ...
[    0.7967] # Initialize VIF0 ...
[    0.7967] # Initialize IPU ...
[    0.7967] # Initialize FPU ...
[    0.7967] # Initialize Scratch Pad ...
[    0.7967] # Restart Without Memory Clear Done.
[    0.7968] ELF host:gcexp.elf with entry point at 0x00100AE0 is executing.
[    0.7969] ELF changed, active CRC 03FD9314 (host:gcexp.elf)
[    0.7971] Applying core settings...
[    0.7985] Updating CPU configuration...
[    0.7985] iR3000A Recompiler reset.
[    0.8039] mVU Reset
[    0.8040] mVU Reset
[    0.8205] iR3000A Recompiler reset.
[    0.8260] mVU Reset
[    0.8261] mVU Reset
[    0.8304] EE/iR5900 Recompiler Reset
[    0.8526] BIOS: Successfully found the instruction pattern. Assuming the thread list is here: 8001a640
[    0.8545] Warning: GetOsdConfigParam2 Reading extended language/version configs, may be incorrect!
[    0.8663] PS2GO-BEGIN 19
[    0.8666] PS2GO-CASE layout RUN
[    0.8669] layout: text=0x100000 data=0x150a00-0x15d988 bss=0x15da00-0x163fa0 sp=0x1ffe800
[    0.8672] layout: heap=0x164180-0x1964180 (25165824 bytes) heapStart%16=0 heapStart%64=0
[    0.9300] layout: before GC: inuse=784 idle=24777872 objects=12 numgc=0 mallocs=12 frees=0 totalalloc=608
[    1.2491] layout: after GC: inuse=464 idle=24778192 objects=11 numgc=1 mallocs=20 frees=9 totalalloc=759
[    1.2494] PS2GO-CASE layout PASS
[    1.3136] PS2GO-CASE false-roots RUN
[    1.5816] falseroot[globals]: addr=0x150a24 value=0x164180 (heap+0)
[    1.5816] falseroot[globals]: addr=0x150a44 value=0x7e0020 (heap+6799008)
[    1.5817] falseroot[globals]: addr=0x150ea0 value=0x3b0027 (heap+2408103)
[    1.5817] falseroot[globals]: addr=0x150ea4 value=0x18f003e (heap+24690366)
[    1.5817] falseroot[globals]: addr=0x150f88 value=0x164260 (heap+224)
[    1.5818] falseroot[globals]: addr=0x150fe4 value=0x373063 (heap+2158307)
[    1.5818] falseroot[globals]: addr=0x1515bc value=0xa22821 (heap+9168545)
[    1.5818] falseroot[globals]: addr=0x1515c0 value=0xc01025 (heap+11128485)
[    1.5818] falseroot[globals]: addr=0x1515c4 value=0xa22823 (heap+9168547)
[    1.5818] falseroot[globals]: addr=0x1515d0 value=0xa21821 (heap+9164449)
[    1.5819] falseroot[globals]: addr=0x151604 value=0x431024 (heap+2936484)
[    1.5819] falseroot[globals]: addr=0x151668 value=0x431025 (heap+2936485)
[    1.5819] falseroot[globals]: addr=0x1516c8 value=0xc52821 (heap+11462305)
[    1.5819] falseroot[globals]: addr=0x1516e8 value=0xc5102b (heap+11456171)
[    1.5819] falseroot[globals]: addr=0x1516f8 value=0x861823 (heap+7329443)
[    1.5820] falseroot[globals]: addr=0x151700 value=0x651821 (heap+5166753)
[    1.5820] falseroot[globals]: addr=0x151704 value=0x463021 (heap+3141281)
[    1.5820] falseroot[globals]: addr=0x151728 value=0xc51021 (heap+11456161)
[    1.5820] falseroot[globals]: addr=0x15176c value=0xa62823 (heap+9430691)
[    1.5820] falseroot[globals]: addr=0x151770 value=0xc52821 (heap+11462305)
[    1.5821] falseroot[globals]: addr=0x151774 value=0xc5102b (heap+11456171)
[    1.5821] falseroot[globals]: addr=0x151788 value=0x663021 (heap+5238433)
[    1.5821] falseroot[globals]: addr=0x15178c value=0x651821 (heap+5166753)
[    1.5821] falseroot[globals]: addr=0x1517f4 value=0xa0f025 (heap+9088677)
[    1.5821] falseroot[globals]: addr=0x1517fc value=0x80b825 (heap+6977189)
[    1.5821] falseroot[globals]: addr=0x151a50 value=0x431021 (heap+2936481)
[    1.5822] falseroot[globals]: addr=0x151ab4 value=0x621016 (heap+4968086)
[    1.5822] falseroot[globals]: addr=0x151b48 value=0x801025 (heap+6934181)
[    1.5822] falseroot[globals]: addr=0x151ba8 value=0x801025 (heap+6934181)
[    1.5822] falseroot[globals]: addr=0x151c28 value=0x43102b (heap+2936491)
[    1.5823] falseroot[globals]: addr=0x151e60 value=0x431021 (heap+2936481)
[    1.5823] falseroot[globals]: addr=0x151ebc value=0x99c804 (heap+8619652)
[    1.5823] falseroot[globals]: addr=0x151ecc value=0x19c827 (heap+231079)
[    1.5823] falseroot[globals]: addr=0x151f08 value=0x185302a (heap+24047274)
[    1.5823] falseroot[globals]: addr=0x151f38 value=0x18f182a (heap+24696490)
[    1.5823] falseroot[globals]: addr=0x151f48 value=0x1601825 (heap+21616293)
[    1.5824] falseroot[globals]: addr=0x151f4c value=0x1455021 (heap+19861153)
[    1.5824] falseroot[globals]: addr=0x151f54 value=0x1515021 (heap+20647585)
[    1.5824] falseroot[globals]: addr=0x151fa8 value=0x78382b (heap+6420139)
[    1.5824] falseroot[globals]: addr=0x151fb8 value=0x661825 (heap+5232293)
[    1.5824] falseroot[globals]: addr=0x151fbc value=0x185302a (heap+24047274)
[    1.5824] falseroot[globals]: addr=0x151fc0 value=0x781823 (heap+6411939)
[    1.5824] falseroot[globals]: addr=0x151fd4 value=0x601025 (heap+4837029)
[    1.5825] falseroot[globals]: addr=0x152000 value=0x831804 (heap+7132804)
[    1.5825] falseroot[globals]: addr=0x152010 value=0x661824 (heap+5232292)
[    1.5825] falseroot[globals]: addr=0x152074 value=0x601025 (heap+4837029)
[    1.5825] falseroot[globals]: addr=0x1520f0 value=0x80a025 (heap+6971045)
[    1.5825] falseroot[globals]: addr=0x1520f8 value=0x929821 (heap+8148641)
[    1.5825] falseroot[globals]: addr=0x1520fc value=0x431025 (heap+2936485)
[    1.5825] falseroot[globals]: addr=0x152100 value=0xc0a825 (heap+11167397)
[    1.5825] falseroot[globals]: addr=0x152104 value=0xa0b025 (heap+9072293)
[    1.5825] falseroot[globals]: addr=0x15214c value=0x72502b (heap+6033067)
[    1.5826] falseroot[globals]: addr=0x152158 value=0x691825 (heap+5428901)
[    1.5826] falseroot[globals]: addr=0x152168 value=0xeb182a (heap+13948586)
[    1.5826] falseroot[globals]: addr=0x15217c value=0x6b1821 (heap+5559969)
[    1.5826] falseroot[globals]: addr=0x15218c value=0x1831821 (heap+23910049)
[    1.5826] falseroot[globals]: addr=0x152190 value=0x18e7021 (heap+24653473)
[    1.5826] falseroot[globals]: addr=0x1521d8 value=0x18d1821 (heap+24565409)
[    1.5826] falseroot[globals]: addr=0x152340 value=0x1435021 (heap+19730081)
[    1.5826] falseroot[globals]: addr=0x15234c value=0x6a5021 (heap+5508769)
[    1.5964] falseroot[stack]: addr=0x1ffe8b0 value=0x1642f0 (heap+368)
[    1.5965] falseroot[stack]: addr=0x1ffe8d0 value=0x164470 (heap+752)
[    1.5965] falseroot[stack]: addr=0x1ffe8d4 value=0x164470 (heap+752)
[    1.5965] falseroot[stack]: addr=0x1ffe8d8 value=0x164478 (heap+760)
[    1.5965] falseroot[stack]: addr=0x1ffe8e8 value=0x164470 (heap+752)
[    1.5966] falseroot[stack]: addr=0x1ffe904 value=0x164470 (heap+752)
[    1.5966] falseroot[stack]: addr=0x1ffe944 value=0x164470 (heap+752)
[    1.5966] falseroot[stack]: addr=0x1ffe978 value=0x164470 (heap+752)
[    1.5966] falseroot[stack]: addr=0x1ffe9c0 value=0x165970 (heap+6128)
[    1.5966] falseroot[stack]: addr=0x1ffe9f4 value=0x1000001 (heap+15318657)
[    1.5967] falseroot[stack]: addr=0x1ffea28 value=0x1010101 (heap+15384449)
[    1.5967] falseroot[stack]: addr=0x1ffea2c value=0x1010101 (heap+15384449)
[    1.5967] falseroot[stack]: addr=0x1ffea34 value=0x1000001 (heap+15318657)
[    1.5967] falseroot[stack]: addr=0x1ffea44 value=0x1000001 (heap+15318657)
[    1.5968] falseroot[stack]: addr=0x1ffeac0 value=0x1800011 (heap+23707281)
[    1.5968] falseroot[stack]: addr=0x1ffeaec value=0x1642b0 (heap+304)
[    1.5968] falseroot[stack]: addr=0x1ffeb2c value=0x164440 (heap+704)
[    1.5968] falseroot[stack]: addr=0x1ffef20 value=0x165970 (heap+6128)
[    1.5969] falseroots: globals 0x150a00-0x163fa0: 238 heap-range words of 19816; stack 0x1ffe890-0x2000000: 18 heap-range words of 1500
[    1.5970] PS2GO-CASE false-roots PASS
[    1.6478] PS2GO-CASE false-retention RUN
[    3.7637] retention[zeros]: allocated 12223 KB dead; after GC1 inuse=8230 KB (retained 8230 KB, 26 objs), after GC2 8230 KB (26 objs)
[    8.2463] retention[high-bit-set]: allocated 12223 KB dead; after GC1 inuse=11307 KB (retained 3075 KB, 4 objs), after GC2 11307 KB (4 objs)
[   32.2980] retention[sequential-bytes]: allocated 12223 KB dead; after GC1 inuse=15411 KB (retained 4103 KB, 7 objs), after GC2 15411 KB (7 objs)
[   61.8315] retention[0x00RRGGBB-words]: allocated 8123 KB dead; after GC1 inuse=14385 KB (retained -1026 KB, -3 objs), after GC2 14385 KB (-3 objs)
[   86.7644] retention[small-ints]: allocated 9149 KB dead; after GC1 inuse=15411 KB (retained 1025 KB, 1 objs), after GC2 15411 KB (1 objs)
[   86.7645] PS2GO-CASE false-retention PASS
[   86.8297] PS2GO-CASE drop-patterns RUN
[   98.8634] drop[same-frame nil]: retained 478 KB / 2002 objects
[  104.9477] drop[dropped in callee]: retained 514 KB / 2006 objects
[  110.9465] drop[same-frame overwrite]: retained 0 KB / 3 objects
[  116.8972] drop[global nil]: retained 0 KB / 6 objects
[  116.8973] PS2GO-CASE drop-patterns PASS
[  116.9477] PS2GO-CASE false-roots-2 RUN
[  122.8468] falseroot[globals]: addr=0x150a24 value=0x164180 (heap+0)
[  122.8469] falseroot[globals]: addr=0x150a44 value=0x7e0020 (heap+6799008)
[  122.8469] falseroot[globals]: addr=0x150ea0 value=0x3b0027 (heap+2408103)
[  122.8469] falseroot[globals]: addr=0x150ea4 value=0x18f003e (heap+24690366)
[  122.8469] falseroot[globals]: addr=0x150f88 value=0x164260 (heap+224)
[  122.8470] falseroot[globals]: addr=0x150fe4 value=0x373063 (heap+2158307)
[  122.8470] falseroot[globals]: addr=0x1515bc value=0xa22821 (heap+9168545)
[  122.8470] falseroot[globals]: addr=0x1515c0 value=0xc01025 (heap+11128485)
[  122.8470] falseroot[globals]: addr=0x1515c4 value=0xa22823 (heap+9168547)
[  122.8471] falseroot[globals]: addr=0x1515d0 value=0xa21821 (heap+9164449)
[  122.8471] falseroot[globals]: addr=0x151604 value=0x431024 (heap+2936484)
[  122.8471] falseroot[globals]: addr=0x151668 value=0x431025 (heap+2936485)
[  122.8471] falseroot[globals]: addr=0x1516c8 value=0xc52821 (heap+11462305)
[  122.8472] falseroot[globals]: addr=0x1516e8 value=0xc5102b (heap+11456171)
[  122.8472] falseroot[globals]: addr=0x1516f8 value=0x861823 (heap+7329443)
[  122.8472] falseroot[globals]: addr=0x151700 value=0x651821 (heap+5166753)
[  122.8472] falseroot[globals]: addr=0x151704 value=0x463021 (heap+3141281)
[  122.8472] falseroot[globals]: addr=0x151728 value=0xc51021 (heap+11456161)
[  122.8473] falseroot[globals]: addr=0x15176c value=0xa62823 (heap+9430691)
[  122.8473] falseroot[globals]: addr=0x151770 value=0xc52821 (heap+11462305)
[  122.8473] falseroot[globals]: addr=0x151774 value=0xc5102b (heap+11456171)
[  122.8473] falseroot[globals]: addr=0x151788 value=0x663021 (heap+5238433)
[  122.8473] falseroot[globals]: addr=0x15178c value=0x651821 (heap+5166753)
[  122.8474] falseroot[globals]: addr=0x1517f4 value=0xa0f025 (heap+9088677)
[  122.8474] falseroot[globals]: addr=0x1517fc value=0x80b825 (heap+6977189)
[  122.8474] falseroot[globals]: addr=0x151a50 value=0x431021 (heap+2936481)
[  122.8474] falseroot[globals]: addr=0x151ab4 value=0x621016 (heap+4968086)
[  122.8474] falseroot[globals]: addr=0x151b48 value=0x801025 (heap+6934181)
[  122.8474] falseroot[globals]: addr=0x151ba8 value=0x801025 (heap+6934181)
[  122.8475] falseroot[globals]: addr=0x151c28 value=0x43102b (heap+2936491)
[  122.8475] falseroot[globals]: addr=0x151e60 value=0x431021 (heap+2936481)
[  122.8475] falseroot[globals]: addr=0x151ebc value=0x99c804 (heap+8619652)
[  122.8475] falseroot[globals]: addr=0x151ecc value=0x19c827 (heap+231079)
[  122.8476] falseroot[globals]: addr=0x151f08 value=0x185302a (heap+24047274)
[  122.8476] falseroot[globals]: addr=0x151f38 value=0x18f182a (heap+24696490)
[  122.8476] falseroot[globals]: addr=0x151f48 value=0x1601825 (heap+21616293)
[  122.8476] falseroot[globals]: addr=0x151f4c value=0x1455021 (heap+19861153)
[  122.8477] falseroot[globals]: addr=0x151f54 value=0x1515021 (heap+20647585)
[  122.8477] falseroot[globals]: addr=0x151fa8 value=0x78382b (heap+6420139)
[  122.8477] falseroot[globals]: addr=0x151fb8 value=0x661825 (heap+5232293)
[  122.8477] falseroot[globals]: addr=0x151fbc value=0x185302a (heap+24047274)
[  122.8478] falseroot[globals]: addr=0x151fc0 value=0x781823 (heap+6411939)
[  122.8478] falseroot[globals]: addr=0x151fd4 value=0x601025 (heap+4837029)
[  122.8478] falseroot[globals]: addr=0x152000 value=0x831804 (heap+7132804)
[  122.8478] falseroot[globals]: addr=0x152010 value=0x661824 (heap+5232292)
[  122.8478] falseroot[globals]: addr=0x152074 value=0x601025 (heap+4837029)
[  122.8479] falseroot[globals]: addr=0x1520f0 value=0x80a025 (heap+6971045)
[  122.8479] falseroot[globals]: addr=0x1520f8 value=0x929821 (heap+8148641)
[  122.8479] falseroot[globals]: addr=0x1520fc value=0x431025 (heap+2936485)
[  122.8479] falseroot[globals]: addr=0x152100 value=0xc0a825 (heap+11167397)
[  122.8479] falseroot[globals]: addr=0x152104 value=0xa0b025 (heap+9072293)
[  122.8479] falseroot[globals]: addr=0x15214c value=0x72502b (heap+6033067)
[  122.8479] falseroot[globals]: addr=0x152158 value=0x691825 (heap+5428901)
[  122.8479] falseroot[globals]: addr=0x152168 value=0xeb182a (heap+13948586)
[  122.8479] falseroot[globals]: addr=0x15217c value=0x6b1821 (heap+5559969)
[  122.8480] falseroot[globals]: addr=0x15218c value=0x1831821 (heap+23910049)
[  122.8480] falseroot[globals]: addr=0x152190 value=0x18e7021 (heap+24653473)
[  122.8480] falseroot[globals]: addr=0x1521d8 value=0x18d1821 (heap+24565409)
[  122.8480] falseroot[globals]: addr=0x152340 value=0x1435021 (heap+19730081)
[  122.8480] falseroot[globals]: addr=0x15234c value=0x6a5021 (heap+5508769)
[  122.8484] falseroot[stack]: addr=0x1ffe8b0 value=0x165c20 (heap+6816)
[  122.8484] falseroot[stack]: addr=0x1ffe8d0 value=0x165b30 (heap+6576)
[  122.8484] falseroot[stack]: addr=0x1ffe8d4 value=0x165b30 (heap+6576)
[  122.8485] falseroot[stack]: addr=0x1ffe8d8 value=0x165b38 (heap+6584)
[  122.8485] falseroot[stack]: addr=0x1ffe8e8 value=0x165b30 (heap+6576)
[  122.8485] falseroot[stack]: addr=0x1ffe904 value=0x165b30 (heap+6576)
[  122.8485] falseroot[stack]: addr=0x1ffe944 value=0x165b30 (heap+6576)
[  122.8485] falseroot[stack]: addr=0x1ffe978 value=0x165b30 (heap+6576)
[  122.8485] falseroot[stack]: addr=0x1ffe9c0 value=0x165970 (heap+6128)
[  122.8485] falseroot[stack]: addr=0x1ffe9f4 value=0x1000001 (heap+15318657)
[  122.8485] falseroot[stack]: addr=0x1ffea28 value=0x1010101 (heap+15384449)
[  122.8486] falseroot[stack]: addr=0x1ffea2c value=0x1010101 (heap+15384449)
[  122.8486] falseroot[stack]: addr=0x1ffea34 value=0x1000001 (heap+15318657)
[  122.8486] falseroot[stack]: addr=0x1ffea44 value=0x1000001 (heap+15318657)
[  122.8486] falseroot[stack]: addr=0x1ffeac0 value=0x1800011 (heap+23707281)
[  122.8486] falseroot[stack]: addr=0x1ffeaec value=0x165ac0 (heap+6464)
[  122.8486] falseroot[stack]: addr=0x1ffeb2c value=0x165b00 (heap+6528)
[  122.8487] falseroot[stack]: addr=0x1ffef20 value=0x165970 (heap+6128)
[  122.8487] falseroots: globals 0x150a00-0x163fa0: 240 heap-range words of 19816; stack 0x1ffe890-0x2000000: 18 heap-range words of 1500
[  122.8487] PS2GO-CASE false-roots-2 PASS
[  122.9133] PS2GO-CASE gc-cost RUN
[  158.3492] gccost: empty heap (inuse=13681840): min 5.897871527s avg 5.89817743s
[  188.2632] gccost: 1 MB live (1 x 1MB []byte): min 5.952927084s avg 5.952935416s
[  194.2637] gccost: after 1MB release: inuse=14730512 idle=10048144 objects=48 numgc=37 mallocs=16567 frees=16519 totalalloc=65128811
[  218.3313] gccost: 14833 KB live (16384 x 64B []byte, 16436 objects): min 5.992071181s avg 5.992887731s
[  260.5145] gccost: 14689 KB live (20000 linked objs, 40051 objects): min 6.013083333s avg 6.013575347s
[  266.5649] gccost: after linked release: inuse=14962112 idle=9816544 objects=40051 numgc=49 mallocs=72975 frees=32924 totalalloc=67254467
[  273.6299] fatal error: out of memory
[  273.6300] runtime: abort
[  273.6540] PINE: Client disconnected.
[  273.6629] (VMManager) Pausing...
[  273.6716] Add 273 seconds play time to gcexp -> now 617
[  273.8209] DEV9: DEV9close
[  273.8253] Skipping updating pipeline cache '/home/ricardo/dev/ps2go/tools/pcsx2-gc/data/PCSX2/cache/vulkan_pipelines.bin' due to no changes.
[  273.8285] DEV9: DEV9shutdown
[  273.8286] NVRAM has not changed, not writing to disk.
[  273.8297] PINE: accept() returned error 22
[  273.8399] Releasing host memory for virtual systems...
