[    0.0097] Program Path: /home/ricardo/dev/ps2go/tools/pcsx2/squashfs-root/usr/bin/pcsx2-qt
[    0.0097] AppRoot Directory: /home/ricardo/dev/ps2go/tools/pcsx2/squashfs-root/usr/bin
[    0.0097] Resources Directory: /home/ricardo/dev/ps2go/tools/pcsx2/squashfs-root/usr/bin/resources
[    0.0098] DataRoot Directory: /home/ricardo/dev/ps2go/tools/pcsx2-gc/data/PCSX2
[    0.0098] Loading config from /home/ricardo/dev/ps2go/tools/pcsx2-gc/data/PCSX2/inis/PCSX2.ini.
[    0.0100] Loading secrets from /home/ricardo/dev/ps2go/tools/pcsx2-gc/data/PCSX2/inis/secrets.ini.
[    0.0104] BIOS Directory: /home/ricardo/dev/ps2go/tools/pcsx2-gc/data/PCSX2/bios
[    0.0104] Snapshots Directory: /home/ricardo/dev/ps2go/tools/pcsx2-gc/data/PCSX2/snaps
[    0.0104] Savestates Directory: /home/ricardo/dev/ps2go/tools/pcsx2-gc/data/PCSX2/sstates
[    0.0104] MemoryCards Directory: /home/ricardo/dev/ps2go/tools/pcsx2-gc/data/PCSX2/memcards
[    0.0104] Logs Directory: /home/ricardo/dev/ps2go/tools/pcsx2-gc/data/PCSX2/logs
[    0.0104] Cheats Directory: /home/ricardo/dev/ps2go/tools/pcsx2-gc/data/PCSX2/cheats
[    0.0104] Patches Directory: /home/ricardo/dev/ps2go/tools/pcsx2-gc/data/PCSX2/patches
[    0.0104] Covers Directory: /home/ricardo/dev/ps2go/tools/pcsx2-gc/data/PCSX2/covers
[    0.0104] Game Settings Directory: /home/ricardo/dev/ps2go/tools/pcsx2-gc/data/PCSX2/gamesettings
[    0.0104] Resources Directory: /home/ricardo/dev/ps2go/tools/pcsx2/squashfs-root/usr/bin/resources
[    0.0104] User Resources Directory: /home/ricardo/dev/ps2go/tools/pcsx2-gc/data/PCSX2/resources
[    0.0104] Cache Directory: /home/ricardo/dev/ps2go/tools/pcsx2-gc/data/PCSX2/cache
[    0.0104] Textures Directory: /home/ricardo/dev/ps2go/tools/pcsx2-gc/data/PCSX2/textures
[    0.0104] Input Profile Directory: /home/ricardo/dev/ps2go/tools/pcsx2-gc/data/PCSX2/inputprofiles
[    0.0104] Video Dumping Directory: /home/ricardo/dev/ps2go/tools/pcsx2-gc/data/PCSX2/videos
[    0.0104] Debugger Layouts Directory: /home/ricardo/dev/ps2go/tools/pcsx2-gc/data/PCSX2/inis/debuggerlayouts
[    0.0104] Debugger Settings Directory: /home/ricardo/dev/ps2go/tools/pcsx2-gc/data/PCSX2/inis/debuggersettings
[    0.0106] Loaded translation file for language en-US
[    0.0168] PCSX2 v2.9.12
[    0.0168] Savestate version: 0x9a590000
[    0.0168] 
[    0.0168] 
[    0.0168] Host Machine Init:
[    0.0169]   Operating System = Ubuntu 24.04
[    0.0169]   Available RAM    = 14460 MB (14.12 GB)
[    0.0169]   Physical RAM     = 15986 MB (15.61 GB)
[    0.0169] 
[    0.0169]   Processor        = Intel Core i5-10400
[    0.0169]   Core Count       = 4 cores
[    0.0169]   Thread Count     = 8 threads
[    0.0169]   Cluster Count    = 1 clusters
[    0.0169] CPU Extensions Detected:
[    0.0169]   AVX AVX2
[    0.0169] 
[    0.0169] Allocating host memory for virtual systems...
[    0.0170]   EE Main Memory                   @ 0x000070492B200000 -> 0x0000704934100000 [143mb]
[    0.0170]   IOP Main Memory                  @ 0x0000704934100000 -> 0x000070493C200000 [129mb]
[    0.0170]   VU0/1 On-Chip Memory             @ 0x000070493C200000 -> 0x000070493C300000 [1mb]
[    0.0170]   VTLB Virtual Map                 @ 0x000070493C300000 -> 0x000070493CB00000 [8mb]
[    0.0170]   VTLB Address Map                 @ 0x000070493CB00000 -> 0x000070493CF00000 [4mb]
[    0.0170]   R5900 Recompiler Cache           @ 0x000070493CF00000 -> 0x0000704940F00000 [64mb]
[    0.0170]   R3000A Recompiler Cache          @ 0x0000704940F00000 -> 0x0000704942F00000 [32mb]
[    0.0170]   Micro VU0 Recompiler Cache       @ 0x0000704943F00000 -> 0x0000704947F00000 [64mb]
[    0.0170]   Micro VU1 Recompiler Cache       @ 0x0000704947F00000 -> 0x000070494BF00000 [64mb]
[    0.0170]   VIF0 Unpack Recompiler Cache     @ 0x0000704942F00000 -> 0x0000704943700000 [8mb]
[    0.0170]   VIF1 Unpack Recompiler Cache     @ 0x0000704943700000 -> 0x0000704943F00000 [8mb]
[    0.0170]   VIF Unpack Recompiler Cache      @ 0x000070494BF00000 -> 0x000070494C000000 [1mb]
[    0.0170]   GS Software Renderer             @ 0x000070494C000000 -> 0x0000704950000000 [64mb]
[    0.0189] Fastmem area: 0x70482b200000 - 0x70492b1fffff
[    0.0196] Generating SSE-optimized unpacking functions for VIF interpreters...
[    0.0197] Unpack function generation complete.  Generated function statistics:
[    0.0197]   Reserved buffer    : 1048576 bytes @ 0x000070494BF00000
[    0.0197]   x86 code generated : 7422 bytes
[    0.0197] 
[    0.0201] SDLInputSource: Using Controller DB from resources.
[    0.0445] SDLInputSource: 759 gamepad mappings are loaded.
[    0.0763] Loading BIOS...
[    0.0763] Searching for a BIOS image in '/home/ricardo/dev/ps2go/tools/pcsx2-gc/data/PCSX2/bios'...
[    0.0764] BIOS Found: USA     v02.00(14/06/2004)  Console 20040614-100909
[    0.0764] Using BIOS '/home/ricardo/dev/ps2go/tools/pcsx2-gc/data/PCSX2/bios/SCPH-70012_BIOS_V12_USA_200.BIN' (USA     v02.00(14/06/2004)  Console 20040614-100909 USA)
[    0.0764] BIOS Found: USA     v02.00(14/06/2004)  Console 20040614-100909
[    0.0777] PINE: New client with FD 16 connected.
[    0.0796] BIOS rom1 module not found, skipping...
[    0.0797] BIOS rom2 module not found, skipping...
[    0.0797] Mechacon version: 0x00020603
[    0.0797] Opening CDVD...
[    0.0809] Initializing Elf: 2068768 bytes
[    0.0811] Disc changed to .
[    0.0811]   Name: gcexp [?]
[    0.0811]   Serial: gcexp
[    0.0811]   Version: 
[    0.0811]   CRC: 9057D4F8
[    0.0811] No game settings found (tried '/home/ricardo/dev/ps2go/tools/pcsx2-gc/data/PCSX2/gamesettings/9057D4F8.ini')
[    0.0811] Applying settings...
[    0.0814] [Unsafe Settings] Graphics API is not set to Automatic. This may cause performance problems and graphical issues.
[    0.0814] OSD [unsafe_settings_warning]:  Graphics API is not set to Automatic. This may cause performance problems and graphical issues.
[    0.0815] GameDB: Has not been initialized yet, initializing...
[    0.1347] GameDB: 12841 games on record (loaded in 53.20ms)
[    0.1389] Reopening memory cards...
[    0.1389] McdSlot 0 [File]: Mcd001.ps2 [8 MB, UNFORMATTED]
[    0.1390] McdSlot 1 [File]: Mcd002.ps2 [8 MB, UNFORMATTED]
[    0.1398] HLE Host: Set 'host:' root path to: /home/ricardo/dev/ps2go/experiments/gc/build-gc
[    0.1400] EE/iR5900 Recompiler Reset
[    0.1864] iR3000A Recompiler reset.
[    0.1980] mVU Reset
[    0.1983] mVU Reset
[    0.2065] Resetting host memory for virtual systems...
[    0.4306] Time Zone Offset: GMT+00:00
[    0.4306] Time Zone Location: London
[    0.4306] DST: Winter Time
[    0.4306] Time Format: 24-Hour
[    0.4306] Date Format: YYYY/MM/DD
[    0.4306] System Time Basis: Operating System Time
[    0.4306] Resulting System Time: 2026-09-03 17:55:53
[    0.4306] Close virtual disk tray
[    0.4306] Media already loaded (fast boot)
[    0.4306] Opening GS...
[    0.4310] acquireRenderWindow() recreate=true fullscreen=false render_to_main=false surfaceless=false
[    0.4331] (GetRefreshRateFromXRandR) Modeline is invalid: 0/0/0
[    0.4332] Surface refresh rate: 60 Hz
[    0.4589] VK: Enabling extension: VK_KHR_surface
[    0.4590] VK: Enabling extension: VK_KHR_xlib_surface
[    0.4590] VK: Enabling extension: VK_EXT_surface_maintenance1
[    0.4590] VK: Enabling extension: VK_KHR_get_surface_capabilities2
[    0.4649] No GPU requested, using first (llvmpipe (LLVM 20.1.2, 256 bits))
[    0.4654] 1 vulkan queue families
[    0.4658] VK: Enabling extension: VK_KHR_swapchain
[    0.4658] VK: Enabling extension: VK_KHR_push_descriptor
[    0.4658] VK: Enabling extension: VK_EXT_provoking_vertex
[    0.4658] VK: Enabling extension: VK_EXT_memory_budget
[    0.4658] VK: Enabling extension: VK_EXT_calibrated_timestamps
[    0.4658] VK: Enabling extension: VK_EXT_rasterization_order_attachment_access
[    0.4658] VK: Enabling extension: VK_EXT_attachment_feedback_loop_layout
[    0.4658] VK: Enabling extension: VK_EXT_line_rasterization
[    0.4658] VK: Enabling extension: VK_KHR_driver_properties
[    0.4658] VK: Enabling extension: VK_EXT_swapchain_maintenance1
[    0.4658] VK: Enabling extension: VK_EXT_fragment_shader_interlock
[    0.4775] GPU timing is supported (TS=1 TS valid bits=64, TS period=1.000000)
[    0.4775] GPU pipeline statistics is supported
[    0.4775] VK_EXT_provoking_vertex is supported
[    0.4775] VK_EXT_memory_budget is supported
[    0.4775] VK_EXT_calibrated_timestamps is supported
[    0.4775] VK_EXT_rasterization_order_attachment_access is supported
[    0.4775] VK_EXT_swapchain_maintenance1 is supported
[    0.4775] VK_EXT_full_screen_exclusive is NOT supported
[    0.4775] VK_KHR_driver_properties is supported
[    0.4775] VK_EXT_attachment_feedback_loop_layout is supported
[    0.4775] VK_EXT_fragment_shader_interlock is supported
[    0.4776] Read 85 entries from '/home/ricardo/dev/ps2go/tools/pcsx2-gc/data/PCSX2/cache/vulkan_shaders.idx'
[    0.4780] Creating a swap chain with 3 images in present mode VK_PRESENT_MODE_IMMEDIATE_KHR
[    0.4791] Optional features: primitive_id texture_barrier framebuffer_fetch provoking_vertex_last vs_expand
[    0.4791] Using hardware for point expansion and hardware for line expansion.
[    0.6041] Vulkan Graphics Driver Info:
[    0.6041] Driver 25.2.8
[    0.6041] Vulkan 1.4.318
[    0.6041] Conformance Version 1.3.1.1
[    0.6041] Mesa 25.2.8-0ubuntu0.24.04.2 (LLVM 20.1.2)
[    0.6041] llvmpipe
[    0.6041] llvmpipe (LLVM 20.1.2, 256 bits)
[    0.6066] Opening SPU2...
[    0.6075] Creating Cubeb audio stream, sample rate = 48000, expansion = Disabled, buffer = 50, latency = 20, stretching enabled, driver = , device = 
[    0.6116] Minimum latency: 40 ms (1920 audio frames)
[    0.6117] Minimum latency is above requested latency: 1920 vs 960, adjusting to compensate.
[    0.6118] Allocated buffer of 38400 frames for buffer of 50 ms [expansion Disabled (block size 2048), stretch enabled, target size 2432].
[    0.6120] ReportErrorAsync: Error: Failed to create or configure audio stream, falling back to null output. The error was:
[    0.6120] cubeb_stream_init() failed: CUBEB_ERROR (-1)
[    0.6120] Allocated buffer of 2432 frames for buffer of 50 ms [expansion Disabled (block size 2048), stretch disabled, target size 2432].
[    0.6120] Initializing Pad...
[    0.6121] Initializing SIO2...
[    0.6121] Initializing SIO0...
[    0.6121] Opening DEV9...
[    0.6121] DEV9: DEV9init
[    0.6121] DEV9: DEV9init2
[    0.6121] DEV9: DEV9init3
[    0.6153] DEV9: DEV9init ok
[    0.6153] DEV9: DEV9open
[    0.6153] Opening USB...
[    0.6153] Opening FW...
[    0.6155] Frame rate: 60, target speed: 1, target frame rate: 60, ticks per frame: 16666666
[    0.6198] VM subsystems initialized in 543.70 ms
[    0.6204] Failed to inhibit screen saver.
[    0.6206] Failed to inhibit screen saver.
[    0.6418] # Initialize memory (rev:3.70, ctm:196Mhz, cpuclk:147Mhz detected)
[    0.6720] R3000 Debugger: Branch to 0x890 (SYSMEM). Clearing modules.
[    0.6743] RegisterLibraryEntries: excepman version 1.01
[    0.6764] RegisterLibraryEntries:  intrman version 1.02
[    0.6765] RegisterLibraryEntries:   ssbusc version 1.01
[    0.6768] RegisterLibraryEntries:  dmacman version 1.02
[    0.6773] RegisterLibraryEntries:  timrman version 1.01
[    0.6775] RegisterLibraryEntries:  sysclib version 1.01
[    0.6776] RegisterLibraryEntries:    stdio version 1.01
[    0.6777] RegisterLibraryEntries:  heaplib version 1.01
[    0.6783] FW: read mem 0x1f80847c: 0x10000001
[    0.6783] FW: write mem 0x1f808414: 0x417f0000
[    0.6783] FW: read mem 0x1f808400: 0xffc00001
[    0.6783] FW: write mem 0x1f80844c: 0xffffffff
[    0.6783] FW: write mem 0x1f808420: 0xffffffff
[    0.6783] FW: write mem 0x1f808428: 0xffffffff
[    0.6783] FW: write mem 0x1f808430: 0xffffffff
[    0.6796] RegisterLibraryEntries:   thbase version 1.01
[    0.6797] RegisterLibraryEntries:  thevent version 1.01
[    0.6797] RegisterLibraryEntries:  thsemap version 1.01
[    0.6797] RegisterLibraryEntries:  thmsgbx version 1.01
[    0.6798] RegisterLibraryEntries:  thfpool version 1.01
[    0.6798] RegisterLibraryEntries:  thvpool version 1.01
[    0.6809] RegisterLibraryEntries:   vblank version 1.01
[    0.6814] RegisterLibraryEntries:    ioman version 1.02
[    0.6821] RegisterLibraryEntries:  modload version 1.01
[    0.6824] RegisterLibraryEntries:   romdrv version 2.01
[    0.6825] RegisterLibraryEntries:    stdio version 1.02
[    0.6829] RegisterLibraryEntries:   sifman version 1.01
[    0.6831] 
[    0.6831] PlayStation 2 ======== Hard reset boot
[    0.6833]  ROMGEN=2004-0614, IOP info (CPUID=1f, CACH_CONFIG=0, 2MB, IOP mode)
[    0.6834]  <20040614-100909,ROMconf,PS20200AC20040614.bin:11696>
[    0.6870] # Total accessable memory size: 32 MB (B:2:8:0) (370:2:7c30)
[    0.6880] # TLB spad=0 kernel=1:12 default=13:30 extended=31:38
[    0.7723] # Initialize Start.
[    0.7727] # Initialize GS ...
[    0.7728] # Initialize INTC ...
[    0.7728] # Initialize TIMER ...
[    0.7728] # Initialize DMAC ...
[    0.7729] # Initialize VU1 ...
[    0.7732] # Initialize VIF1 ...
[    0.7733] # Initialize GIF ...
[    0.7733] # Initialize VU0 ...
[    0.7734] # Initialize VIF0 ...
[    0.7735] # Initialize IPU ...
[    0.7736] # Initialize FPU ...
[    0.7736] # Initialize User Memory ...
[    0.8087] # Initialize Scratch Pad ...
[    0.8088] # Initialize Done.
[    0.8096] 
[    0.8096] EE DECI2 Manager version 0.06 Feb  6 2003 08:38:48
[    0.8096]   CPUID=2e20, BoardID=0, ROMGEN=2004-0614, 32M
[    0.8096] 
[    0.8098] RegisterLibraryEntries:   sifcmd version 1.01
[    0.8116] Initializing Elf: 2068768 bytes
[    0.8126] ELF Loading: host:gcexp.elf, Game CRC = 9057D4F8, EntryPoint = 0x00100AE0
[    0.8151] RegisterLibraryEntries:  cdvdman version 1.01
[    0.8220] RegisterLibraryEntries:  cdvdfsv version 1.01
[    0.8240] RegisterLibraryEntries:  secrman version 1.03
[    0.8241] RegisterLibraryEntries:   eesync version 1.01
[    0.8242] 
[    0.8242] IOP Realtime Kernel Ver.0.9.1
[    0.8243]     Copyright 1999 (C) Sony Computer Entertainment Inc. 
[    0.8248] Reboot service module.(99/11/10)
[    0.8268] cdvd driver module version 0.1.1 (C)SCEI
[    0.8272] Load File service.(99/11/05)
[    0.8273] Multi Threaded Fileio module.(99/11/15) 
[    0.8273] iop heap service (99/11/03)
[    0.8548] loadelf: fname host:gcexp.elf secname all
[    0.8548] loadelf version 3.30
[    0.8553] Input ELF format filename = host:gcexp.elf
[    0.8560] 1 00100000 0005d408 ......
[    0.8560] Loaded, host:gcexp.elf
[    0.8560] start address 0x100ae0
[    0.8561] gp address 00000000
[    0.8566] # Restart Without Memory Clear.
[    0.8706] # Initialize GS ...
[    0.8707] # Initialize INTC ...
[    0.8707] # Initialize TIMER ...
[    0.8707] # Initialize DMAC ...
[    0.8707] # Initialize VU1 ...
[    0.8710] # Initialize VIF1 ...
[    0.8710] # Initialize GIF ...
[    0.8710] # Initialize VU0 ...
[    0.8710] # Initialize VIF0 ...
[    0.8710] # Initialize IPU ...
[    0.8711] # Initialize FPU ...
[    0.8711] # Initialize Scratch Pad ...
[    0.8711] # Restart Without Memory Clear Done.
[    0.8712] ELF host:gcexp.elf with entry point at 0x00100AE0 is executing.
[    0.8712] ELF changed, active CRC 9057D4F8 (host:gcexp.elf)
[    0.8717] Applying core settings...
[    0.8726] Updating CPU configuration...
[    0.8726] iR3000A Recompiler reset.
[    0.8784] mVU Reset
[    0.8784] mVU Reset
[    0.8967] iR3000A Recompiler reset.
[    0.9019] mVU Reset
[    0.9019] mVU Reset
[    0.9068] EE/iR5900 Recompiler Reset
[    0.9273] BIOS: Successfully found the instruction pattern. Assuming the thread list is here: 8001a640
[    0.9294] Warning: GetOsdConfigParam2 Reading extended language/version configs, may be incorrect!
[    0.9414] PS2GO-BEGIN 17
[    0.9417] PS2GO-CASE layout RUN
[    0.9421] layout: text=0x100000 data=0x150580-0x15d408 bss=0x15d480-0x163a30 sp=0x1ffe9d0
[    0.9424] layout: heap=0x163c10-0x1963c10 (25165824 bytes) heapStart%16=0 heapStart%64=16
[    1.0042] layout: before GC: inuse=1200 idle=24777456 objects=13 numgc=0 mallocs=13 frees=0 totalalloc=1017
[    1.3313] layout: after GC: inuse=880 idle=24777776 objects=12 numgc=1 mallocs=21 frees=9 totalalloc=1170
[    1.3325] PS2GO-CASE layout PASS
[    1.3901] PS2GO-CASE gc-cost RUN
[    3.0828] gccost: empty heap (inuse=832): min 271.923611ms avg 271.928819ms
[    4.9891] gccost: 1 MB live (1 x 1MB []byte): min 353.878472ms avg 354.195833ms
[    5.3929] gccost: after 1MB release: inuse=1057712 idle=23720944 objects=16 numgc=13 mallocs=69 frees=53 totalalloc=1072727
[    7.2224] gccost: 2500 KB live (16384 x 64B []byte, 16403 objects): min 436.4375ms avg 436.528935ms
[   11.0378] gccost: 3831 KB live (20000 linked objs, 56401 objects): min 541.046875ms avg 541.063194ms
[   11.6045] gccost: after linked release: inuse=3600544 idle=21178112 objects=48726 numgc=25 mallocs=56499 frees=7773 totalalloc=3220897
[   19.3234] gccost: 11702 KB live (8 x 1MB []byte): min 1.097222222s avg 1.097780902s
[   20.4559] gccost: after 8MB release: inuse=11988112 idle=12790544 objects=48732 numgc=32 mallocs=56533 frees=7801 totalalloc=11621166
[   26.4220] gccost: 17590 KB live (65536 x 64B []byte, 114269 objects): min 1.429755208s avg 1.430139467s
[   27.9044] gccost: after 65536 release: inuse=18017440 idle=6761216 objects=114269 numgc=37 mallocs=122096 frees=7827 totalalloc=16613494
[   35.0223] gccost: sp at depth 240 = 0x1ffadb0 (21072 bytes of stack in use)
[   42.1712] gccost: stack scan: shallow 1.423736112s, with 100 KB of stack in use 1.428671875s (delta 4.935763ms)
[   42.1712] PS2GO-CASE gc-cost PASS
[   42.2215] PS2GO-CASE finalizers RUN
[   43.6551] finalizer: after 1st GC: ran=0 id=0 allocOK=false
[   46.5214] finalizer: after 3 GCs: ran=0
[   46.5219] PS2GO-CASE finalizers FAIL finalizer never ran
[   46.5725] PS2GO-CASE c-memory-pointer RUN
[   46.5726] cmem: C slot at 0x1963c20 (outside Go heap 0x163c10-0x1963c10: true)
[   49.6731] cmem: objects before GC 114299, after 114271; intact after GC: false; intact after churn: false
[   49.6731] cmem: as expected, the object referenced only from C memory was collected and its memory reused
[   49.6732] PS2GO-CASE c-memory-pointer PASS
[   49.7383] PS2GO-CASE false-retention RUN
[   63.3209] retention[zeros]: allocated 6094 KB dead; after GC1 inuse=17821 KB (retained 18014398509481983 KB, 18446744073709551612 objs), after GC2 17821 KB (18446744073709551612 objs)
[   78.5049] retention[high-bit-set]: allocated 6093 KB dead; after GC1 inuse=17821 KB (retained 18014398509481978 KB, 18446744073709551611 objs), after GC2 17821 KB (18446744073709551611 objs)
[   93.2211] retention[sequential-bytes]: allocated 6093 KB dead; after GC1 inuse=17821 KB (retained 18014398509481978 KB, 18446744073709551611 objs), after GC2 17821 KB (18446744073709551611 objs)
[  107.2052] retention[0x00RRGGBB-words]: allocated 6093 KB dead; after GC1 inuse=17821 KB (retained 18014398509481978 KB, 18446744073709551611 objs), after GC2 17821 KB (18446744073709551611 objs)
[  121.3546] retention[small-ints]: allocated 6093 KB dead; after GC1 inuse=17821 KB (retained 18014398509481978 KB, 18446744073709551611 objs), after GC2 17821 KB (18446744073709551611 objs)
[  121.3547] PS2GO-CASE false-retention PASS
[  121.4054] PS2GO-CASE drop-patterns RUN
[  124.5216] drop[same-frame nil]: retained 478 KB / 2002 objects
[  126.1541] drop[dropped in callee]: retained 514 KB / 2005 objects
[  127.6730] drop[same-frame overwrite]: retained 0 KB / 3 objects
[  129.1722] drop[global nil]: retained 0 KB / 6 objects
[  129.1723] PS2GO-CASE drop-patterns PASS
[  129.2377] PS2GO-CASE small-objects RUN
[  136.3377] small: end: inuse=18730976 idle=6047680 objects=126287 numgc=105 mallocs=453936 frees=327649 totalalloc=106915431
[  136.3378] small: kept 6000 objects, natural GCs during run: 3
[  136.3378] PS2GO-CASE small-objects PASS
[  136.3886] PS2GO-CASE maps-strings RUN
[  146.2720] maps: end: inuse=18337264 idle=6441392 objects=116512 numgc=110 mallocs=781861 frees=665349 totalalloc=116351345
[  146.2721] maps: 167 entries live, GCs: 5
[  146.2721] PS2GO-CASE maps-strings PASS
[  146.3375] PS2GO-CASE slice-of-pointers RUN
[  162.1883] ptrslices: end: inuse=18567696 idle=6210960 objects=116303 numgc=120 mallocs=808959 frees=692656 totalalloc=129905377
[  162.1884] ptrslices: 10 slices kept, GCs: 10
[  162.1885] PS2GO-CASE slice-of-pointers PASS
[  162.2542] PS2GO-CASE interior-pointers RUN
[  165.2039] interior: end-pointer object (0x141a780, len 4088) survived: true
[  165.2040] PS2GO-CASE interior-pointers PASS
[  165.2551] PS2GO-CASE globals-only RUN
[  165.2552] globals: &gDataSlot=0x150b28 in .data=true; &gBssSlot=0x15d758 in .bss=true; &gDataPtr=0x150b34 in .data=true; &gBssPtr=0x15d764 in .bss=true
[  168.1874] PS2GO-CASE globals-only PASS
[  168.2381] PS2GO-CASE stack-deep RUN
[  168.2543] stack: at depth 120, sp=0x1ffbd50 (17072 bytes used of 128K)
[  171.2554] PS2GO-CASE stack-deep PASS
[  171.3210] PS2GO-CASE closures RUN
[  176.0380] PS2GO-CASE closures PASS
[  176.0885] PS2GO-CASE natural-gc RUN
[  178.8045] natural: GC #130 after 8158000 bytes allocated; inuse=20144848 kept=40
[  181.4560] natural: GC #131 after 16316000 bytes allocated; inuse=21891424 kept=80
[  183.5064] natural: GC #132 after 20395000 bytes allocated; inuse=19564080 kept=100
[  183.5065] PS2GO-CASE natural-gc PASS
[  183.5716] PS2GO-CASE leak-cycles RUN
[  185.0558] leak: baseline: inuse=18253472 idle=6525184 objects=114297 numgc=133 mallocs=845470 frees=731173 totalalloc=178758447
[  187.3882] leak: cycle 0 inuse=21634672 (delta +3301 KB) objects=119311
[  187.4390] PS2GO-CASE leak-cycles FAIL stopping before cycle 1: only 3070 KB idle (retained 3302 KB)
[  187.5046] PS2GO-CASE leak-cycles-via-call RUN
[  189.5548] leak: baseline: inuse=20428640 idle=4350016 objects=116308 numgc=135 mallocs=856296 frees=739988 totalalloc=182269920
[  189.6058] PS2GO-CASE leak-cycles-via-call FAIL stopping before cycle 0: only 4247 KB idle (retained 0 KB)
[  189.6710] PS2GO-CASE large-objects RUN
[  190.8225] large: round 0: no free run for 1048576 bytes before GC (largest 248 KB, free 2729 KB in 2017 runs); collecting
[  192.6720] large: round 0 after GC: free=4605 KB in 47 runs, largest run=931 KB, runs>=64K: 17, runs>=1M: 0
[  192.7224] large: FRAGMENTED: inuse=20062416 idle=4716240 objects=114306 numgc=136 mallocs=856335 frees=742029 totalalloc=183825288
[  192.7226] PS2GO-CASE large-objects FAIL round 0: cannot allocate 1048576 bytes: idle=4605 KB but largest free run=931 KB (114306 objects live, 6 kept)
[  192.7884] PS2GO-RESULT FAIL 13/17
[  192.7922] PINE: Client disconnected.
[  192.8038] (VMManager) Pausing...
[  192.8057] Add 192 seconds play time to gcexp -> now 344
[  192.9345] DEV9: DEV9close
[  192.9396] Skipping updating pipeline cache '/home/ricardo/dev/ps2go/tools/pcsx2-gc/data/PCSX2/cache/vulkan_pipelines.bin' due to no changes.
[  192.9437] DEV9: DEV9shutdown
[  192.9438] NVRAM has not changed, not writing to disk.
[  192.9556] Releasing host memory for virtual systems...
