[    0.0105] Program Path: /home/ricardo/dev/ps2go/tools/pcsx2/squashfs-root/usr/bin/pcsx2-qt
[    0.0105] AppRoot Directory: /home/ricardo/dev/ps2go/tools/pcsx2/squashfs-root/usr/bin
[    0.0105] Resources Directory: /home/ricardo/dev/ps2go/tools/pcsx2/squashfs-root/usr/bin/resources
[    0.0106] DataRoot Directory: /home/ricardo/dev/ps2go/tools/pcsx2-gc2/data/PCSX2
[    0.0106] Loading config from /home/ricardo/dev/ps2go/tools/pcsx2-gc2/data/PCSX2/inis/PCSX2.ini.
[    0.0108] Loading secrets from /home/ricardo/dev/ps2go/tools/pcsx2-gc2/data/PCSX2/inis/secrets.ini.
[    0.0112] BIOS Directory: /home/ricardo/dev/ps2go/tools/pcsx2-gc2/data/PCSX2/bios
[    0.0112] Snapshots Directory: /home/ricardo/dev/ps2go/tools/pcsx2-gc2/data/PCSX2/snaps
[    0.0112] Savestates Directory: /home/ricardo/dev/ps2go/tools/pcsx2-gc2/data/PCSX2/sstates
[    0.0112] MemoryCards Directory: /home/ricardo/dev/ps2go/tools/pcsx2-gc2/data/PCSX2/memcards
[    0.0112] Logs Directory: /home/ricardo/dev/ps2go/tools/pcsx2-gc2/data/PCSX2/logs
[    0.0112] Cheats Directory: /home/ricardo/dev/ps2go/tools/pcsx2-gc2/data/PCSX2/cheats
[    0.0112] Patches Directory: /home/ricardo/dev/ps2go/tools/pcsx2-gc2/data/PCSX2/patches
[    0.0112] Covers Directory: /home/ricardo/dev/ps2go/tools/pcsx2-gc2/data/PCSX2/covers
[    0.0112] Game Settings Directory: /home/ricardo/dev/ps2go/tools/pcsx2-gc2/data/PCSX2/gamesettings
[    0.0112] Resources Directory: /home/ricardo/dev/ps2go/tools/pcsx2/squashfs-root/usr/bin/resources
[    0.0112] User Resources Directory: /home/ricardo/dev/ps2go/tools/pcsx2-gc2/data/PCSX2/resources
[    0.0112] Cache Directory: /home/ricardo/dev/ps2go/tools/pcsx2-gc2/data/PCSX2/cache
[    0.0112] Textures Directory: /home/ricardo/dev/ps2go/tools/pcsx2-gc2/data/PCSX2/textures
[    0.0112] Input Profile Directory: /home/ricardo/dev/ps2go/tools/pcsx2-gc2/data/PCSX2/inputprofiles
[    0.0112] Video Dumping Directory: /home/ricardo/dev/ps2go/tools/pcsx2-gc2/data/PCSX2/videos
[    0.0112] Debugger Layouts Directory: /home/ricardo/dev/ps2go/tools/pcsx2-gc2/data/PCSX2/inis/debuggerlayouts
[    0.0112] Debugger Settings Directory: /home/ricardo/dev/ps2go/tools/pcsx2-gc2/data/PCSX2/inis/debuggersettings
[    0.0114] Loaded translation file for language en-US
[    0.0170] PCSX2 v2.9.12
[    0.0170] Savestate version: 0x9a590000
[    0.0170] 
[    0.0170] 
[    0.0170] Host Machine Init:
[    0.0170]   Operating System = Ubuntu 24.04
[    0.0170]   Available RAM    = 13962 MB (13.63 GB)
[    0.0170]   Physical RAM     = 15986 MB (15.61 GB)
[    0.0170] 
[    0.0171]   Processor        = Intel Core i5-10400
[    0.0171]   Core Count       = 4 cores
[    0.0171]   Thread Count     = 8 threads
[    0.0171]   Cluster Count    = 1 clusters
[    0.0171] CPU Extensions Detected:
[    0.0171]   AVX AVX2
[    0.0171] 
[    0.0171] Allocating host memory for virtual systems...
[    0.0171]   EE Main Memory                   @ 0x000076BEEF200000 -> 0x000076BEF8100000 [143mb]
[    0.0171]   IOP Main Memory                  @ 0x000076BEF8100000 -> 0x000076BF00200000 [129mb]
[    0.0171]   VU0/1 On-Chip Memory             @ 0x000076BF00200000 -> 0x000076BF00300000 [1mb]
[    0.0171]   VTLB Virtual Map                 @ 0x000076BF00300000 -> 0x000076BF00B00000 [8mb]
[    0.0171]   VTLB Address Map                 @ 0x000076BF00B00000 -> 0x000076BF00F00000 [4mb]
[    0.0171]   R5900 Recompiler Cache           @ 0x000076BF00F00000 -> 0x000076BF04F00000 [64mb]
[    0.0171]   R3000A Recompiler Cache          @ 0x000076BF04F00000 -> 0x000076BF06F00000 [32mb]
[    0.0171]   Micro VU0 Recompiler Cache       @ 0x000076BF07F00000 -> 0x000076BF0BF00000 [64mb]
[    0.0171]   Micro VU1 Recompiler Cache       @ 0x000076BF0BF00000 -> 0x000076BF0FF00000 [64mb]
[    0.0171]   VIF0 Unpack Recompiler Cache     @ 0x000076BF06F00000 -> 0x000076BF07700000 [8mb]
[    0.0171]   VIF1 Unpack Recompiler Cache     @ 0x000076BF07700000 -> 0x000076BF07F00000 [8mb]
[    0.0171]   VIF Unpack Recompiler Cache      @ 0x000076BF0FF00000 -> 0x000076BF10000000 [1mb]
[    0.0171]   GS Software Renderer             @ 0x000076BF10000000 -> 0x000076BF14000000 [64mb]
[    0.0191] Fastmem area: 0x76bdef200000 - 0x76beef1fffff
[    0.0199] Generating SSE-optimized unpacking functions for VIF interpreters...
[    0.0199] Unpack function generation complete.  Generated function statistics:
[    0.0199]   Reserved buffer    : 1048576 bytes @ 0x000076BF0FF00000
[    0.0199]   x86 code generated : 7422 bytes
[    0.0199] 
[    0.0202] SDLInputSource: Using Controller DB from resources.
[    0.0375] SDLInputSource: 759 gamepad mappings are loaded.
[    0.0670] Loading BIOS...
[    0.0670] Searching for a BIOS image in '/home/ricardo/dev/ps2go/tools/pcsx2-gc2/data/PCSX2/bios'...
[    0.0671] BIOS Found: USA     v02.00(14/06/2004)  Console 20040614-100909
[    0.0671] Using BIOS '/home/ricardo/dev/ps2go/tools/pcsx2-gc2/data/PCSX2/bios/SCPH-70012_BIOS_V12_USA_200.BIN' (USA     v02.00(14/06/2004)  Console 20040614-100909 USA)
[    0.0671] BIOS Found: USA     v02.00(14/06/2004)  Console 20040614-100909
[    0.0697] BIOS rom1 module not found, skipping...
[    0.0697] BIOS rom2 module not found, skipping...
[    0.0698] Mechacon version: 0x00020603
[    0.0698] Opening CDVD...
[    0.0709] Initializing Elf: 2072112 bytes
[    0.0710] Disc changed to .
[    0.0710]   Name: gcexp [?]
[    0.0710]   Serial: gcexp
[    0.0710]   Version: 
[    0.0710]   CRC: 58FEA688
[    0.0711] No game settings found (tried '/home/ricardo/dev/ps2go/tools/pcsx2-gc2/data/PCSX2/gamesettings/58FEA688.ini')
[    0.0711] Applying settings...
[    0.0714] [Unsafe Settings] Graphics API is not set to Automatic. This may cause performance problems and graphical issues.
[    0.0714] OSD [unsafe_settings_warning]:  Graphics API is not set to Automatic. This may cause performance problems and graphical issues.
[    0.0714] GameDB: Has not been initialized yet, initializing...
[    0.0813] PINE: New client with FD 16 connected.
[    0.1209] GameDB: 12841 games on record (loaded in 49.47ms)
[    0.1244] Reopening memory cards...
[    0.1245] McdSlot 0 [File]: Mcd001.ps2 [8 MB, UNFORMATTED]
[    0.1245] McdSlot 1 [File]: Mcd002.ps2 [8 MB, UNFORMATTED]
[    0.1253] HLE Host: Set 'host:' root path to: /home/ricardo/dev/ps2go/experiments/gc/build-gc-precise
[    0.1254] EE/iR5900 Recompiler Reset
[    0.1731] iR3000A Recompiler reset.
[    0.1858] mVU Reset
[    0.1862] mVU Reset
[    0.1951] Resetting host memory for virtual systems...
[    0.4466] Time Zone Offset: GMT+00:00
[    0.4466] Time Zone Location: London
[    0.4466] DST: Winter Time
[    0.4466] Time Format: 24-Hour
[    0.4466] Date Format: YYYY/MM/DD
[    0.4466] System Time Basis: Operating System Time
[    0.4466] Resulting System Time: 2026-09-03 17:54:06
[    0.4466] Close virtual disk tray
[    0.4466] Media already loaded (fast boot)
[    0.4466] Opening GS...
[    0.4471] acquireRenderWindow() recreate=true fullscreen=false render_to_main=false surfaceless=false
[    0.4498] (GetRefreshRateFromXRandR) Modeline is invalid: 0/0/0
[    0.4498] Surface refresh rate: 60 Hz
[    0.4801] VK: Enabling extension: VK_KHR_surface
[    0.4801] VK: Enabling extension: VK_KHR_xlib_surface
[    0.4801] VK: Enabling extension: VK_EXT_surface_maintenance1
[    0.4801] VK: Enabling extension: VK_KHR_get_surface_capabilities2
[    0.4873] No GPU requested, using first (llvmpipe (LLVM 20.1.2, 256 bits))
[    0.4879] 1 vulkan queue families
[    0.4885] VK: Enabling extension: VK_KHR_swapchain
[    0.4885] VK: Enabling extension: VK_KHR_push_descriptor
[    0.4885] VK: Enabling extension: VK_EXT_provoking_vertex
[    0.4885] VK: Enabling extension: VK_EXT_memory_budget
[    0.4885] VK: Enabling extension: VK_EXT_calibrated_timestamps
[    0.4885] VK: Enabling extension: VK_EXT_rasterization_order_attachment_access
[    0.4885] VK: Enabling extension: VK_EXT_attachment_feedback_loop_layout
[    0.4885] VK: Enabling extension: VK_EXT_line_rasterization
[    0.4885] VK: Enabling extension: VK_KHR_driver_properties
[    0.4885] VK: Enabling extension: VK_EXT_swapchain_maintenance1
[    0.4885] VK: Enabling extension: VK_EXT_fragment_shader_interlock
[    0.5021] GPU timing is supported (TS=1 TS valid bits=64, TS period=1.000000)
[    0.5021] GPU pipeline statistics is supported
[    0.5022] VK_EXT_provoking_vertex is supported
[    0.5022] VK_EXT_memory_budget is supported
[    0.5022] VK_EXT_calibrated_timestamps is supported
[    0.5022] VK_EXT_rasterization_order_attachment_access is supported
[    0.5022] VK_EXT_swapchain_maintenance1 is supported
[    0.5022] VK_EXT_full_screen_exclusive is NOT supported
[    0.5022] VK_KHR_driver_properties is supported
[    0.5022] VK_EXT_attachment_feedback_loop_layout is supported
[    0.5022] VK_EXT_fragment_shader_interlock is supported
[    0.5023] Read 85 entries from '/home/ricardo/dev/ps2go/tools/pcsx2-gc2/data/PCSX2/cache/vulkan_shaders.idx'
[    0.5025] Creating a swap chain with 3 images in present mode VK_PRESENT_MODE_IMMEDIATE_KHR
[    0.5036] Optional features: primitive_id texture_barrier framebuffer_fetch provoking_vertex_last vs_expand
[    0.5036] Using hardware for point expansion and hardware for line expansion.
[    0.6530] Vulkan Graphics Driver Info:
[    0.6530] Driver 25.2.8
[    0.6530] Vulkan 1.4.318
[    0.6530] Conformance Version 1.3.1.1
[    0.6530] Mesa 25.2.8-0ubuntu0.24.04.2 (LLVM 20.1.2)
[    0.6530] llvmpipe
[    0.6530] llvmpipe (LLVM 20.1.2, 256 bits)
[    0.6557] Opening SPU2...
[    0.6566] Creating Cubeb audio stream, sample rate = 48000, expansion = Disabled, buffer = 50, latency = 20, stretching enabled, driver = , device = 
[    0.6611] Minimum latency: 40 ms (1920 audio frames)
[    0.6611] Minimum latency is above requested latency: 1920 vs 960, adjusting to compensate.
[    0.6612] Allocated buffer of 38400 frames for buffer of 50 ms [expansion Disabled (block size 2048), stretch enabled, target size 2432].
[    0.6615] ReportErrorAsync: Error: Failed to create or configure audio stream, falling back to null output. The error was:
[    0.6615] cubeb_stream_init() failed: CUBEB_ERROR (-1)
[    0.6615] Allocated buffer of 2432 frames for buffer of 50 ms [expansion Disabled (block size 2048), stretch disabled, target size 2432].
[    0.6615] Initializing Pad...
[    0.6615] Initializing SIO2...
[    0.6615] Initializing SIO0...
[    0.6615] Opening DEV9...
[    0.6615] DEV9: DEV9init
[    0.6616] DEV9: DEV9init2
[    0.6616] DEV9: DEV9init3
[    0.6653] DEV9: DEV9init ok
[    0.6654] DEV9: DEV9open
[    0.6654] Opening USB...
[    0.6654] Opening FW...
[    0.6656] Frame rate: 60, target speed: 1, target frame rate: 60, ticks per frame: 16666666
[    0.6707] VM subsystems initialized in 603.92 ms
[    0.6713] Failed to inhibit screen saver.
[    0.6715] Failed to inhibit screen saver.
[    0.6893] # Initialize memory (rev:3.70, ctm:196Mhz, cpuclk:147Mhz detected)
[    0.6997] R3000 Debugger: Branch to 0x890 (SYSMEM). Clearing modules.
[    0.7011] RegisterLibraryEntries: excepman version 1.01
[    0.7019] RegisterLibraryEntries:  intrman version 1.02
[    0.7020] RegisterLibraryEntries:   ssbusc version 1.01
[    0.7023] RegisterLibraryEntries:  dmacman version 1.02
[    0.7026] RegisterLibraryEntries:  timrman version 1.01
[    0.7028] RegisterLibraryEntries:  sysclib version 1.01
[    0.7029] RegisterLibraryEntries:    stdio version 1.01
[    0.7030] RegisterLibraryEntries:  heaplib version 1.01
[    0.7034] FW: read mem 0x1f80847c: 0x10000001
[    0.7034] FW: write mem 0x1f808414: 0x417f0000
[    0.7034] FW: read mem 0x1f808400: 0xffc00001
[    0.7034] FW: write mem 0x1f80844c: 0xffffffff
[    0.7034] FW: write mem 0x1f808420: 0xffffffff
[    0.7034] FW: write mem 0x1f808428: 0xffffffff
[    0.7034] FW: write mem 0x1f808430: 0xffffffff
[    0.7042] RegisterLibraryEntries:   thbase version 1.01
[    0.7043] RegisterLibraryEntries:  thevent version 1.01
[    0.7044] RegisterLibraryEntries:  thsemap version 1.01
[    0.7044] RegisterLibraryEntries:  thmsgbx version 1.01
[    0.7044] RegisterLibraryEntries:  thfpool version 1.01
[    0.7045] RegisterLibraryEntries:  thvpool version 1.01
[    0.7054] RegisterLibraryEntries:   vblank version 1.01
[    0.7058] RegisterLibraryEntries:    ioman version 1.02
[    0.7064] RegisterLibraryEntries:  modload version 1.01
[    0.7068] RegisterLibraryEntries:   romdrv version 2.01
[    0.7070] RegisterLibraryEntries:    stdio version 1.02
[    0.7073] RegisterLibraryEntries:   sifman version 1.01
[    0.7076] 
[    0.7076] PlayStation 2 ======== Hard reset boot
[    0.7078]  ROMGEN=2004-0614, IOP info (CPUID=1f, CACH_CONFIG=0, 2MB, IOP mode)
[    0.7080]  <20040614-100909,ROMconf,PS20200AC20040614.bin:11696>
[    0.7121] # Total accessable memory size: 32 MB (B:2:8:0) (370:2:7c30)
[    0.7133] # TLB spad=0 kernel=1:12 default=13:30 extended=31:38
[    0.8073] # Initialize Start.
[    0.8077] # Initialize GS ...
[    0.8078] # Initialize INTC ...
[    0.8078] # Initialize TIMER ...
[    0.8078] # Initialize DMAC ...
[    0.8080] # Initialize VU1 ...
[    0.8084] # Initialize VIF1 ...
[    0.8085] # Initialize GIF ...
[    0.8085] # Initialize VU0 ...
[    0.8087] # Initialize VIF0 ...
[    0.8088] # Initialize IPU ...
[    0.8089] # Initialize FPU ...
[    0.8090] # Initialize User Memory ...
[    0.8449] # Initialize Scratch Pad ...
[    0.8450] # Initialize Done.
[    0.8457] 
[    0.8458] EE DECI2 Manager version 0.06 Feb  6 2003 08:38:48
[    0.8458]   CPUID=2e20, BoardID=0, ROMGEN=2004-0614, 32M
[    0.8458] 
[    0.8460] RegisterLibraryEntries:   sifcmd version 1.01
[    0.8477] Initializing Elf: 2072112 bytes
[    0.8487] ELF Loading: host:gcexp.elf, Game CRC = 58FEA688, EntryPoint = 0x00100AE0
[    0.8513] RegisterLibraryEntries:  cdvdman version 1.01
[    0.8561] RegisterLibraryEntries:  cdvdfsv version 1.01
[    0.8574] RegisterLibraryEntries:  secrman version 1.03
[    0.8575] RegisterLibraryEntries:   eesync version 1.01
[    0.8577] 
[    0.8577] IOP Realtime Kernel Ver.0.9.1
[    0.8577]     Copyright 1999 (C) Sony Computer Entertainment Inc. 
[    0.8582] Reboot service module.(99/11/10)
[    0.8602] cdvd driver module version 0.1.1 (C)SCEI
[    0.8606] Load File service.(99/11/05)
[    0.8606] Multi Threaded Fileio module.(99/11/15) 
[    0.8607] iop heap service (99/11/03)
[    0.8891] loadelf: fname host:gcexp.elf secname all
[    0.8892] loadelf version 3.30
[    0.8897] Input ELF format filename = host:gcexp.elf
[    0.8901] 1 00100000 0005db88 ......
[    0.8901] Loaded, host:gcexp.elf
[    0.8901] start address 0x100ae0
[    0.8901] gp address 00000000
[    0.8906] # Restart Without Memory Clear.
[    0.9048] # Initialize GS ...
[    0.9049] # Initialize INTC ...
[    0.9049] # Initialize TIMER ...
[    0.9049] # Initialize DMAC ...
[    0.9049] # Initialize VU1 ...
[    0.9052] # Initialize VIF1 ...
[    0.9052] # Initialize GIF ...
[    0.9052] # Initialize VU0 ...
[    0.9052] # Initialize VIF0 ...
[    0.9052] # Initialize IPU ...
[    0.9053] # Initialize FPU ...
[    0.9053] # Initialize Scratch Pad ...
[    0.9053] # Restart Without Memory Clear Done.
[    0.9054] ELF host:gcexp.elf with entry point at 0x00100AE0 is executing.
[    0.9054] ELF changed, active CRC 58FEA688 (host:gcexp.elf)
[    0.9057] Applying core settings...
[    0.9065] Updating CPU configuration...
[    0.9066] iR3000A Recompiler reset.
[    0.9103] mVU Reset
[    0.9104] mVU Reset
[    0.9296] iR3000A Recompiler reset.
[    0.9328] mVU Reset
[    0.9329] mVU Reset
[    0.9378] EE/iR5900 Recompiler Reset
[    0.9522] BIOS: Successfully found the instruction pattern. Assuming the thread list is here: 8001a640
[    0.9543] Warning: GetOsdConfigParam2 Reading extended language/version configs, may be incorrect!
[    0.9737] PS2GO-BEGIN 17
[    0.9741] PS2GO-CASE layout RUN
[    0.9744] layout: text=0x100000 data=0x150d00-0x15db88 bss=0x15dc00-0x1641b0 sp=0x1ffe9c0
[    0.9747] layout: heap=0x164390-0x1964390 (25165824 bytes) heapStart%16=0 heapStart%64=16
[    1.0385] layout: before GC: inuse=1200 idle=24777456 objects=13 numgc=0 mallocs=13 frees=0 totalalloc=1017
[    1.3567] layout: after GC: inuse=960 idle=24777696 objects=13 numgc=1 mallocs=21 frees=8 totalalloc=1170
[    1.3569] PS2GO-CASE layout PASS
[    1.4246] PS2GO-CASE gc-cost RUN
[    3.1070] gccost: empty heap (inuse=944): min 271.940973ms avg 271.946528ms
[    4.7571] gccost: 1 MB live (1 x 1MB []byte): min 303.321181ms avg 303.3375ms
[    6.7230] gccost: 1 MB live (16384 x 64B []byte): min 319.234375ms avg 319.303125ms
[    9.3898] gccost: 3971 KB live (20000 linked objs, 56404 objects): min 423.147569ms avg 423.159722ms
[   13.4232] gccost: 8 MB live (8 x 1MB []byte): min 490.298611ms avg 490.636805ms
[   17.6392] gccost: 23939 KB live (131072 x 64B): min 643.881944ms avg 643.885416ms
[   21.4736] gccost: sp at depth 240 = 0x1ffaab0 (21840 bytes of stack in use)
[   24.6891] gccost: stack scan: shallow 639.848959ms, with 100 KB of stack in use 641.291667ms (delta 1.442708ms)
[   24.6891] PS2GO-CASE gc-cost PASS
[   24.7399] PS2GO-CASE finalizers RUN
[   25.9071] finalizer: after 1st GC: ran=1 id=42 allocOK=true
[   27.0896] finalizer: after 3 GCs: ran=1
[   27.0897] PS2GO-CASE finalizers PASS
[   27.1549] PS2GO-CASE c-memory-pointer RUN
[   27.1551] cmem: C slot at 0x19643a0 (outside Go heap 0x164390-0x1964390: true)
[   32.0900] cmem: objects before GC 167093, after 167064; intact after GC: false; intact after churn: false
[   32.0900] cmem: as expected, the object referenced only from C memory was collected and its memory reused
[   32.0900] PS2GO-CASE c-memory-pointer PASS
[   32.1553] PS2GO-CASE false-retention RUN
[   33.3907] fatal error: out of memory
[   33.3907] runtime: abort
[   33.4602] PINE: Client disconnected.
[   33.4714] (VMManager) Pausing...
[   33.4732] Add 33 seconds play time to gcexp -> now 82
[   33.5931] DEV9: DEV9close
[   33.5979] Skipping updating pipeline cache '/home/ricardo/dev/ps2go/tools/pcsx2-gc2/data/PCSX2/cache/vulkan_pipelines.bin' due to no changes.
[   33.6010] DEV9: DEV9shutdown
[   33.6010] NVRAM has not changed, not writing to disk.
[   33.6135] Releasing host memory for virtual systems...
