[    0.0108] Program Path: /home/ricardo/dev/ps2go/tools/pcsx2/squashfs-root/usr/bin/pcsx2-qt
[    0.0108] AppRoot Directory: /home/ricardo/dev/ps2go/tools/pcsx2/squashfs-root/usr/bin
[    0.0108] Resources Directory: /home/ricardo/dev/ps2go/tools/pcsx2/squashfs-root/usr/bin/resources
[    0.0108] DataRoot Directory: /home/ricardo/dev/ps2go/tools/pcsx2-gc/data/PCSX2
[    0.0108] Loading config from /home/ricardo/dev/ps2go/tools/pcsx2-gc/data/PCSX2/inis/PCSX2.ini.
[    0.0111] Loading secrets from /home/ricardo/dev/ps2go/tools/pcsx2-gc/data/PCSX2/inis/secrets.ini.
[    0.0115] BIOS Directory: /home/ricardo/dev/ps2go/tools/pcsx2-gc/data/PCSX2/bios
[    0.0115] Snapshots Directory: /home/ricardo/dev/ps2go/tools/pcsx2-gc/data/PCSX2/snaps
[    0.0115] Savestates Directory: /home/ricardo/dev/ps2go/tools/pcsx2-gc/data/PCSX2/sstates
[    0.0115] MemoryCards Directory: /home/ricardo/dev/ps2go/tools/pcsx2-gc/data/PCSX2/memcards
[    0.0115] Logs Directory: /home/ricardo/dev/ps2go/tools/pcsx2-gc/data/PCSX2/logs
[    0.0115] Cheats Directory: /home/ricardo/dev/ps2go/tools/pcsx2-gc/data/PCSX2/cheats
[    0.0115] Patches Directory: /home/ricardo/dev/ps2go/tools/pcsx2-gc/data/PCSX2/patches
[    0.0115] Covers Directory: /home/ricardo/dev/ps2go/tools/pcsx2-gc/data/PCSX2/covers
[    0.0115] Game Settings Directory: /home/ricardo/dev/ps2go/tools/pcsx2-gc/data/PCSX2/gamesettings
[    0.0115] Resources Directory: /home/ricardo/dev/ps2go/tools/pcsx2/squashfs-root/usr/bin/resources
[    0.0115] User Resources Directory: /home/ricardo/dev/ps2go/tools/pcsx2-gc/data/PCSX2/resources
[    0.0116] Cache Directory: /home/ricardo/dev/ps2go/tools/pcsx2-gc/data/PCSX2/cache
[    0.0116] Textures Directory: /home/ricardo/dev/ps2go/tools/pcsx2-gc/data/PCSX2/textures
[    0.0116] Input Profile Directory: /home/ricardo/dev/ps2go/tools/pcsx2-gc/data/PCSX2/inputprofiles
[    0.0116] Video Dumping Directory: /home/ricardo/dev/ps2go/tools/pcsx2-gc/data/PCSX2/videos
[    0.0116] Debugger Layouts Directory: /home/ricardo/dev/ps2go/tools/pcsx2-gc/data/PCSX2/inis/debuggerlayouts
[    0.0116] Debugger Settings Directory: /home/ricardo/dev/ps2go/tools/pcsx2-gc/data/PCSX2/inis/debuggersettings
[    0.0118] Loaded translation file for language en-US
[    0.0176] PCSX2 v2.9.12
[    0.0176] Savestate version: 0x9a590000
[    0.0176] 
[    0.0176] 
[    0.0176] Host Machine Init:
[    0.0177]   Operating System = Ubuntu 24.04
[    0.0177]   Available RAM    = 14456 MB (14.12 GB)
[    0.0177]   Physical RAM     = 15986 MB (15.61 GB)
[    0.0177] 
[    0.0177]   Processor        = Intel Core i5-10400
[    0.0177]   Core Count       = 4 cores
[    0.0177]   Thread Count     = 8 threads
[    0.0177]   Cluster Count    = 1 clusters
[    0.0178] CPU Extensions Detected:
[    0.0178]   AVX AVX2
[    0.0178] 
[    0.0178] Allocating host memory for virtual systems...
[    0.0178]   EE Main Memory                   @ 0x00007B0F5F200000 -> 0x00007B0F68100000 [143mb]
[    0.0178]   IOP Main Memory                  @ 0x00007B0F68100000 -> 0x00007B0F70200000 [129mb]
[    0.0178]   VU0/1 On-Chip Memory             @ 0x00007B0F70200000 -> 0x00007B0F70300000 [1mb]
[    0.0178]   VTLB Virtual Map                 @ 0x00007B0F70300000 -> 0x00007B0F70B00000 [8mb]
[    0.0178]   VTLB Address Map                 @ 0x00007B0F70B00000 -> 0x00007B0F70F00000 [4mb]
[    0.0178]   R5900 Recompiler Cache           @ 0x00007B0F70F00000 -> 0x00007B0F74F00000 [64mb]
[    0.0178]   R3000A Recompiler Cache          @ 0x00007B0F74F00000 -> 0x00007B0F76F00000 [32mb]
[    0.0179]   Micro VU0 Recompiler Cache       @ 0x00007B0F77F00000 -> 0x00007B0F7BF00000 [64mb]
[    0.0179]   Micro VU1 Recompiler Cache       @ 0x00007B0F7BF00000 -> 0x00007B0F7FF00000 [64mb]
[    0.0179]   VIF0 Unpack Recompiler Cache     @ 0x00007B0F76F00000 -> 0x00007B0F77700000 [8mb]
[    0.0179]   VIF1 Unpack Recompiler Cache     @ 0x00007B0F77700000 -> 0x00007B0F77F00000 [8mb]
[    0.0179]   VIF Unpack Recompiler Cache      @ 0x00007B0F7FF00000 -> 0x00007B0F80000000 [1mb]
[    0.0179]   GS Software Renderer             @ 0x00007B0F80000000 -> 0x00007B0F84000000 [64mb]
[    0.0193] Fastmem area: 0x7b0e5f200000 - 0x7b0f5f1fffff
[    0.0200] Generating SSE-optimized unpacking functions for VIF interpreters...
[    0.0200] Unpack function generation complete.  Generated function statistics:
[    0.0200]   Reserved buffer    : 1048576 bytes @ 0x00007B0F7FF00000
[    0.0200]   x86 code generated : 7422 bytes
[    0.0200] 
[    0.0203] SDLInputSource: Using Controller DB from resources.
[    0.0390] SDLInputSource: 759 gamepad mappings are loaded.
[    0.0699] Loading BIOS...
[    0.0700] Searching for a BIOS image in '/home/ricardo/dev/ps2go/tools/pcsx2-gc/data/PCSX2/bios'...
[    0.0700] BIOS Found: USA     v02.00(14/06/2004)  Console 20040614-100909
[    0.0701] Using BIOS '/home/ricardo/dev/ps2go/tools/pcsx2-gc/data/PCSX2/bios/SCPH-70012_BIOS_V12_USA_200.BIN' (USA     v02.00(14/06/2004)  Console 20040614-100909 USA)
[    0.0701] BIOS Found: USA     v02.00(14/06/2004)  Console 20040614-100909
[    0.0730] BIOS rom1 module not found, skipping...
[    0.0730] BIOS rom2 module not found, skipping...
[    0.0730] Mechacon version: 0x00020603
[    0.0730] Opening CDVD...
[    0.0741] Initializing Elf: 2054520 bytes
[    0.0743] Disc changed to .
[    0.0743]   Name: gcexp [?]
[    0.0743]   Serial: gcexp
[    0.0743]   Version: 
[    0.0743]   CRC: C80D78C8
[    0.0743] No game settings found (tried '/home/ricardo/dev/ps2go/tools/pcsx2-gc/data/PCSX2/gamesettings/C80D78C8.ini')
[    0.0743] Applying settings...
[    0.0746] [Unsafe Settings] Graphics API is not set to Automatic. This may cause performance problems and graphical issues.
[    0.0746] OSD [unsafe_settings_warning]:  Graphics API is not set to Automatic. This may cause performance problems and graphical issues.
[    0.0747] GameDB: Has not been initialized yet, initializing...
[    0.0815] PINE: New client with FD 16 connected.
[    0.1265] GameDB: 12841 games on record (loaded in 51.77ms)
[    0.1302] Reopening memory cards...
[    0.1302] McdSlot 0 [File]: Mcd001.ps2 [8 MB, UNFORMATTED]
[    0.1302] McdSlot 1 [File]: Mcd002.ps2 [8 MB, UNFORMATTED]
[    0.1311] HLE Host: Set 'host:' root path to: /home/ricardo/dev/ps2go/experiments/gc/build-gc
[    0.1312] EE/iR5900 Recompiler Reset
[    0.1751] iR3000A Recompiler reset.
[    0.1851] mVU Reset
[    0.1853] mVU Reset
[    0.1944] Resetting host memory for virtual systems...
[    0.4345] Time Zone Offset: GMT+00:00
[    0.4345] Time Zone Location: London
[    0.4345] DST: Winter Time
[    0.4345] Time Format: 24-Hour
[    0.4345] Date Format: YYYY/MM/DD
[    0.4345] System Time Basis: Operating System Time
[    0.4345] Resulting System Time: 2026-09-03 17:45:57
[    0.4345] Close virtual disk tray
[    0.4345] Media already loaded (fast boot)
[    0.4345] Opening GS...
[    0.4351] acquireRenderWindow() recreate=true fullscreen=false render_to_main=false surfaceless=false
[    0.4380] (GetRefreshRateFromXRandR) Modeline is invalid: 0/0/0
[    0.4380] Surface refresh rate: 60 Hz
[    0.4658] VK: Enabling extension: VK_KHR_surface
[    0.4658] VK: Enabling extension: VK_KHR_xlib_surface
[    0.4658] VK: Enabling extension: VK_EXT_surface_maintenance1
[    0.4658] VK: Enabling extension: VK_KHR_get_surface_capabilities2
[    0.4726] No GPU requested, using first (llvmpipe (LLVM 20.1.2, 256 bits))
[    0.4731] 1 vulkan queue families
[    0.4735] VK: Enabling extension: VK_KHR_swapchain
[    0.4735] VK: Enabling extension: VK_KHR_push_descriptor
[    0.4735] VK: Enabling extension: VK_EXT_provoking_vertex
[    0.4735] VK: Enabling extension: VK_EXT_memory_budget
[    0.4735] VK: Enabling extension: VK_EXT_calibrated_timestamps
[    0.4735] VK: Enabling extension: VK_EXT_rasterization_order_attachment_access
[    0.4735] VK: Enabling extension: VK_EXT_attachment_feedback_loop_layout
[    0.4735] VK: Enabling extension: VK_EXT_line_rasterization
[    0.4735] VK: Enabling extension: VK_KHR_driver_properties
[    0.4735] VK: Enabling extension: VK_EXT_swapchain_maintenance1
[    0.4735] VK: Enabling extension: VK_EXT_fragment_shader_interlock
[    0.4864] GPU timing is supported (TS=1 TS valid bits=64, TS period=1.000000)
[    0.4864] GPU pipeline statistics is supported
[    0.4864] VK_EXT_provoking_vertex is supported
[    0.4864] VK_EXT_memory_budget is supported
[    0.4864] VK_EXT_calibrated_timestamps is supported
[    0.4864] VK_EXT_rasterization_order_attachment_access is supported
[    0.4864] VK_EXT_swapchain_maintenance1 is supported
[    0.4864] VK_EXT_full_screen_exclusive is NOT supported
[    0.4864] VK_KHR_driver_properties is supported
[    0.4864] VK_EXT_attachment_feedback_loop_layout is supported
[    0.4864] VK_EXT_fragment_shader_interlock is supported
[    0.4865] Read 85 entries from '/home/ricardo/dev/ps2go/tools/pcsx2-gc/data/PCSX2/cache/vulkan_shaders.idx'
[    0.4867] Creating a swap chain with 3 images in present mode VK_PRESENT_MODE_IMMEDIATE_KHR
[    0.4878] Optional features: primitive_id texture_barrier framebuffer_fetch provoking_vertex_last vs_expand
[    0.4878] Using hardware for point expansion and hardware for line expansion.
[    0.6132] Vulkan Graphics Driver Info:
[    0.6132] Driver 25.2.8
[    0.6132] Vulkan 1.4.318
[    0.6132] Conformance Version 1.3.1.1
[    0.6132] Mesa 25.2.8-0ubuntu0.24.04.2 (LLVM 20.1.2)
[    0.6132] llvmpipe
[    0.6132] llvmpipe (LLVM 20.1.2, 256 bits)
[    0.6157] Opening SPU2...
[    0.6164] Creating Cubeb audio stream, sample rate = 48000, expansion = Disabled, buffer = 50, latency = 20, stretching enabled, driver = , device = 
[    0.6203] Minimum latency: 40 ms (1920 audio frames)
[    0.6203] Minimum latency is above requested latency: 1920 vs 960, adjusting to compensate.
[    0.6205] Allocated buffer of 38400 frames for buffer of 50 ms [expansion Disabled (block size 2048), stretch enabled, target size 2432].
[    0.6208] ReportErrorAsync: Error: Failed to create or configure audio stream, falling back to null output. The error was:
[    0.6208] cubeb_stream_init() failed: CUBEB_ERROR (-1)
[    0.6208] Allocated buffer of 2432 frames for buffer of 50 ms [expansion Disabled (block size 2048), stretch disabled, target size 2432].
[    0.6208] Initializing Pad...
[    0.6208] Initializing SIO2...
[    0.6208] Initializing SIO0...
[    0.6208] Opening DEV9...
[    0.6208] DEV9: DEV9init
[    0.6208] DEV9: DEV9init2
[    0.6208] DEV9: DEV9init3
[    0.6238] DEV9: DEV9init ok
[    0.6239] DEV9: DEV9open
[    0.6239] Opening USB...
[    0.6239] Opening FW...
[    0.6240] Frame rate: 60, target speed: 1, target frame rate: 60, ticks per frame: 16666666
[    0.6282] VM subsystems initialized in 558.37 ms
[    0.6287] Failed to inhibit screen saver.
[    0.6289] Failed to inhibit screen saver.
[    0.6465] # Initialize memory (rev:3.70, ctm:196Mhz, cpuclk:147Mhz detected)
[    0.6614] R3000 Debugger: Branch to 0x890 (SYSMEM). Clearing modules.
[    0.6631] RegisterLibraryEntries: excepman version 1.01
[    0.6642] RegisterLibraryEntries:  intrman version 1.02
[    0.6643] RegisterLibraryEntries:   ssbusc version 1.01
[    0.6645] RegisterLibraryEntries:  dmacman version 1.02
[    0.6648] RegisterLibraryEntries:  timrman version 1.01
[    0.6650] RegisterLibraryEntries:  sysclib version 1.01
[    0.6650] RegisterLibraryEntries:    stdio version 1.01
[    0.6651] RegisterLibraryEntries:  heaplib version 1.01
[    0.6654] FW: read mem 0x1f80847c: 0x10000001
[    0.6654] FW: write mem 0x1f808414: 0x417f0000
[    0.6654] FW: read mem 0x1f808400: 0xffc00001
[    0.6654] FW: write mem 0x1f80844c: 0xffffffff
[    0.6654] FW: write mem 0x1f808420: 0xffffffff
[    0.6654] FW: write mem 0x1f808428: 0xffffffff
[    0.6654] FW: write mem 0x1f808430: 0xffffffff
[    0.6661] RegisterLibraryEntries:   thbase version 1.01
[    0.6662] RegisterLibraryEntries:  thevent version 1.01
[    0.6662] RegisterLibraryEntries:  thsemap version 1.01
[    0.6662] RegisterLibraryEntries:  thmsgbx version 1.01
[    0.6662] RegisterLibraryEntries:  thfpool version 1.01
[    0.6662] RegisterLibraryEntries:  thvpool version 1.01
[    0.6672] RegisterLibraryEntries:   vblank version 1.01
[    0.6676] RegisterLibraryEntries:    ioman version 1.02
[    0.6681] RegisterLibraryEntries:  modload version 1.01
[    0.6684] RegisterLibraryEntries:   romdrv version 2.01
[    0.6685] RegisterLibraryEntries:    stdio version 1.02
[    0.6688] RegisterLibraryEntries:   sifman version 1.01
[    0.6690] 
[    0.6691] PlayStation 2 ======== Hard reset boot
[    0.6692]  ROMGEN=2004-0614, IOP info (CPUID=1f, CACH_CONFIG=0, 2MB, IOP mode)
[    0.6693]  <20040614-100909,ROMconf,PS20200AC20040614.bin:11696>
[    0.6726] # Total accessable memory size: 32 MB (B:2:8:0) (370:2:7c30)
[    0.6738] # TLB spad=0 kernel=1:12 default=13:30 extended=31:38
[    0.7561] # Initialize Start.
[    0.7565] # Initialize GS ...
[    0.7565] # Initialize INTC ...
[    0.7565] # Initialize TIMER ...
[    0.7565] # Initialize DMAC ...
[    0.7566] # Initialize VU1 ...
[    0.7575] # Initialize VIF1 ...
[    0.7575] # Initialize GIF ...
[    0.7575] # Initialize VU0 ...
[    0.7577] # Initialize VIF0 ...
[    0.7577] # Initialize IPU ...
[    0.7578] # Initialize FPU ...
[    0.7579] # Initialize User Memory ...
[    0.7879] # Initialize Scratch Pad ...
[    0.7879] # Initialize Done.
[    0.7887] 
[    0.7887] EE DECI2 Manager version 0.06 Feb  6 2003 08:38:48
[    0.7887]   CPUID=2e20, BoardID=0, ROMGEN=2004-0614, 32M
[    0.7887] 
[    0.7889] RegisterLibraryEntries:   sifcmd version 1.01
[    0.7905] Initializing Elf: 2054520 bytes
[    0.7914] ELF Loading: host:gcexp.elf, Game CRC = C80D78C8, EntryPoint = 0x00100AE0
[    0.7937] RegisterLibraryEntries:  cdvdman version 1.01
[    0.7967] RegisterLibraryEntries:  cdvdfsv version 1.01
[    0.7982] RegisterLibraryEntries:  secrman version 1.03
[    0.7983] RegisterLibraryEntries:   eesync version 1.01
[    0.7984] 
[    0.7984] IOP Realtime Kernel Ver.0.9.1
[    0.7984]     Copyright 1999 (C) Sony Computer Entertainment Inc. 
[    0.7989] Reboot service module.(99/11/10)
[    0.8007] cdvd driver module version 0.1.1 (C)SCEI
[    0.8010] Load File service.(99/11/05)
[    0.8011] Multi Threaded Fileio module.(99/11/15) 
[    0.8011] iop heap service (99/11/03)
[    0.8296] loadelf: fname host:gcexp.elf secname all
[    0.8296] loadelf version 3.30
[    0.8299] Input ELF format filename = host:gcexp.elf
[    0.8303] 1 00100000 0005bc08 ......
[    0.8303] Loaded, host:gcexp.elf
[    0.8304] start address 0x100ae0
[    0.8304] gp address 00000000
[    0.8308] # Restart Without Memory Clear.
[    0.8456] # Initialize GS ...
[    0.8457] # Initialize INTC ...
[    0.8457] # Initialize TIMER ...
[    0.8457] # Initialize DMAC ...
[    0.8457] # Initialize VU1 ...
[    0.8461] # Initialize VIF1 ...
[    0.8461] # Initialize GIF ...
[    0.8461] # Initialize VU0 ...
[    0.8461] # Initialize VIF0 ...
[    0.8461] # Initialize IPU ...
[    0.8461] # Initialize FPU ...
[    0.8462] # Initialize Scratch Pad ...
[    0.8462] # Restart Without Memory Clear Done.
[    0.8463] ELF host:gcexp.elf with entry point at 0x00100AE0 is executing.
[    0.8463] ELF changed, active CRC C80D78C8 (host:gcexp.elf)
[    0.8467] Applying core settings...
[    0.8475] Updating CPU configuration...
[    0.8475] iR3000A Recompiler reset.
[    0.8506] mVU Reset
[    0.8506] mVU Reset
[    0.8681] iR3000A Recompiler reset.
[    0.8716] mVU Reset
[    0.8717] mVU Reset
[    0.8763] EE/iR5900 Recompiler Reset
[    0.8894] BIOS: Successfully found the instruction pattern. Assuming the thread list is here: 8001a640
[    0.8913] Warning: GetOsdConfigParam2 Reading extended language/version configs, may be incorrect!
[    0.9010] PS2GO-BEGIN 15
[    0.9011] PS2GO-CASE layout RUN
[    0.9014] layout: text=0x100000 data=0x14f080-0x15bc08 bss=0x15bc80-0x162230 sp=0x0
[    0.9017] layout: heap=0x162410-0x1962410 (25165824 bytes) heapStart%16=0 heapStart%64=16
[    0.9624] layout: before GC: inuse=1136 idle=24777520 objects=13 numgc=0 mallocs=13 frees=0 totalalloc=963
[    1.2812] layout: after GC: inuse=832 idle=24777824 objects=12 numgc=1 mallocs=21 frees=9 totalalloc=1115
[    1.2815] PS2GO-CASE layout PASS
[    1.3462] PS2GO-CASE small-objects RUN
[    4.2455] small: end: inuse=502272 idle=24276384 objects=12170 numgc=2 mallocs=306034 frees=293864 totalalloc=11995212
[    4.2457] small: kept 6000 objects, natural GCs during run: 1
[    4.2457] PS2GO-CASE small-objects PASS
[    4.2966] PS2GO-CASE large-objects RUN
[   11.6969] fatal error: out of memory
[   11.6970] runtime: abort
[   11.7202] PINE: Client disconnected.
[   11.7288] (VMManager) Pausing...
[   11.7311] Add 11 seconds play time to gcexp -> now 20
[   11.8575] DEV9: DEV9close
[   11.8621] Skipping updating pipeline cache '/home/ricardo/dev/ps2go/tools/pcsx2-gc/data/PCSX2/cache/vulkan_pipelines.bin' due to no changes.
[   11.8663] DEV9: DEV9shutdown
[   11.8664] NVRAM has not changed, not writing to disk.
[   11.8793] Releasing host memory for virtual systems...
