[    0.0097] Program Path: /home/ricardo/dev/ps2go/tools/pcsx2/squashfs-root/usr/bin/pcsx2-qt
[    0.0097] AppRoot Directory: /home/ricardo/dev/ps2go/tools/pcsx2/squashfs-root/usr/bin
[    0.0097] Resources Directory: /home/ricardo/dev/ps2go/tools/pcsx2/squashfs-root/usr/bin/resources
[    0.0098] DataRoot Directory: /home/ricardo/dev/ps2go/tools/pcsx2-gc2/data/PCSX2
[    0.0098] Loading config from /home/ricardo/dev/ps2go/tools/pcsx2-gc2/data/PCSX2/inis/PCSX2.ini.
[    0.0100] Loading secrets from /home/ricardo/dev/ps2go/tools/pcsx2-gc2/data/PCSX2/inis/secrets.ini.
[    0.0104] BIOS Directory: /home/ricardo/dev/ps2go/tools/pcsx2-gc2/data/PCSX2/bios
[    0.0104] Snapshots Directory: /home/ricardo/dev/ps2go/tools/pcsx2-gc2/data/PCSX2/snaps
[    0.0104] Savestates Directory: /home/ricardo/dev/ps2go/tools/pcsx2-gc2/data/PCSX2/sstates
[    0.0104] MemoryCards Directory: /home/ricardo/dev/ps2go/tools/pcsx2-gc2/data/PCSX2/memcards
[    0.0104] Logs Directory: /home/ricardo/dev/ps2go/tools/pcsx2-gc2/data/PCSX2/logs
[    0.0104] Cheats Directory: /home/ricardo/dev/ps2go/tools/pcsx2-gc2/data/PCSX2/cheats
[    0.0104] Patches Directory: /home/ricardo/dev/ps2go/tools/pcsx2-gc2/data/PCSX2/patches
[    0.0104] Covers Directory: /home/ricardo/dev/ps2go/tools/pcsx2-gc2/data/PCSX2/covers
[    0.0104] Game Settings Directory: /home/ricardo/dev/ps2go/tools/pcsx2-gc2/data/PCSX2/gamesettings
[    0.0104] Resources Directory: /home/ricardo/dev/ps2go/tools/pcsx2/squashfs-root/usr/bin/resources
[    0.0104] User Resources Directory: /home/ricardo/dev/ps2go/tools/pcsx2-gc2/data/PCSX2/resources
[    0.0104] Cache Directory: /home/ricardo/dev/ps2go/tools/pcsx2-gc2/data/PCSX2/cache
[    0.0104] Textures Directory: /home/ricardo/dev/ps2go/tools/pcsx2-gc2/data/PCSX2/textures
[    0.0104] Input Profile Directory: /home/ricardo/dev/ps2go/tools/pcsx2-gc2/data/PCSX2/inputprofiles
[    0.0104] Video Dumping Directory: /home/ricardo/dev/ps2go/tools/pcsx2-gc2/data/PCSX2/videos
[    0.0104] Debugger Layouts Directory: /home/ricardo/dev/ps2go/tools/pcsx2-gc2/data/PCSX2/inis/debuggerlayouts
[    0.0104] Debugger Settings Directory: /home/ricardo/dev/ps2go/tools/pcsx2-gc2/data/PCSX2/inis/debuggersettings
[    0.0106] Loaded translation file for language en-US
[    0.0163] PCSX2 v2.9.12
[    0.0164] Savestate version: 0x9a590000
[    0.0164] 
[    0.0164] 
[    0.0164] Host Machine Init:
[    0.0164]   Operating System = Ubuntu 24.04
[    0.0164]   Available RAM    = 14460 MB (14.12 GB)
[    0.0164]   Physical RAM     = 15986 MB (15.61 GB)
[    0.0164] 
[    0.0164]   Processor        = Intel Core i5-10400
[    0.0164]   Core Count       = 4 cores
[    0.0164]   Thread Count     = 8 threads
[    0.0164]   Cluster Count    = 1 clusters
[    0.0164] CPU Extensions Detected:
[    0.0164]   AVX AVX2
[    0.0164] 
[    0.0164] Allocating host memory for virtual systems...
[    0.0165]   EE Main Memory                   @ 0x00007DD4EB200000 -> 0x00007DD4F4100000 [143mb]
[    0.0165]   IOP Main Memory                  @ 0x00007DD4F4100000 -> 0x00007DD4FC200000 [129mb]
[    0.0165]   VU0/1 On-Chip Memory             @ 0x00007DD4FC200000 -> 0x00007DD4FC300000 [1mb]
[    0.0165]   VTLB Virtual Map                 @ 0x00007DD4FC300000 -> 0x00007DD4FCB00000 [8mb]
[    0.0165]   VTLB Address Map                 @ 0x00007DD4FCB00000 -> 0x00007DD4FCF00000 [4mb]
[    0.0165]   R5900 Recompiler Cache           @ 0x00007DD4FCF00000 -> 0x00007DD500F00000 [64mb]
[    0.0165]   R3000A Recompiler Cache          @ 0x00007DD500F00000 -> 0x00007DD502F00000 [32mb]
[    0.0165]   Micro VU0 Recompiler Cache       @ 0x00007DD503F00000 -> 0x00007DD507F00000 [64mb]
[    0.0165]   Micro VU1 Recompiler Cache       @ 0x00007DD507F00000 -> 0x00007DD50BF00000 [64mb]
[    0.0165]   VIF0 Unpack Recompiler Cache     @ 0x00007DD502F00000 -> 0x00007DD503700000 [8mb]
[    0.0165]   VIF1 Unpack Recompiler Cache     @ 0x00007DD503700000 -> 0x00007DD503F00000 [8mb]
[    0.0165]   VIF Unpack Recompiler Cache      @ 0x00007DD50BF00000 -> 0x00007DD50C000000 [1mb]
[    0.0165]   GS Software Renderer             @ 0x00007DD50C000000 -> 0x00007DD510000000 [64mb]
[    0.0180] Fastmem area: 0x7dd3eb200000 - 0x7dd4eb1fffff
[    0.0187] Generating SSE-optimized unpacking functions for VIF interpreters...
[    0.0187] Unpack function generation complete.  Generated function statistics:
[    0.0187]   Reserved buffer    : 1048576 bytes @ 0x00007DD50BF00000
[    0.0187]   x86 code generated : 7422 bytes
[    0.0187] 
[    0.0190] SDLInputSource: Using Controller DB from resources.
[    0.0432] SDLInputSource: 759 gamepad mappings are loaded.
[    0.0763] Loading BIOS...
[    0.0763] Searching for a BIOS image in '/home/ricardo/dev/ps2go/tools/pcsx2-gc2/data/PCSX2/bios'...
[    0.0764] BIOS Found: USA     v02.00(14/06/2004)  Console 20040614-100909
[    0.0764] Using BIOS '/home/ricardo/dev/ps2go/tools/pcsx2-gc2/data/PCSX2/bios/SCPH-70012_BIOS_V12_USA_200.BIN' (USA     v02.00(14/06/2004)  Console 20040614-100909 USA)
[    0.0764] BIOS Found: USA     v02.00(14/06/2004)  Console 20040614-100909
[    0.0774] PINE: New client with FD 15 connected.
[    0.0795] BIOS rom1 module not found, skipping...
[    0.0795] BIOS rom2 module not found, skipping...
[    0.0795] Mechacon version: 0x00020603
[    0.0795] Opening CDVD...
[    0.0807] Initializing Elf: 2073440 bytes
[    0.0809] Disc changed to .
[    0.0810]   Name: gcexp [?]
[    0.0810]   Serial: gcexp
[    0.0810]   Version: 
[    0.0810]   CRC: EC49F24C
[    0.0810] No game settings found (tried '/home/ricardo/dev/ps2go/tools/pcsx2-gc2/data/PCSX2/gamesettings/EC49F24C.ini')
[    0.0810] Applying settings...
[    0.0813] [Unsafe Settings] Graphics API is not set to Automatic. This may cause performance problems and graphical issues.
[    0.0813] OSD [unsafe_settings_warning]:  Graphics API is not set to Automatic. This may cause performance problems and graphical issues.
[    0.0814] GameDB: Has not been initialized yet, initializing...
[    0.1345] GameDB: 12841 games on record (loaded in 53.16ms)
[    0.1385] Reopening memory cards...
[    0.1385] McdSlot 0 [File]: Mcd001.ps2 [8 MB, UNFORMATTED]
[    0.1385] McdSlot 1 [File]: Mcd002.ps2 [8 MB, UNFORMATTED]
[    0.1395] HLE Host: Set 'host:' root path to: /home/ricardo/dev/ps2go/experiments/gc/build-gc-precise
[    0.1396] EE/iR5900 Recompiler Reset
[    0.1857] iR3000A Recompiler reset.
[    0.1975] mVU Reset
[    0.1978] mVU Reset
[    0.2057] Resetting host memory for virtual systems...
[    0.4265] Time Zone Offset: GMT+00:00
[    0.4265] Time Zone Location: London
[    0.4265] DST: Winter Time
[    0.4265] Time Format: 24-Hour
[    0.4265] Date Format: YYYY/MM/DD
[    0.4265] System Time Basis: Operating System Time
[    0.4266] Resulting System Time: 2026-09-03 17:55:53
[    0.4266] Close virtual disk tray
[    0.4266] Media already loaded (fast boot)
[    0.4266] Opening GS...
[    0.4271] acquireRenderWindow() recreate=true fullscreen=false render_to_main=false surfaceless=false
[    0.4295] (GetRefreshRateFromXRandR) Modeline is invalid: 0/0/0
[    0.4295] Surface refresh rate: 60 Hz
[    0.4559] VK: Enabling extension: VK_KHR_surface
[    0.4559] VK: Enabling extension: VK_KHR_xlib_surface
[    0.4559] VK: Enabling extension: VK_EXT_surface_maintenance1
[    0.4559] VK: Enabling extension: VK_KHR_get_surface_capabilities2
[    0.4624] No GPU requested, using first (llvmpipe (LLVM 20.1.2, 256 bits))
[    0.4629] 1 vulkan queue families
[    0.4633] VK: Enabling extension: VK_KHR_swapchain
[    0.4633] VK: Enabling extension: VK_KHR_push_descriptor
[    0.4633] VK: Enabling extension: VK_EXT_provoking_vertex
[    0.4633] VK: Enabling extension: VK_EXT_memory_budget
[    0.4633] VK: Enabling extension: VK_EXT_calibrated_timestamps
[    0.4633] VK: Enabling extension: VK_EXT_rasterization_order_attachment_access
[    0.4633] VK: Enabling extension: VK_EXT_attachment_feedback_loop_layout
[    0.4633] VK: Enabling extension: VK_EXT_line_rasterization
[    0.4633] VK: Enabling extension: VK_KHR_driver_properties
[    0.4633] VK: Enabling extension: VK_EXT_swapchain_maintenance1
[    0.4633] VK: Enabling extension: VK_EXT_fragment_shader_interlock
[    0.4765] GPU timing is supported (TS=1 TS valid bits=64, TS period=1.000000)
[    0.4765] GPU pipeline statistics is supported
[    0.4765] VK_EXT_provoking_vertex is supported
[    0.4765] VK_EXT_memory_budget is supported
[    0.4765] VK_EXT_calibrated_timestamps is supported
[    0.4765] VK_EXT_rasterization_order_attachment_access is supported
[    0.4765] VK_EXT_swapchain_maintenance1 is supported
[    0.4765] VK_EXT_full_screen_exclusive is NOT supported
[    0.4765] VK_KHR_driver_properties is supported
[    0.4765] VK_EXT_attachment_feedback_loop_layout is supported
[    0.4765] VK_EXT_fragment_shader_interlock is supported
[    0.4766] Read 85 entries from '/home/ricardo/dev/ps2go/tools/pcsx2-gc2/data/PCSX2/cache/vulkan_shaders.idx'
[    0.4768] Creating a swap chain with 3 images in present mode VK_PRESENT_MODE_IMMEDIATE_KHR
[    0.4778] Optional features: primitive_id texture_barrier framebuffer_fetch provoking_vertex_last vs_expand
[    0.4778] Using hardware for point expansion and hardware for line expansion.
[    0.6045] Vulkan Graphics Driver Info:
[    0.6045] Driver 25.2.8
[    0.6045] Vulkan 1.4.318
[    0.6045] Conformance Version 1.3.1.1
[    0.6045] Mesa 25.2.8-0ubuntu0.24.04.2 (LLVM 20.1.2)
[    0.6045] llvmpipe
[    0.6045] llvmpipe (LLVM 20.1.2, 256 bits)
[    0.6071] Opening SPU2...
[    0.6078] Creating Cubeb audio stream, sample rate = 48000, expansion = Disabled, buffer = 50, latency = 20, stretching enabled, driver = , device = 
[    0.6116] Minimum latency: 40 ms (1920 audio frames)
[    0.6117] Minimum latency is above requested latency: 1920 vs 960, adjusting to compensate.
[    0.6118] Allocated buffer of 38400 frames for buffer of 50 ms [expansion Disabled (block size 2048), stretch enabled, target size 2432].
[    0.6120] ReportErrorAsync: Error: Failed to create or configure audio stream, falling back to null output. The error was:
[    0.6120] cubeb_stream_init() failed: CUBEB_ERROR (-1)
[    0.6120] Allocated buffer of 2432 frames for buffer of 50 ms [expansion Disabled (block size 2048), stretch disabled, target size 2432].
[    0.6120] Initializing Pad...
[    0.6120] Initializing SIO2...
[    0.6120] Initializing SIO0...
[    0.6120] Opening DEV9...
[    0.6121] DEV9: DEV9init
[    0.6121] DEV9: DEV9init2
[    0.6121] DEV9: DEV9init3
[    0.6152] DEV9: DEV9init ok
[    0.6152] DEV9: DEV9open
[    0.6152] Opening USB...
[    0.6152] Opening FW...
[    0.6154] Frame rate: 60, target speed: 1, target frame rate: 60, ticks per frame: 16666666
[    0.6205] VM subsystems initialized in 544.46 ms
[    0.6210] Failed to inhibit screen saver.
[    0.6211] Failed to inhibit screen saver.
[    0.6426] # Initialize memory (rev:3.70, ctm:196Mhz, cpuclk:147Mhz detected)
[    0.6798] R3000 Debugger: Branch to 0x890 (SYSMEM). Clearing modules.
[    0.6821] RegisterLibraryEntries: excepman version 1.01
[    0.6829] RegisterLibraryEntries:  intrman version 1.02
[    0.6830] RegisterLibraryEntries:   ssbusc version 1.01
[    0.6833] RegisterLibraryEntries:  dmacman version 1.02
[    0.6836] RegisterLibraryEntries:  timrman version 1.01
[    0.6838] RegisterLibraryEntries:  sysclib version 1.01
[    0.6838] RegisterLibraryEntries:    stdio version 1.01
[    0.6839] RegisterLibraryEntries:  heaplib version 1.01
[    0.6846] FW: read mem 0x1f80847c: 0x10000001
[    0.6846] FW: write mem 0x1f808414: 0x417f0000
[    0.6846] FW: read mem 0x1f808400: 0xffc00001
[    0.6846] FW: write mem 0x1f80844c: 0xffffffff
[    0.6846] FW: write mem 0x1f808420: 0xffffffff
[    0.6846] FW: write mem 0x1f808428: 0xffffffff
[    0.6846] FW: write mem 0x1f808430: 0xffffffff
[    0.6854] RegisterLibraryEntries:   thbase version 1.01
[    0.6854] RegisterLibraryEntries:  thevent version 1.01
[    0.6854] RegisterLibraryEntries:  thsemap version 1.01
[    0.6855] RegisterLibraryEntries:  thmsgbx version 1.01
[    0.6855] RegisterLibraryEntries:  thfpool version 1.01
[    0.6855] RegisterLibraryEntries:  thvpool version 1.01
[    0.6862] RegisterLibraryEntries:   vblank version 1.01
[    0.6866] RegisterLibraryEntries:    ioman version 1.02
[    0.6873] RegisterLibraryEntries:  modload version 1.01
[    0.6876] RegisterLibraryEntries:   romdrv version 2.01
[    0.6878] RegisterLibraryEntries:    stdio version 1.02
[    0.6881] RegisterLibraryEntries:   sifman version 1.01
[    0.6883] 
[    0.6884] PlayStation 2 ======== Hard reset boot
[    0.6885]  ROMGEN=2004-0614, IOP info (CPUID=1f, CACH_CONFIG=0, 2MB, IOP mode)
[    0.6887]  <20040614-100909,ROMconf,PS20200AC20040614.bin:11696>
[    0.6914] # Total accessable memory size: 32 MB (B:2:8:0) (370:2:7c30)
[    0.6924] # TLB spad=0 kernel=1:12 default=13:30 extended=31:38
[    0.7754] # Initialize Start.
[    0.7758] # Initialize GS ...
[    0.7758] # Initialize INTC ...
[    0.7758] # Initialize TIMER ...
[    0.7759] # Initialize DMAC ...
[    0.7760] # Initialize VU1 ...
[    0.7763] # Initialize VIF1 ...
[    0.7764] # Initialize GIF ...
[    0.7764] # Initialize VU0 ...
[    0.7766] # Initialize VIF0 ...
[    0.7767] # Initialize IPU ...
[    0.7768] # Initialize FPU ...
[    0.7769] # Initialize User Memory ...
[    0.8102] # Initialize Scratch Pad ...
[    0.8103] # Initialize Done.
[    0.8112] 
[    0.8112] EE DECI2 Manager version 0.06 Feb  6 2003 08:38:48
[    0.8112]   CPUID=2e20, BoardID=0, ROMGEN=2004-0614, 32M
[    0.8112] 
[    0.8115] RegisterLibraryEntries:   sifcmd version 1.01
[    0.8136] Initializing Elf: 2073440 bytes
[    0.8146] ELF Loading: host:gcexp.elf, Game CRC = EC49F24C, EntryPoint = 0x00100AE0
[    0.8170] RegisterLibraryEntries:  cdvdman version 1.01
[    0.8225] RegisterLibraryEntries:  cdvdfsv version 1.01
[    0.8243] RegisterLibraryEntries:  secrman version 1.03
[    0.8244] RegisterLibraryEntries:   eesync version 1.01
[    0.8245] 
[    0.8245] IOP Realtime Kernel Ver.0.9.1
[    0.8245]     Copyright 1999 (C) Sony Computer Entertainment Inc. 
[    0.8250] Reboot service module.(99/11/10)
[    0.8270] cdvd driver module version 0.1.1 (C)SCEI
[    0.8274] Load File service.(99/11/05)
[    0.8274] Multi Threaded Fileio module.(99/11/15) 
[    0.8275] iop heap service (99/11/03)
[    0.8552] loadelf: fname host:gcexp.elf secname all
[    0.8552] loadelf version 3.30
[    0.8555] Input ELF format filename = host:gcexp.elf
[    0.8560] 1 00100000 0005dc88 ......
[    0.8560] Loaded, host:gcexp.elf
[    0.8560] start address 0x100ae0
[    0.8561] gp address 00000000
[    0.8565] # Restart Without Memory Clear.
[    0.8712] # Initialize GS ...
[    0.8712] # Initialize INTC ...
[    0.8712] # Initialize TIMER ...
[    0.8712] # Initialize DMAC ...
[    0.8712] # Initialize VU1 ...
[    0.8713] # Initialize VIF1 ...
[    0.8713] # Initialize GIF ...
[    0.8713] # Initialize VU0 ...
[    0.8713] # Initialize VIF0 ...
[    0.8713] # Initialize IPU ...
[    0.8714] # Initialize FPU ...
[    0.8714] # Initialize Scratch Pad ...
[    0.8714] # Restart Without Memory Clear Done.
[    0.8715] ELF host:gcexp.elf with entry point at 0x00100AE0 is executing.
[    0.8715] ELF changed, active CRC EC49F24C (host:gcexp.elf)
[    0.8718] Applying core settings...
[    0.8734] Updating CPU configuration...
[    0.8734] iR3000A Recompiler reset.
[    0.8788] mVU Reset
[    0.8788] mVU Reset
[    0.8969] iR3000A Recompiler reset.
[    0.9022] mVU Reset
[    0.9023] mVU Reset
[    0.9070] EE/iR5900 Recompiler Reset
[    0.9276] BIOS: Successfully found the instruction pattern. Assuming the thread list is here: 8001a640
[    0.9296] Warning: GetOsdConfigParam2 Reading extended language/version configs, may be incorrect!
[    0.9415] PS2GO-BEGIN 17
[    0.9418] PS2GO-CASE layout RUN
[    0.9421] layout: text=0x100000 data=0x150e00-0x15dc88 bss=0x15dd00-0x1642b0 sp=0x1ffe9c0
[    0.9424] layout: heap=0x164490-0x1964490 (25165824 bytes) heapStart%16=0 heapStart%64=16
[    1.0047] layout: before GC: inuse=1200 idle=24777456 objects=13 numgc=0 mallocs=13 frees=0 totalalloc=1017
[    1.3286] layout: after GC: inuse=960 idle=24777696 objects=13 numgc=1 mallocs=21 frees=8 totalalloc=1170
[    1.3301] PS2GO-CASE layout PASS
[    1.3903] PS2GO-CASE gc-cost RUN
[    3.0838] gccost: empty heap (inuse=832): min 271.914931ms avg 271.920833ms
[    4.6732] gccost: 1 MB live (1 x 1MB []byte): min 293.729167ms avg 293.742361ms
[    5.0258] gccost: after 1MB release: inuse=1057712 idle=23720944 objects=16 numgc=13 mallocs=69 frees=53 totalalloc=1072727
[    6.3720] gccost: 2498 KB live (16384 x 64B []byte, 16401 objects): min 311.340277ms avg 311.424768ms
[    9.1216] gccost: 3830 KB live (20000 linked objs, 56399 objects): min 385.75ms avg 385.769444ms
[    9.5235] gccost: after linked release: inuse=3573696 idle=21204960 objects=47890 numgc=25 mallocs=56499 frees=8609 totalalloc=3220893
[   13.4721] gccost: 11676 KB live (8 x 1MB []byte): min 465.048611ms avg 465.941666ms
[   13.9663] gccost: after 8MB release: inuse=11962432 idle=12816224 objects=47898 numgc=32 mallocs=56533 frees=8635 totalalloc=11621162
[   16.3060] gccost: 17563 KB live (65536 x 64B []byte, 113433 objects): min 525.826389ms avg 526.200231ms
[   16.8883] gccost: after 65536 release: inuse=17990720 idle=6787936 objects=113434 numgc=37 mallocs=122096 frees=8662 totalalloc=16613490
[   19.5060] gccost: sp at depth 240 = 0x1ffad90 (21104 bytes of stack in use)
[   22.1068] gccost: stack scan: shallow 522.645834ms, with 100 KB of stack in use 521.868056ms (delta -777.778s)
[   22.1068] PS2GO-CASE gc-cost PASS
[   22.1717] PS2GO-CASE finalizers RUN
[   22.6959] finalizer: after 1st GC: ran=1 id=42 allocOK=true
[   23.7382] finalizer: after 3 GCs: ran=1
[   23.7383] PS2GO-CASE finalizers PASS
[   23.7890] PS2GO-CASE c-memory-pointer RUN
[   23.7891] cmem: C slot at 0x19644a0 (outside Go heap 0x164490-0x1964490: true)
[   25.0723] cmem: objects before GC 113459, after 113430; intact after GC: false; intact after churn: false
[   25.0723] cmem: as expected, the object referenced only from C memory was collected and its memory reused
[   25.0724] PS2GO-CASE c-memory-pointer PASS
[   25.1233] PS2GO-CASE false-retention RUN
[   30.2056] retention[zeros]: allocated 6094 KB dead; after GC1 inuse=18817 KB (retained 1021 KB, 18446744073709551612 objs), after GC2 18817 KB (18446744073709551612 objs)
[   31.4275] fatal error: out of memory
[   31.4276] runtime: abort
[   31.4832] PINE: Client disconnected.
[   31.4877] (VMManager) Pausing...
[   31.4901] Add 31 seconds play time to gcexp -> now 113
[   31.6403] DEV9: DEV9close
[   31.6454] Skipping updating pipeline cache '/home/ricardo/dev/ps2go/tools/pcsx2-gc2/data/PCSX2/cache/vulkan_pipelines.bin' due to no changes.
[   31.6488] DEV9: DEV9shutdown
[   31.6492] NVRAM has not changed, not writing to disk.
[   31.6616] Releasing host memory for virtual systems...
