[    0.0084] Program Path: /home/ricardo/dev/ps2go/tools/pcsx2/squashfs-root/usr/bin/pcsx2-qt
[    0.0085] AppRoot Directory: /home/ricardo/dev/ps2go/tools/pcsx2/squashfs-root/usr/bin
[    0.0085] Resources Directory: /home/ricardo/dev/ps2go/tools/pcsx2/squashfs-root/usr/bin/resources
[    0.0085] DataRoot Directory: /home/ricardo/dev/ps2go/tools/pcsx2-gc/data/PCSX2
[    0.0085] Loading config from /home/ricardo/dev/ps2go/tools/pcsx2-gc/data/PCSX2/inis/PCSX2.ini.
[    0.0087] Loading secrets from /home/ricardo/dev/ps2go/tools/pcsx2-gc/data/PCSX2/inis/secrets.ini.
[    0.0091] BIOS Directory: /home/ricardo/dev/ps2go/tools/pcsx2-gc/data/PCSX2/bios
[    0.0091] Snapshots Directory: /home/ricardo/dev/ps2go/tools/pcsx2-gc/data/PCSX2/snaps
[    0.0091] Savestates Directory: /home/ricardo/dev/ps2go/tools/pcsx2-gc/data/PCSX2/sstates
[    0.0091] MemoryCards Directory: /home/ricardo/dev/ps2go/tools/pcsx2-gc/data/PCSX2/memcards
[    0.0091] Logs Directory: /home/ricardo/dev/ps2go/tools/pcsx2-gc/data/PCSX2/logs
[    0.0091] Cheats Directory: /home/ricardo/dev/ps2go/tools/pcsx2-gc/data/PCSX2/cheats
[    0.0091] Patches Directory: /home/ricardo/dev/ps2go/tools/pcsx2-gc/data/PCSX2/patches
[    0.0091] Covers Directory: /home/ricardo/dev/ps2go/tools/pcsx2-gc/data/PCSX2/covers
[    0.0091] Game Settings Directory: /home/ricardo/dev/ps2go/tools/pcsx2-gc/data/PCSX2/gamesettings
[    0.0091] Resources Directory: /home/ricardo/dev/ps2go/tools/pcsx2/squashfs-root/usr/bin/resources
[    0.0091] User Resources Directory: /home/ricardo/dev/ps2go/tools/pcsx2-gc/data/PCSX2/resources
[    0.0091] Cache Directory: /home/ricardo/dev/ps2go/tools/pcsx2-gc/data/PCSX2/cache
[    0.0091] Textures Directory: /home/ricardo/dev/ps2go/tools/pcsx2-gc/data/PCSX2/textures
[    0.0091] Input Profile Directory: /home/ricardo/dev/ps2go/tools/pcsx2-gc/data/PCSX2/inputprofiles
[    0.0091] Video Dumping Directory: /home/ricardo/dev/ps2go/tools/pcsx2-gc/data/PCSX2/videos
[    0.0091] Debugger Layouts Directory: /home/ricardo/dev/ps2go/tools/pcsx2-gc/data/PCSX2/inis/debuggerlayouts
[    0.0091] Debugger Settings Directory: /home/ricardo/dev/ps2go/tools/pcsx2-gc/data/PCSX2/inis/debuggersettings
[    0.0093] Loaded translation file for language en-US
[    0.0159] PCSX2 v2.9.12
[    0.0159] Savestate version: 0x9a590000
[    0.0159] 
[    0.0159] 
[    0.0159] Host Machine Init:
[    0.0160]   Operating System = Ubuntu 24.04
[    0.0160]   Available RAM    = 13927 MB (13.60 GB)
[    0.0160]   Physical RAM     = 15986 MB (15.61 GB)
[    0.0160] 
[    0.0160]   Processor        = Intel Core i5-10400
[    0.0160]   Core Count       = 4 cores
[    0.0160]   Thread Count     = 8 threads
[    0.0160]   Cluster Count    = 1 clusters
[    0.0160] CPU Extensions Detected:
[    0.0160]   AVX AVX2
[    0.0160] 
[    0.0160] Allocating host memory for virtual systems...
[    0.0161]   EE Main Memory                   @ 0x0000761EB7200000 -> 0x0000761EC0100000 [143mb]
[    0.0161]   IOP Main Memory                  @ 0x0000761EC0100000 -> 0x0000761EC8200000 [129mb]
[    0.0161]   VU0/1 On-Chip Memory             @ 0x0000761EC8200000 -> 0x0000761EC8300000 [1mb]
[    0.0161]   VTLB Virtual Map                 @ 0x0000761EC8300000 -> 0x0000761EC8B00000 [8mb]
[    0.0161]   VTLB Address Map                 @ 0x0000761EC8B00000 -> 0x0000761EC8F00000 [4mb]
[    0.0161]   R5900 Recompiler Cache           @ 0x0000761EC8F00000 -> 0x0000761ECCF00000 [64mb]
[    0.0161]   R3000A Recompiler Cache          @ 0x0000761ECCF00000 -> 0x0000761ECEF00000 [32mb]
[    0.0161]   Micro VU0 Recompiler Cache       @ 0x0000761ECFF00000 -> 0x0000761ED3F00000 [64mb]
[    0.0161]   Micro VU1 Recompiler Cache       @ 0x0000761ED3F00000 -> 0x0000761ED7F00000 [64mb]
[    0.0161]   VIF0 Unpack Recompiler Cache     @ 0x0000761ECEF00000 -> 0x0000761ECF700000 [8mb]
[    0.0161]   VIF1 Unpack Recompiler Cache     @ 0x0000761ECF700000 -> 0x0000761ECFF00000 [8mb]
[    0.0161]   VIF Unpack Recompiler Cache      @ 0x0000761ED7F00000 -> 0x0000761ED8000000 [1mb]
[    0.0161]   GS Software Renderer             @ 0x0000761ED8000000 -> 0x0000761EDC000000 [64mb]
[    0.0181] Fastmem area: 0x761db7200000 - 0x761eb71fffff
[    0.0190] Generating SSE-optimized unpacking functions for VIF interpreters...
[    0.0191] Unpack function generation complete.  Generated function statistics:
[    0.0191]   Reserved buffer    : 1048576 bytes @ 0x0000761ED7F00000
[    0.0191]   x86 code generated : 7422 bytes
[    0.0191] 
[    0.0194] SDLInputSource: Using Controller DB from resources.
[    0.0370] SDLInputSource: 759 gamepad mappings are loaded.
[    0.0663] Loading BIOS...
[    0.0663] Searching for a BIOS image in '/home/ricardo/dev/ps2go/tools/pcsx2-gc/data/PCSX2/bios'...
[    0.0664] BIOS Found: USA     v02.00(14/06/2004)  Console 20040614-100909
[    0.0664] Using BIOS '/home/ricardo/dev/ps2go/tools/pcsx2-gc/data/PCSX2/bios/SCPH-70012_BIOS_V12_USA_200.BIN' (USA     v02.00(14/06/2004)  Console 20040614-100909 USA)
[    0.0665] BIOS Found: USA     v02.00(14/06/2004)  Console 20040614-100909
[    0.0692] BIOS rom1 module not found, skipping...
[    0.0692] BIOS rom2 module not found, skipping...
[    0.0692] Mechacon version: 0x00020603
[    0.0693] Opening CDVD...
[    0.0703] Initializing Elf: 2060728 bytes
[    0.0704] Disc changed to .
[    0.0704]   Name: gcexp [?]
[    0.0704]   Serial: gcexp
[    0.0704]   Version: 
[    0.0704]   CRC: 16A115D7
[    0.0705] No game settings found (tried '/home/ricardo/dev/ps2go/tools/pcsx2-gc/data/PCSX2/gamesettings/16A115D7.ini')
[    0.0705] Applying settings...
[    0.0708] [Unsafe Settings] Graphics API is not set to Automatic. This may cause performance problems and graphical issues.
[    0.0708] OSD [unsafe_settings_warning]:  Graphics API is not set to Automatic. This may cause performance problems and graphical issues.
[    0.0708] GameDB: Has not been initialized yet, initializing...
[    0.0828] PINE: New client with FD 17 connected.
[    0.1196] GameDB: 12841 games on record (loaded in 48.74ms)
[    0.1232] Reopening memory cards...
[    0.1233] McdSlot 0 [File]: Mcd001.ps2 [8 MB, UNFORMATTED]
[    0.1233] McdSlot 1 [File]: Mcd002.ps2 [8 MB, UNFORMATTED]
[    0.1241] HLE Host: Set 'host:' root path to: /home/ricardo/dev/ps2go/experiments/gc/build-gc
[    0.1242] EE/iR5900 Recompiler Reset
[    0.1664] iR3000A Recompiler reset.
[    0.1775] mVU Reset
[    0.1778] mVU Reset
[    0.1879] Resetting host memory for virtual systems...
[    0.4236] Time Zone Offset: GMT+00:00
[    0.4237] Time Zone Location: London
[    0.4237] DST: Winter Time
[    0.4237] Time Format: 24-Hour
[    0.4237] Date Format: YYYY/MM/DD
[    0.4237] System Time Basis: Operating System Time
[    0.4237] Resulting System Time: 2026-09-03 17:50:49
[    0.4237] Close virtual disk tray
[    0.4237] Media already loaded (fast boot)
[    0.4237] Opening GS...
[    0.4242] acquireRenderWindow() recreate=true fullscreen=false render_to_main=false surfaceless=false
[    0.4268] (GetRefreshRateFromXRandR) Modeline is invalid: 0/0/0
[    0.4269] Surface refresh rate: 60 Hz
[    0.4553] VK: Enabling extension: VK_KHR_surface
[    0.4553] VK: Enabling extension: VK_KHR_xlib_surface
[    0.4553] VK: Enabling extension: VK_EXT_surface_maintenance1
[    0.4553] VK: Enabling extension: VK_KHR_get_surface_capabilities2
[    0.4616] No GPU requested, using first (llvmpipe (LLVM 20.1.2, 256 bits))
[    0.4621] 1 vulkan queue families
[    0.4625] VK: Enabling extension: VK_KHR_swapchain
[    0.4625] VK: Enabling extension: VK_KHR_push_descriptor
[    0.4625] VK: Enabling extension: VK_EXT_provoking_vertex
[    0.4625] VK: Enabling extension: VK_EXT_memory_budget
[    0.4625] VK: Enabling extension: VK_EXT_calibrated_timestamps
[    0.4625] VK: Enabling extension: VK_EXT_rasterization_order_attachment_access
[    0.4625] VK: Enabling extension: VK_EXT_attachment_feedback_loop_layout
[    0.4626] VK: Enabling extension: VK_EXT_line_rasterization
[    0.4626] VK: Enabling extension: VK_KHR_driver_properties
[    0.4626] VK: Enabling extension: VK_EXT_swapchain_maintenance1
[    0.4626] VK: Enabling extension: VK_EXT_fragment_shader_interlock
[    0.4758] GPU timing is supported (TS=1 TS valid bits=64, TS period=1.000000)
[    0.4758] GPU pipeline statistics is supported
[    0.4758] VK_EXT_provoking_vertex is supported
[    0.4758] VK_EXT_memory_budget is supported
[    0.4758] VK_EXT_calibrated_timestamps is supported
[    0.4758] VK_EXT_rasterization_order_attachment_access is supported
[    0.4758] VK_EXT_swapchain_maintenance1 is supported
[    0.4758] VK_EXT_full_screen_exclusive is NOT supported
[    0.4758] VK_KHR_driver_properties is supported
[    0.4758] VK_EXT_attachment_feedback_loop_layout is supported
[    0.4758] VK_EXT_fragment_shader_interlock is supported
[    0.4759] Read 85 entries from '/home/ricardo/dev/ps2go/tools/pcsx2-gc/data/PCSX2/cache/vulkan_shaders.idx'
[    0.4762] Creating a swap chain with 3 images in present mode VK_PRESENT_MODE_IMMEDIATE_KHR
[    0.4776] Optional features: primitive_id texture_barrier framebuffer_fetch provoking_vertex_last vs_expand
[    0.4776] Using hardware for point expansion and hardware for line expansion.
[    0.6038] Vulkan Graphics Driver Info:
[    0.6038] Driver 25.2.8
[    0.6038] Vulkan 1.4.318
[    0.6038] Conformance Version 1.3.1.1
[    0.6038] Mesa 25.2.8-0ubuntu0.24.04.2 (LLVM 20.1.2)
[    0.6038] llvmpipe
[    0.6038] llvmpipe (LLVM 20.1.2, 256 bits)
[    0.6065] Opening SPU2...
[    0.6076] Creating Cubeb audio stream, sample rate = 48000, expansion = Disabled, buffer = 50, latency = 20, stretching enabled, driver = , device = 
[    0.6135] Minimum latency: 40 ms (1920 audio frames)
[    0.6135] Minimum latency is above requested latency: 1920 vs 960, adjusting to compensate.
[    0.6137] Allocated buffer of 38400 frames for buffer of 50 ms [expansion Disabled (block size 2048), stretch enabled, target size 2432].
[    0.6141] ReportErrorAsync: Error: Failed to create or configure audio stream, falling back to null output. The error was:
[    0.6141] cubeb_stream_init() failed: CUBEB_ERROR (-1)
[    0.6141] Allocated buffer of 2432 frames for buffer of 50 ms [expansion Disabled (block size 2048), stretch disabled, target size 2432].
[    0.6141] Initializing Pad...
[    0.6141] Initializing SIO2...
[    0.6141] Initializing SIO0...
[    0.6141] Opening DEV9...
[    0.6141] DEV9: DEV9init
[    0.6142] DEV9: DEV9init2
[    0.6142] DEV9: DEV9init3
[    0.6189] DEV9: DEV9init ok
[    0.6189] DEV9: DEV9open
[    0.6189] Opening USB...
[    0.6189] Opening FW...
[    0.6191] Frame rate: 60, target speed: 1, target frame rate: 60, ticks per frame: 16666666
[    0.6241] VM subsystems initialized in 557.98 ms
[    0.6248] Failed to inhibit screen saver.
[    0.6250] Failed to inhibit screen saver.
[    0.6424] # Initialize memory (rev:3.70, ctm:196Mhz, cpuclk:147Mhz detected)
[    0.6536] R3000 Debugger: Branch to 0x890 (SYSMEM). Clearing modules.
[    0.6563] RegisterLibraryEntries: excepman version 1.01
[    0.6573] RegisterLibraryEntries:  intrman version 1.02
[    0.6574] RegisterLibraryEntries:   ssbusc version 1.01
[    0.6577] RegisterLibraryEntries:  dmacman version 1.02
[    0.6580] RegisterLibraryEntries:  timrman version 1.01
[    0.6582] RegisterLibraryEntries:  sysclib version 1.01
[    0.6582] RegisterLibraryEntries:    stdio version 1.01
[    0.6583] RegisterLibraryEntries:  heaplib version 1.01
[    0.6586] FW: read mem 0x1f80847c: 0x10000001
[    0.6587] FW: write mem 0x1f808414: 0x417f0000
[    0.6587] FW: read mem 0x1f808400: 0xffc00001
[    0.6587] FW: write mem 0x1f80844c: 0xffffffff
[    0.6587] FW: write mem 0x1f808420: 0xffffffff
[    0.6587] FW: write mem 0x1f808428: 0xffffffff
[    0.6587] FW: write mem 0x1f808430: 0xffffffff
[    0.6596] RegisterLibraryEntries:   thbase version 1.01
[    0.6596] RegisterLibraryEntries:  thevent version 1.01
[    0.6596] RegisterLibraryEntries:  thsemap version 1.01
[    0.6597] RegisterLibraryEntries:  thmsgbx version 1.01
[    0.6597] RegisterLibraryEntries:  thfpool version 1.01
[    0.6597] RegisterLibraryEntries:  thvpool version 1.01
[    0.6605] RegisterLibraryEntries:   vblank version 1.01
[    0.6609] RegisterLibraryEntries:    ioman version 1.02
[    0.6615] RegisterLibraryEntries:  modload version 1.01
[    0.6618] RegisterLibraryEntries:   romdrv version 2.01
[    0.6620] RegisterLibraryEntries:    stdio version 1.02
[    0.6623] RegisterLibraryEntries:   sifman version 1.01
[    0.6625] 
[    0.6625] PlayStation 2 ======== Hard reset boot
[    0.6627]  ROMGEN=2004-0614, IOP info (CPUID=1f, CACH_CONFIG=0, 2MB, IOP mode)
[    0.6629]  <20040614-100909,ROMconf,PS20200AC20040614.bin:11696>
[    0.6666] # Total accessable memory size: 32 MB (B:2:8:0) (370:2:7c30)
[    0.6678] # TLB spad=0 kernel=1:12 default=13:30 extended=31:38
[    0.7646] # Initialize Start.
[    0.7651] # Initialize GS ...
[    0.7651] # Initialize INTC ...
[    0.7651] # Initialize TIMER ...
[    0.7651] # Initialize DMAC ...
[    0.7652] # Initialize VU1 ...
[    0.7655] # Initialize VIF1 ...
[    0.7655] # Initialize GIF ...
[    0.7656] # Initialize VU0 ...
[    0.7657] # Initialize VIF0 ...
[    0.7657] # Initialize IPU ...
[    0.7658] # Initialize FPU ...
[    0.7658] # Initialize User Memory ...
[    0.8016] # Initialize Scratch Pad ...
[    0.8017] # Initialize Done.
[    0.8024] 
[    0.8024] EE DECI2 Manager version 0.06 Feb  6 2003 08:38:48
[    0.8024]   CPUID=2e20, BoardID=0, ROMGEN=2004-0614, 32M
[    0.8024] 
[    0.8026] RegisterLibraryEntries:   sifcmd version 1.01
[    0.8043] Initializing Elf: 2060728 bytes
[    0.8052] ELF Loading: host:gcexp.elf, Game CRC = 16A115D7, EntryPoint = 0x00100AE0
[    0.8076] RegisterLibraryEntries:  cdvdman version 1.01
[    0.8097] RegisterLibraryEntries:  cdvdfsv version 1.01
[    0.8111] RegisterLibraryEntries:  secrman version 1.03
[    0.8112] RegisterLibraryEntries:   eesync version 1.01
[    0.8113] 
[    0.8113] IOP Realtime Kernel Ver.0.9.1
[    0.8113]     Copyright 1999 (C) Sony Computer Entertainment Inc. 
[    0.8118] Reboot service module.(99/11/10)
[    0.8137] cdvd driver module version 0.1.1 (C)SCEI
[    0.8141] Load File service.(99/11/05)
[    0.8141] Multi Threaded Fileio module.(99/11/15) 
[    0.8142] iop heap service (99/11/03)
[    0.8423] loadelf: fname host:gcexp.elf secname all
[    0.8424] loadelf version 3.30
[    0.8427] Input ELF format filename = host:gcexp.elf
[    0.8430] 1 00100000 0005c808 ......
[    0.8430] Loaded, host:gcexp.elf
[    0.8430] start address 0x100ae0
[    0.8431] gp address 00000000
[    0.8435] # Restart Without Memory Clear.
[    0.8584] # Initialize GS ...
[    0.8584] # Initialize INTC ...
[    0.8584] # Initialize TIMER ...
[    0.8585] # Initialize DMAC ...
[    0.8585] # Initialize VU1 ...
[    0.8588] # Initialize VIF1 ...
[    0.8588] # Initialize GIF ...
[    0.8588] # Initialize VU0 ...
[    0.8588] # Initialize VIF0 ...
[    0.8588] # Initialize IPU ...
[    0.8589] # Initialize FPU ...
[    0.8589] # Initialize Scratch Pad ...
[    0.8589] # Restart Without Memory Clear Done.
[    0.8590] ELF host:gcexp.elf with entry point at 0x00100AE0 is executing.
[    0.8590] ELF changed, active CRC 16A115D7 (host:gcexp.elf)
[    0.8594] Applying core settings...
[    0.8600] Updating CPU configuration...
[    0.8601] iR3000A Recompiler reset.
[    0.8632] mVU Reset
[    0.8632] mVU Reset
[    0.8796] iR3000A Recompiler reset.
[    0.8824] mVU Reset
[    0.8825] mVU Reset
[    0.8871] EE/iR5900 Recompiler Reset
[    0.8992] BIOS: Successfully found the instruction pattern. Assuming the thread list is here: 8001a640
[    0.9015] Warning: GetOsdConfigParam2 Reading extended language/version configs, may be incorrect!
[    0.9109] PS2GO-BEGIN 15
[    0.9111] PS2GO-CASE layout RUN
[    0.9114] layout: text=0x100000 data=0x14fa80-0x15c808 bss=0x15c880-0x162e30 sp=0x1ffe9d0
[    0.9117] layout: heap=0x163010-0x1963010 (25165824 bytes) heapStart%16=0 heapStart%64=16
[    0.9752] layout: before GC: inuse=1152 idle=24777504 objects=13 numgc=0 mallocs=13 frees=0 totalalloc=969
[    1.2934] layout: after GC: inuse=832 idle=24777824 objects=12 numgc=1 mallocs=21 frees=9 totalalloc=1121
[    1.2938] PS2GO-CASE layout PASS
[    1.3590] PS2GO-CASE small-objects RUN
[    4.2585] small: end: inuse=502128 idle=24276528 objects=12171 numgc=2 mallocs=306034 frees=293863 totalalloc=11995218
[    4.2586] small: kept 6000 objects, natural GCs during run: 1
[    4.2586] PS2GO-CASE small-objects PASS
[    4.3097] PS2GO-CASE large-objects RUN
[    5.9943] large: end of round 0: free=19100 KB in 5727 runs, largest run=5966 KB, runs>=64K: 1, runs>=1M: 1
[    7.9925] large: round 1 after GC (no stack scrub): inuse=4886432 idle=19892224 objects=4264 numgc=3 mallocs=308870 frees=304606 totalalloc=21396802
[    8.6089] large: round 1 after GC (stack scrubbed): inuse=4891760 idle=19886896 objects=4267 numgc=4 mallocs=308901 frees=304634 totalalloc=21418796
[    8.6093] large: round 1: stale-stack retention = 18014398509481978 KB / 18446744073709551613 objects; kept = 7 objects / 2542 KB
[    8.8918] large: end of round 1: free=19420 KB in 2178 runs, largest run=2879 KB, runs>=64K: 47, runs>=1M: 2
[   10.9925] large: end of round 2: free=14813 KB in 1765 runs, largest run=1855 KB, runs>=64K: 43, runs>=1M: 1
[   12.6611] large: round 3: no free run for 1048576 bytes before GC (largest 831 KB, free 13295 KB in 1759 runs); collecting
[   13.7101] large: round 3 after GC: free=15860 KB in 2184 runs, largest run=831 KB, runs>=64K: 42, runs>=1M: 0
[   13.7753] large: FRAGMENTED: inuse=8537232 idle=16241424 objects=4278 numgc=5 mallocs=310345 frees=306067 totalalloc=27674866
[   13.7759] PS2GO-CASE large-objects FAIL round 3: cannot allocate 1048576 bytes: idle=15860 KB but largest free run=831 KB (4278 objects live, 14 kept)
[   13.8268] PS2GO-CASE maps-strings RUN
[   19.1604] maps: end: inuse=8633936 idle=16144720 objects=6504 numgc=9 mallocs=638271 frees=631767 totalalloc=37110624
[   19.1605] maps: 167 entries live, GCs: 4
[   19.1605] PS2GO-CASE maps-strings PASS
[   19.2257] PS2GO-CASE slice-of-pointers RUN
[   28.2268] ptrslices: end: inuse=8862496 idle=15916160 objects=6285 numgc=19 mallocs=665369 frees=659084 totalalloc=50664651
[   28.2269] ptrslices: 10 slices kept, GCs: 10
[   28.2270] PS2GO-CASE slice-of-pointers PASS
[   28.2921] PS2GO-CASE interior-pointers RUN
[   29.8782] interior: end-pointer object (0x780030, len 4088) survived: true
[   29.8783] PS2GO-CASE interior-pointers PASS
[   29.9421] PS2GO-CASE globals-only RUN
[   29.9423] globals: &gDataSlot=0x150028 in .data=true; &gBssSlot=0x15cb58 in .bss=true; &gDataPtr=0x150034 in .data=true; &gBssPtr=0x15cb64 in .bss=true
[   31.5251] PS2GO-CASE globals-only PASS
[   31.5763] PS2GO-CASE stack-deep RUN
[   31.5924] stack: at depth 120, sp=0x1ffbd50 (17072 bytes used of 128K)
[   33.1930] PS2GO-CASE stack-deep PASS
[   33.2586] PS2GO-CASE closures RUN
[   34.9752] PS2GO-CASE closures PASS
[   35.0263] PS2GO-CASE natural-gc RUN
[   38.3092] natural: GC #28 after 16316000 bytes allocated; inuse=9038544 kept=80
[   41.5418] natural: GC #29 after 32632000 bytes allocated; inuse=9429904 kept=160
[   44.7929] natural: GC #30 after 48948000 bytes allocated; inuse=9898960 kept=240
[   44.7930] PS2GO-CASE natural-gc PASS
[   44.8436] PS2GO-CASE leak-cycles RUN
[   45.6590] leak: baseline: inuse=8564224 idle=16214432 objects=4282 numgc=31 mallocs=716009 frees=711727 totalalloc=128062808
[   46.7259] leak: cycle 0 inuse=11951664 (delta +3387440) objects=9303
[   47.8772] leak: cycle 1 inuse=13605888 (delta +5041664) objects=11320
[   50.0419] fatal error: out of memory
[   50.0419] runtime: abort
[   50.1032] PINE: Client disconnected.
[   50.1082] (VMManager) Pausing...
[   50.1118] Add 49 seconds play time to gcexp -> now 79
[   50.2507] DEV9: DEV9close
[   50.2565] Skipping updating pipeline cache '/home/ricardo/dev/ps2go/tools/pcsx2-gc/data/PCSX2/cache/vulkan_pipelines.bin' due to no changes.
[   50.2619] DEV9: DEV9shutdown
[   50.2621] NVRAM has not changed, not writing to disk.
[   50.2805] Releasing host memory for virtual systems...
