[    0.0089] Program Path: /home/ricardo/dev/ps2go/tools/pcsx2/squashfs-root/usr/bin/pcsx2-qt
[    0.0089] AppRoot Directory: /home/ricardo/dev/ps2go/tools/pcsx2/squashfs-root/usr/bin
[    0.0089] Resources Directory: /home/ricardo/dev/ps2go/tools/pcsx2/squashfs-root/usr/bin/resources
[    0.0089] DataRoot Directory: /home/ricardo/dev/ps2go/tools/pcsx2-gc/data/PCSX2
[    0.0090] Loading config from /home/ricardo/dev/ps2go/tools/pcsx2-gc/data/PCSX2/inis/PCSX2.ini.
[    0.0092] Loading secrets from /home/ricardo/dev/ps2go/tools/pcsx2-gc/data/PCSX2/inis/secrets.ini.
[    0.0096] BIOS Directory: /home/ricardo/dev/ps2go/tools/pcsx2-gc/data/PCSX2/bios
[    0.0096] Snapshots Directory: /home/ricardo/dev/ps2go/tools/pcsx2-gc/data/PCSX2/snaps
[    0.0096] Savestates Directory: /home/ricardo/dev/ps2go/tools/pcsx2-gc/data/PCSX2/sstates
[    0.0096] MemoryCards Directory: /home/ricardo/dev/ps2go/tools/pcsx2-gc/data/PCSX2/memcards
[    0.0096] Logs Directory: /home/ricardo/dev/ps2go/tools/pcsx2-gc/data/PCSX2/logs
[    0.0096] Cheats Directory: /home/ricardo/dev/ps2go/tools/pcsx2-gc/data/PCSX2/cheats
[    0.0097] Patches Directory: /home/ricardo/dev/ps2go/tools/pcsx2-gc/data/PCSX2/patches
[    0.0097] Covers Directory: /home/ricardo/dev/ps2go/tools/pcsx2-gc/data/PCSX2/covers
[    0.0097] Game Settings Directory: /home/ricardo/dev/ps2go/tools/pcsx2-gc/data/PCSX2/gamesettings
[    0.0097] Resources Directory: /home/ricardo/dev/ps2go/tools/pcsx2/squashfs-root/usr/bin/resources
[    0.0097] User Resources Directory: /home/ricardo/dev/ps2go/tools/pcsx2-gc/data/PCSX2/resources
[    0.0097] Cache Directory: /home/ricardo/dev/ps2go/tools/pcsx2-gc/data/PCSX2/cache
[    0.0097] Textures Directory: /home/ricardo/dev/ps2go/tools/pcsx2-gc/data/PCSX2/textures
[    0.0097] Input Profile Directory: /home/ricardo/dev/ps2go/tools/pcsx2-gc/data/PCSX2/inputprofiles
[    0.0097] Video Dumping Directory: /home/ricardo/dev/ps2go/tools/pcsx2-gc/data/PCSX2/videos
[    0.0097] Debugger Layouts Directory: /home/ricardo/dev/ps2go/tools/pcsx2-gc/data/PCSX2/inis/debuggerlayouts
[    0.0097] Debugger Settings Directory: /home/ricardo/dev/ps2go/tools/pcsx2-gc/data/PCSX2/inis/debuggersettings
[    0.0099] Loaded translation file for language en-US
[    0.0159] PCSX2 v2.9.12
[    0.0159] Savestate version: 0x9a590000
[    0.0159] 
[    0.0159] 
[    0.0159] Host Machine Init:
[    0.0160]   Operating System = Ubuntu 24.04
[    0.0160]   Available RAM    = 14277 MB (13.94 GB)
[    0.0160]   Physical RAM     = 15986 MB (15.61 GB)
[    0.0160] 
[    0.0160]   Processor        = Intel Core i5-10400
[    0.0160]   Core Count       = 4 cores
[    0.0160]   Thread Count     = 8 threads
[    0.0160]   Cluster Count    = 1 clusters
[    0.0160] CPU Extensions Detected:
[    0.0160]   AVX AVX2
[    0.0160] 
[    0.0160] Allocating host memory for virtual systems...
[    0.0160]   EE Main Memory                   @ 0x0000778127200000 -> 0x0000778130100000 [143mb]
[    0.0160]   IOP Main Memory                  @ 0x0000778130100000 -> 0x0000778138200000 [129mb]
[    0.0161]   VU0/1 On-Chip Memory             @ 0x0000778138200000 -> 0x0000778138300000 [1mb]
[    0.0161]   VTLB Virtual Map                 @ 0x0000778138300000 -> 0x0000778138B00000 [8mb]
[    0.0161]   VTLB Address Map                 @ 0x0000778138B00000 -> 0x0000778138F00000 [4mb]
[    0.0161]   R5900 Recompiler Cache           @ 0x0000778138F00000 -> 0x000077813CF00000 [64mb]
[    0.0161]   R3000A Recompiler Cache          @ 0x000077813CF00000 -> 0x000077813EF00000 [32mb]
[    0.0161]   Micro VU0 Recompiler Cache       @ 0x000077813FF00000 -> 0x0000778143F00000 [64mb]
[    0.0161]   Micro VU1 Recompiler Cache       @ 0x0000778143F00000 -> 0x0000778147F00000 [64mb]
[    0.0161]   VIF0 Unpack Recompiler Cache     @ 0x000077813EF00000 -> 0x000077813F700000 [8mb]
[    0.0161]   VIF1 Unpack Recompiler Cache     @ 0x000077813F700000 -> 0x000077813FF00000 [8mb]
[    0.0161]   VIF Unpack Recompiler Cache      @ 0x0000778147F00000 -> 0x0000778148000000 [1mb]
[    0.0161]   GS Software Renderer             @ 0x0000778148000000 -> 0x000077814C000000 [64mb]
[    0.0177] Fastmem area: 0x778027200000 - 0x7781271fffff
[    0.0184] Generating SSE-optimized unpacking functions for VIF interpreters...
[    0.0185] Unpack function generation complete.  Generated function statistics:
[    0.0185]   Reserved buffer    : 1048576 bytes @ 0x0000778147F00000
[    0.0185]   x86 code generated : 7422 bytes
[    0.0185] 
[    0.0188] SDLInputSource: Using Controller DB from resources.
[    0.0375] SDLInputSource: 759 gamepad mappings are loaded.
[    0.0695] Loading BIOS...
[    0.0695] Searching for a BIOS image in '/home/ricardo/dev/ps2go/tools/pcsx2-gc/data/PCSX2/bios'...
[    0.0696] BIOS Found: USA     v02.00(14/06/2004)  Console 20040614-100909
[    0.0696] Using BIOS '/home/ricardo/dev/ps2go/tools/pcsx2-gc/data/PCSX2/bios/SCPH-70012_BIOS_V12_USA_200.BIN' (USA     v02.00(14/06/2004)  Console 20040614-100909 USA)
[    0.0697] BIOS Found: USA     v02.00(14/06/2004)  Console 20040614-100909
[    0.0724] BIOS rom1 module not found, skipping...
[    0.0724] BIOS rom2 module not found, skipping...
[    0.0724] Mechacon version: 0x00020603
[    0.0724] Opening CDVD...
[    0.0736] Initializing Elf: 2050468 bytes
[    0.0738] Disc changed to .
[    0.0738]   Name: gcexp [?]
[    0.0738]   Serial: gcexp
[    0.0739]   Version: 
[    0.0739]   CRC: 6A5DD30D
[    0.0739] No game settings found (tried '/home/ricardo/dev/ps2go/tools/pcsx2-gc/data/PCSX2/gamesettings/6A5DD30D.ini')
[    0.0739] Applying settings...
[    0.0743] [Unsafe Settings] Graphics API is not set to Automatic. This may cause performance problems and graphical issues.
[    0.0743] OSD [unsafe_settings_warning]:  Graphics API is not set to Automatic. This may cause performance problems and graphical issues.
[    0.0744] GameDB: Has not been initialized yet, initializing...
[    0.0783] PINE: New client with FD 17 connected.
[    0.1267] GameDB: 12841 games on record (loaded in 52.30ms)
[    0.1305] Reopening memory cards...
[    0.1305] McdSlot 0 [File]: Mcd001.ps2 [8 MB, UNFORMATTED]
[    0.1305] McdSlot 1 [File]: Mcd002.ps2 [8 MB, UNFORMATTED]
[    0.1314] HLE Host: Set 'host:' root path to: /home/ricardo/dev/ps2go/experiments/gc/build-gc
[    0.1315] EE/iR5900 Recompiler Reset
[    0.1812] iR3000A Recompiler reset.
[    0.1923] mVU Reset
[    0.1926] mVU Reset
[    0.2004] Resetting host memory for virtual systems...
[    0.4470] Time Zone Offset: GMT+00:00
[    0.4471] Time Zone Location: London
[    0.4471] DST: Winter Time
[    0.4471] Time Format: 24-Hour
[    0.4471] Date Format: YYYY/MM/DD
[    0.4471] System Time Basis: Operating System Time
[    0.4471] Resulting System Time: 2026-09-03 17:43:43
[    0.4471] Close virtual disk tray
[    0.4471] Media already loaded (fast boot)
[    0.4471] Opening GS...
[    0.4476] acquireRenderWindow() recreate=true fullscreen=false render_to_main=false surfaceless=false
[    0.4510] (GetRefreshRateFromXRandR) Modeline is invalid: 0/0/0
[    0.4510] Surface refresh rate: 60 Hz
[    0.4792] VK: Enabling extension: VK_KHR_surface
[    0.4792] VK: Enabling extension: VK_KHR_xlib_surface
[    0.4792] VK: Enabling extension: VK_EXT_surface_maintenance1
[    0.4792] VK: Enabling extension: VK_KHR_get_surface_capabilities2
[    0.4862] No GPU requested, using first (llvmpipe (LLVM 20.1.2, 256 bits))
[    0.4867] 1 vulkan queue families
[    0.4873] VK: Enabling extension: VK_KHR_swapchain
[    0.4873] VK: Enabling extension: VK_KHR_push_descriptor
[    0.4873] VK: Enabling extension: VK_EXT_provoking_vertex
[    0.4873] VK: Enabling extension: VK_EXT_memory_budget
[    0.4873] VK: Enabling extension: VK_EXT_calibrated_timestamps
[    0.4873] VK: Enabling extension: VK_EXT_rasterization_order_attachment_access
[    0.4873] VK: Enabling extension: VK_EXT_attachment_feedback_loop_layout
[    0.4873] VK: Enabling extension: VK_EXT_line_rasterization
[    0.4873] VK: Enabling extension: VK_KHR_driver_properties
[    0.4873] VK: Enabling extension: VK_EXT_swapchain_maintenance1
[    0.4873] VK: Enabling extension: VK_EXT_fragment_shader_interlock
[    0.5006] GPU timing is supported (TS=1 TS valid bits=64, TS period=1.000000)
[    0.5006] GPU pipeline statistics is supported
[    0.5006] VK_EXT_provoking_vertex is supported
[    0.5006] VK_EXT_memory_budget is supported
[    0.5006] VK_EXT_calibrated_timestamps is supported
[    0.5006] VK_EXT_rasterization_order_attachment_access is supported
[    0.5006] VK_EXT_swapchain_maintenance1 is supported
[    0.5006] VK_EXT_full_screen_exclusive is NOT supported
[    0.5006] VK_KHR_driver_properties is supported
[    0.5006] VK_EXT_attachment_feedback_loop_layout is supported
[    0.5006] VK_EXT_fragment_shader_interlock is supported
[    0.5007] Read 85 entries from '/home/ricardo/dev/ps2go/tools/pcsx2-gc/data/PCSX2/cache/vulkan_shaders.idx'
[    0.5010] Creating a swap chain with 3 images in present mode VK_PRESENT_MODE_IMMEDIATE_KHR
[    0.5020] Optional features: primitive_id texture_barrier framebuffer_fetch provoking_vertex_last vs_expand
[    0.5020] Using hardware for point expansion and hardware for line expansion.
[    0.6441] Vulkan Graphics Driver Info:
[    0.6441] Driver 25.2.8
[    0.6441] Vulkan 1.4.318
[    0.6441] Conformance Version 1.3.1.1
[    0.6441] Mesa 25.2.8-0ubuntu0.24.04.2 (LLVM 20.1.2)
[    0.6441] llvmpipe
[    0.6441] llvmpipe (LLVM 20.1.2, 256 bits)
[    0.6466] Opening SPU2...
[    0.6474] Creating Cubeb audio stream, sample rate = 48000, expansion = Disabled, buffer = 50, latency = 20, stretching enabled, driver = , device = 
[    0.6513] Minimum latency: 40 ms (1920 audio frames)
[    0.6514] Minimum latency is above requested latency: 1920 vs 960, adjusting to compensate.
[    0.6515] Allocated buffer of 38400 frames for buffer of 50 ms [expansion Disabled (block size 2048), stretch enabled, target size 2432].
[    0.6517] ReportErrorAsync: Error: Failed to create or configure audio stream, falling back to null output. The error was:
[    0.6517] cubeb_stream_init() failed: CUBEB_ERROR (-1)
[    0.6517] Allocated buffer of 2432 frames for buffer of 50 ms [expansion Disabled (block size 2048), stretch disabled, target size 2432].
[    0.6517] Initializing Pad...
[    0.6517] Initializing SIO2...
[    0.6517] Initializing SIO0...
[    0.6517] Opening DEV9...
[    0.6517] DEV9: DEV9init
[    0.6518] DEV9: DEV9init2
[    0.6518] DEV9: DEV9init3
[    0.6549] DEV9: DEV9init ok
[    0.6549] DEV9: DEV9open
[    0.6549] Opening USB...
[    0.6549] Opening FW...
[    0.6551] Frame rate: 60, target speed: 1, target frame rate: 60, ticks per frame: 16666666
[    0.6593] VM subsystems initialized in 589.95 ms
[    0.6598] Failed to inhibit screen saver.
[    0.6599] Failed to inhibit screen saver.
[    0.6778] # Initialize memory (rev:3.70, ctm:196Mhz, cpuclk:147Mhz detected)
[    0.6870] R3000 Debugger: Branch to 0x890 (SYSMEM). Clearing modules.
[    0.6885] RegisterLibraryEntries: excepman version 1.01
[    0.6895] RegisterLibraryEntries:  intrman version 1.02
[    0.6896] RegisterLibraryEntries:   ssbusc version 1.01
[    0.6899] RegisterLibraryEntries:  dmacman version 1.02
[    0.6902] RegisterLibraryEntries:  timrman version 1.01
[    0.6903] RegisterLibraryEntries:  sysclib version 1.01
[    0.6904] RegisterLibraryEntries:    stdio version 1.01
[    0.6905] RegisterLibraryEntries:  heaplib version 1.01
[    0.6908] FW: read mem 0x1f80847c: 0x10000001
[    0.6908] FW: write mem 0x1f808414: 0x417f0000
[    0.6908] FW: read mem 0x1f808400: 0xffc00001
[    0.6908] FW: write mem 0x1f80844c: 0xffffffff
[    0.6908] FW: write mem 0x1f808420: 0xffffffff
[    0.6908] FW: write mem 0x1f808428: 0xffffffff
[    0.6908] FW: write mem 0x1f808430: 0xffffffff
[    0.6915] RegisterLibraryEntries:   thbase version 1.01
[    0.6915] RegisterLibraryEntries:  thevent version 1.01
[    0.6915] RegisterLibraryEntries:  thsemap version 1.01
[    0.6916] RegisterLibraryEntries:  thmsgbx version 1.01
[    0.6916] RegisterLibraryEntries:  thfpool version 1.01
[    0.6916] RegisterLibraryEntries:  thvpool version 1.01
[    0.6928] RegisterLibraryEntries:   vblank version 1.01
[    0.6932] RegisterLibraryEntries:    ioman version 1.02
[    0.6937] RegisterLibraryEntries:  modload version 1.01
[    0.6940] RegisterLibraryEntries:   romdrv version 2.01
[    0.6941] RegisterLibraryEntries:    stdio version 1.02
[    0.6944] RegisterLibraryEntries:   sifman version 1.01
[    0.6946] 
[    0.6947] PlayStation 2 ======== Hard reset boot
[    0.6948]  ROMGEN=2004-0614, IOP info (CPUID=1f, CACH_CONFIG=0, 2MB, IOP mode)
[    0.6950]  <20040614-100909,ROMconf,PS20200AC20040614.bin:11696>
[    0.6990] # Total accessable memory size: 32 MB (B:2:8:0) (370:2:7c30)
[    0.6998] # TLB spad=0 kernel=1:12 default=13:30 extended=31:38
[    0.7779] # Initialize Start.
[    0.7783] # Initialize GS ...
[    0.7783] # Initialize INTC ...
[    0.7783] # Initialize TIMER ...
[    0.7784] # Initialize DMAC ...
[    0.7785] # Initialize VU1 ...
[    0.7788] # Initialize VIF1 ...
[    0.7789] # Initialize GIF ...
[    0.7789] # Initialize VU0 ...
[    0.7791] # Initialize VIF0 ...
[    0.7791] # Initialize IPU ...
[    0.7792] # Initialize FPU ...
[    0.7792] # Initialize User Memory ...
[    0.8141] # Initialize Scratch Pad ...
[    0.8142] # Initialize Done.
[    0.8149] 
[    0.8149] EE DECI2 Manager version 0.06 Feb  6 2003 08:38:48
[    0.8149]   CPUID=2e20, BoardID=0, ROMGEN=2004-0614, 32M
[    0.8149] 
[    0.8151] RegisterLibraryEntries:   sifcmd version 1.01
[    0.8167] Initializing Elf: 2050468 bytes
[    0.8177] ELF Loading: host:gcexp.elf, Game CRC = 6A5DD30D, EntryPoint = 0x00100AE0
[    0.8210] RegisterLibraryEntries:  cdvdman version 1.01
[    0.8280] RegisterLibraryEntries:  cdvdfsv version 1.01
[    0.8296] RegisterLibraryEntries:  secrman version 1.03
[    0.8297] RegisterLibraryEntries:   eesync version 1.01
[    0.8299] 
[    0.8299] IOP Realtime Kernel Ver.0.9.1
[    0.8299]     Copyright 1999 (C) Sony Computer Entertainment Inc. 
[    0.8305] Reboot service module.(99/11/10)
[    0.8326] cdvd driver module version 0.1.1 (C)SCEI
[    0.8330] Load File service.(99/11/05)
[    0.8330] Multi Threaded Fileio module.(99/11/15) 
[    0.8331] iop heap service (99/11/03)
[    0.8608] loadelf: fname host:gcexp.elf secname all
[    0.8609] loadelf version 3.30
[    0.8612] Input ELF format filename = host:gcexp.elf
[    0.8617] 1 00100000 0005b508 ......
[    0.8617] Loaded, host:gcexp.elf
[    0.8618] start address 0x100ae0
[    0.8618] gp address 00000000
[    0.8624] # Restart Without Memory Clear.
[    0.8767] # Initialize GS ...
[    0.8768] # Initialize INTC ...
[    0.8768] # Initialize TIMER ...
[    0.8768] # Initialize DMAC ...
[    0.8768] # Initialize VU1 ...
[    0.8769] # Initialize VIF1 ...
[    0.8770] # Initialize GIF ...
[    0.8770] # Initialize VU0 ...
[    0.8770] # Initialize VIF0 ...
[    0.8770] # Initialize IPU ...
[    0.8770] # Initialize FPU ...
[    0.8770] # Initialize Scratch Pad ...
[    0.8771] # Restart Without Memory Clear Done.
[    0.8772] ELF host:gcexp.elf with entry point at 0x00100AE0 is executing.
[    0.8772] ELF changed, active CRC 6A5DD30D (host:gcexp.elf)
[    0.8777] Applying core settings...
[    0.8787] Updating CPU configuration...
[    0.8787] iR3000A Recompiler reset.
[    0.8827] mVU Reset
[    0.8828] mVU Reset
[    0.8995] iR3000A Recompiler reset.
[    0.9026] mVU Reset
[    0.9027] mVU Reset
[    0.9071] EE/iR5900 Recompiler Reset
[    0.9199] BIOS: Successfully found the instruction pattern. Assuming the thread list is here: 8001a640
[    0.9217] Warning: GetOsdConfigParam2 Reading extended language/version configs, may be incorrect!
[    0.9312] PS2GO-BEGIN 14
[    0.9314] PS2GO-CASE layout RUN
[    0.9316] layout: text=0x100000 data=0x14ea80-0x15b508 bss=0x15b580-0x161b30 sp0x161fe0
[    0.9319] layout: heap=0x161d10-0x1961d10 (25165824 bytes) heapStart%16=0 heapStart%64=16
[    0.9935] layout: before GC: inuse=1152 idle=24777504 objects=14 numgc=0 mallocs=14 frees=0 totalalloc=948
[    1.3121] layout: after GC: inuse=832 idle=24777824 objects=13 numgc=1 mallocs=22 frees=9 totalalloc=1100
[    1.3125] PS2GO-CASE layout PASS
[    1.3773] PS2GO-CASE small-objects RUN
[    4.2283] small: end: inuse=503152 idle=24275504 objects=12184 numgc=2 mallocs=306035 frees=293851 totalalloc=11995197
[    4.2284] small: kept 6000 objects, natural GCs during run: 1
[    4.2284] PS2GO-CASE small-objects PASS
[    4.2938] PS2GO-CASE large-objects RUN
[    9.5938] fatal error: out of memory
[    9.5938] runtime: abort
[    9.6091] PINE: Client disconnected.
[    9.6099] (VMManager) Pausing...
[    9.6120] Add 9 seconds play time to gcexp -> now 9
[    9.7336] DEV9: DEV9close
[    9.7394] Skipping updating pipeline cache '/home/ricardo/dev/ps2go/tools/pcsx2-gc/data/PCSX2/cache/vulkan_pipelines.bin' due to no changes.
[    9.7425] DEV9: DEV9shutdown
[    9.7425] NVRAM has not changed, not writing to disk.
[    9.7543] Releasing host memory for virtual systems...
