[    0.0122] Program Path: /home/ricardo/dev/ps2go/tools/pcsx2/squashfs-root/usr/bin/pcsx2-qt
[    0.0122] AppRoot Directory: /home/ricardo/dev/ps2go/tools/pcsx2/squashfs-root/usr/bin
[    0.0122] Resources Directory: /home/ricardo/dev/ps2go/tools/pcsx2/squashfs-root/usr/bin/resources
[    0.0123] DataRoot Directory: /home/ricardo/dev/ps2go/tools/pcsx2-gc/data/PCSX2
[    0.0123] Loading config from /home/ricardo/dev/ps2go/tools/pcsx2-gc/data/PCSX2/inis/PCSX2.ini.
[    0.0126] Loading secrets from /home/ricardo/dev/ps2go/tools/pcsx2-gc/data/PCSX2/inis/secrets.ini.
[    0.0133] BIOS Directory: /home/ricardo/dev/ps2go/tools/pcsx2-gc/data/PCSX2/bios
[    0.0133] Snapshots Directory: /home/ricardo/dev/ps2go/tools/pcsx2-gc/data/PCSX2/snaps
[    0.0133] Savestates Directory: /home/ricardo/dev/ps2go/tools/pcsx2-gc/data/PCSX2/sstates
[    0.0133] MemoryCards Directory: /home/ricardo/dev/ps2go/tools/pcsx2-gc/data/PCSX2/memcards
[    0.0133] Logs Directory: /home/ricardo/dev/ps2go/tools/pcsx2-gc/data/PCSX2/logs
[    0.0133] Cheats Directory: /home/ricardo/dev/ps2go/tools/pcsx2-gc/data/PCSX2/cheats
[    0.0133] Patches Directory: /home/ricardo/dev/ps2go/tools/pcsx2-gc/data/PCSX2/patches
[    0.0133] Covers Directory: /home/ricardo/dev/ps2go/tools/pcsx2-gc/data/PCSX2/covers
[    0.0133] Game Settings Directory: /home/ricardo/dev/ps2go/tools/pcsx2-gc/data/PCSX2/gamesettings
[    0.0133] Resources Directory: /home/ricardo/dev/ps2go/tools/pcsx2/squashfs-root/usr/bin/resources
[    0.0133] User Resources Directory: /home/ricardo/dev/ps2go/tools/pcsx2-gc/data/PCSX2/resources
[    0.0133] Cache Directory: /home/ricardo/dev/ps2go/tools/pcsx2-gc/data/PCSX2/cache
[    0.0133] Textures Directory: /home/ricardo/dev/ps2go/tools/pcsx2-gc/data/PCSX2/textures
[    0.0133] Input Profile Directory: /home/ricardo/dev/ps2go/tools/pcsx2-gc/data/PCSX2/inputprofiles
[    0.0133] Video Dumping Directory: /home/ricardo/dev/ps2go/tools/pcsx2-gc/data/PCSX2/videos
[    0.0133] Debugger Layouts Directory: /home/ricardo/dev/ps2go/tools/pcsx2-gc/data/PCSX2/inis/debuggerlayouts
[    0.0133] Debugger Settings Directory: /home/ricardo/dev/ps2go/tools/pcsx2-gc/data/PCSX2/inis/debuggersettings
[    0.0136] Loaded translation file for language en-US
[    0.0228] PCSX2 v2.9.12
[    0.0228] Savestate version: 0x9a590000
[    0.0228] 
[    0.0228] 
[    0.0228] Host Machine Init:
[    0.0229]   Operating System = Ubuntu 24.04
[    0.0229]   Available RAM    = 14496 MB (14.16 GB)
[    0.0229]   Physical RAM     = 15986 MB (15.61 GB)
[    0.0229] 
[    0.0229]   Processor        = Intel Core i5-10400
[    0.0229]   Core Count       = 4 cores
[    0.0229]   Thread Count     = 8 threads
[    0.0229]   Cluster Count    = 1 clusters
[    0.0229] CPU Extensions Detected:
[    0.0229]   AVX AVX2
[    0.0229] 
[    0.0229] Allocating host memory for virtual systems...
[    0.0230]   EE Main Memory                   @ 0x00007ED067200000 -> 0x00007ED070100000 [143mb]
[    0.0230]   IOP Main Memory                  @ 0x00007ED070100000 -> 0x00007ED078200000 [129mb]
[    0.0230]   VU0/1 On-Chip Memory             @ 0x00007ED078200000 -> 0x00007ED078300000 [1mb]
[    0.0230]   VTLB Virtual Map                 @ 0x00007ED078300000 -> 0x00007ED078B00000 [8mb]
[    0.0230]   VTLB Address Map                 @ 0x00007ED078B00000 -> 0x00007ED078F00000 [4mb]
[    0.0230]   R5900 Recompiler Cache           @ 0x00007ED078F00000 -> 0x00007ED07CF00000 [64mb]
[    0.0230]   R3000A Recompiler Cache          @ 0x00007ED07CF00000 -> 0x00007ED07EF00000 [32mb]
[    0.0230]   Micro VU0 Recompiler Cache       @ 0x00007ED07FF00000 -> 0x00007ED083F00000 [64mb]
[    0.0230]   Micro VU1 Recompiler Cache       @ 0x00007ED083F00000 -> 0x00007ED087F00000 [64mb]
[    0.0230]   VIF0 Unpack Recompiler Cache     @ 0x00007ED07EF00000 -> 0x00007ED07F700000 [8mb]
[    0.0230]   VIF1 Unpack Recompiler Cache     @ 0x00007ED07F700000 -> 0x00007ED07FF00000 [8mb]
[    0.0230]   VIF Unpack Recompiler Cache      @ 0x00007ED087F00000 -> 0x00007ED088000000 [1mb]
[    0.0230]   GS Software Renderer             @ 0x00007ED088000000 -> 0x00007ED08C000000 [64mb]
[    0.0250] Fastmem area: 0x7ecf67200000 - 0x7ed0671fffff
[    0.0259] Generating SSE-optimized unpacking functions for VIF interpreters...
[    0.0260] Unpack function generation complete.  Generated function statistics:
[    0.0260]   Reserved buffer    : 1048576 bytes @ 0x00007ED087F00000
[    0.0260]   x86 code generated : 7422 bytes
[    0.0260] 
[    0.0265] SDLInputSource: Using Controller DB from resources.
[    0.0450] SDLInputSource: 759 gamepad mappings are loaded.
[    0.0720] PINE: New client with FD 17 connected.
[    0.0803] Loading BIOS...
[    0.0803] Searching for a BIOS image in '/home/ricardo/dev/ps2go/tools/pcsx2-gc/data/PCSX2/bios'...
[    0.0804] BIOS Found: USA     v02.00(14/06/2004)  Console 20040614-100909
[    0.0804] Using BIOS '/home/ricardo/dev/ps2go/tools/pcsx2-gc/data/PCSX2/bios/SCPH-70012_BIOS_V12_USA_200.BIN' (USA     v02.00(14/06/2004)  Console 20040614-100909 USA)
[    0.0804] BIOS Found: USA     v02.00(14/06/2004)  Console 20040614-100909
[    0.0835] BIOS rom1 module not found, skipping...
[    0.0835] BIOS rom2 module not found, skipping...
[    0.0835] Mechacon version: 0x00020603
[    0.0835] Opening CDVD...
[    0.0847] Initializing Elf: 2067452 bytes
[    0.0849] Disc changed to .
[    0.0849]   Name: gcexp [?]
[    0.0849]   Serial: gcexp
[    0.0849]   Version: 
[    0.0849]   CRC: 9162A7D6
[    0.0849] No game settings found (tried '/home/ricardo/dev/ps2go/tools/pcsx2-gc/data/PCSX2/gamesettings/9162A7D6.ini')
[    0.0849] Applying settings...
[    0.0852] [Unsafe Settings] Graphics API is not set to Automatic. This may cause performance problems and graphical issues.
[    0.0852] OSD [unsafe_settings_warning]:  Graphics API is not set to Automatic. This may cause performance problems and graphical issues.
[    0.0853] GameDB: Has not been initialized yet, initializing...
[    0.1373] GameDB: 12841 games on record (loaded in 51.98ms)
[    0.1408] Reopening memory cards...
[    0.1409] McdSlot 0 [File]: Mcd001.ps2 [8 MB, UNFORMATTED]
[    0.1409] McdSlot 1 [File]: Mcd002.ps2 [8 MB, UNFORMATTED]
[    0.1418] HLE Host: Set 'host:' root path to: /home/ricardo/dev/ps2go/experiments/gc/build-gc
[    0.1419] EE/iR5900 Recompiler Reset
[    0.1874] iR3000A Recompiler reset.
[    0.1976] mVU Reset
[    0.1979] mVU Reset
[    0.2047] Resetting host memory for virtual systems...
[    0.4153] Time Zone Offset: GMT+00:00
[    0.4153] Time Zone Location: London
[    0.4153] DST: Winter Time
[    0.4153] Time Format: 24-Hour
[    0.4153] Date Format: YYYY/MM/DD
[    0.4153] System Time Basis: Operating System Time
[    0.4153] Resulting System Time: 2026-09-03 17:54:01
[    0.4153] Close virtual disk tray
[    0.4153] Media already loaded (fast boot)
[    0.4153] Opening GS...
[    0.4158] acquireRenderWindow() recreate=true fullscreen=false render_to_main=false surfaceless=false
[    0.4185] (GetRefreshRateFromXRandR) Modeline is invalid: 0/0/0
[    0.4185] Surface refresh rate: 60 Hz
[    0.4454] VK: Enabling extension: VK_KHR_surface
[    0.4454] VK: Enabling extension: VK_KHR_xlib_surface
[    0.4454] VK: Enabling extension: VK_EXT_surface_maintenance1
[    0.4454] VK: Enabling extension: VK_KHR_get_surface_capabilities2
[    0.4515] No GPU requested, using first (llvmpipe (LLVM 20.1.2, 256 bits))
[    0.4520] 1 vulkan queue families
[    0.4524] VK: Enabling extension: VK_KHR_swapchain
[    0.4524] VK: Enabling extension: VK_KHR_push_descriptor
[    0.4524] VK: Enabling extension: VK_EXT_provoking_vertex
[    0.4524] VK: Enabling extension: VK_EXT_memory_budget
[    0.4524] VK: Enabling extension: VK_EXT_calibrated_timestamps
[    0.4524] VK: Enabling extension: VK_EXT_rasterization_order_attachment_access
[    0.4524] VK: Enabling extension: VK_EXT_attachment_feedback_loop_layout
[    0.4524] VK: Enabling extension: VK_EXT_line_rasterization
[    0.4524] VK: Enabling extension: VK_KHR_driver_properties
[    0.4524] VK: Enabling extension: VK_EXT_swapchain_maintenance1
[    0.4524] VK: Enabling extension: VK_EXT_fragment_shader_interlock
[    0.4644] GPU timing is supported (TS=1 TS valid bits=64, TS period=1.000000)
[    0.4644] GPU pipeline statistics is supported
[    0.4644] VK_EXT_provoking_vertex is supported
[    0.4644] VK_EXT_memory_budget is supported
[    0.4645] VK_EXT_calibrated_timestamps is supported
[    0.4645] VK_EXT_rasterization_order_attachment_access is supported
[    0.4645] VK_EXT_swapchain_maintenance1 is supported
[    0.4645] VK_EXT_full_screen_exclusive is NOT supported
[    0.4645] VK_KHR_driver_properties is supported
[    0.4645] VK_EXT_attachment_feedback_loop_layout is supported
[    0.4645] VK_EXT_fragment_shader_interlock is supported
[    0.4646] Read 85 entries from '/home/ricardo/dev/ps2go/tools/pcsx2-gc/data/PCSX2/cache/vulkan_shaders.idx'
[    0.4648] Creating a swap chain with 3 images in present mode VK_PRESENT_MODE_IMMEDIATE_KHR
[    0.4658] Optional features: primitive_id texture_barrier framebuffer_fetch provoking_vertex_last vs_expand
[    0.4658] Using hardware for point expansion and hardware for line expansion.
[    0.5976] Vulkan Graphics Driver Info:
[    0.5976] Driver 25.2.8
[    0.5976] Vulkan 1.4.318
[    0.5976] Conformance Version 1.3.1.1
[    0.5976] Mesa 25.2.8-0ubuntu0.24.04.2 (LLVM 20.1.2)
[    0.5976] llvmpipe
[    0.5976] llvmpipe (LLVM 20.1.2, 256 bits)
[    0.6002] Opening SPU2...
[    0.6010] Creating Cubeb audio stream, sample rate = 48000, expansion = Disabled, buffer = 50, latency = 20, stretching enabled, driver = , device = 
[    0.6049] Minimum latency: 40 ms (1920 audio frames)
[    0.6049] Minimum latency is above requested latency: 1920 vs 960, adjusting to compensate.
[    0.6051] Allocated buffer of 38400 frames for buffer of 50 ms [expansion Disabled (block size 2048), stretch enabled, target size 2432].
[    0.6053] ReportErrorAsync: Error: Failed to create or configure audio stream, falling back to null output. The error was:
[    0.6053] cubeb_stream_init() failed: CUBEB_ERROR (-1)
[    0.6053] Allocated buffer of 2432 frames for buffer of 50 ms [expansion Disabled (block size 2048), stretch disabled, target size 2432].
[    0.6053] Initializing Pad...
[    0.6053] Initializing SIO2...
[    0.6053] Initializing SIO0...
[    0.6053] Opening DEV9...
[    0.6053] DEV9: DEV9init
[    0.6054] DEV9: DEV9init2
[    0.6054] DEV9: DEV9init3
[    0.6095] DEV9: DEV9init ok
[    0.6095] DEV9: DEV9open
[    0.6095] Opening USB...
[    0.6095] Opening FW...
[    0.6097] Frame rate: 60, target speed: 1, target frame rate: 60, ticks per frame: 16666666
[    0.6147] VM subsystems initialized in 534.79 ms
[    0.6153] Failed to inhibit screen saver.
[    0.6155] Failed to inhibit screen saver.
[    0.6334] # Initialize memory (rev:3.70, ctm:196Mhz, cpuclk:147Mhz detected)
[    0.6432] R3000 Debugger: Branch to 0x890 (SYSMEM). Clearing modules.
[    0.6446] RegisterLibraryEntries: excepman version 1.01
[    0.6463] RegisterLibraryEntries:  intrman version 1.02
[    0.6464] RegisterLibraryEntries:   ssbusc version 1.01
[    0.6466] RegisterLibraryEntries:  dmacman version 1.02
[    0.6469] RegisterLibraryEntries:  timrman version 1.01
[    0.6471] RegisterLibraryEntries:  sysclib version 1.01
[    0.6471] RegisterLibraryEntries:    stdio version 1.01
[    0.6472] RegisterLibraryEntries:  heaplib version 1.01
[    0.6475] FW: read mem 0x1f80847c: 0x10000001
[    0.6475] FW: write mem 0x1f808414: 0x417f0000
[    0.6475] FW: read mem 0x1f808400: 0xffc00001
[    0.6475] FW: write mem 0x1f80844c: 0xffffffff
[    0.6475] FW: write mem 0x1f808420: 0xffffffff
[    0.6475] FW: write mem 0x1f808428: 0xffffffff
[    0.6475] FW: write mem 0x1f808430: 0xffffffff
[    0.6488] RegisterLibraryEntries:   thbase version 1.01
[    0.6489] RegisterLibraryEntries:  thevent version 1.01
[    0.6489] RegisterLibraryEntries:  thsemap version 1.01
[    0.6489] RegisterLibraryEntries:  thmsgbx version 1.01
[    0.6489] RegisterLibraryEntries:  thfpool version 1.01
[    0.6489] RegisterLibraryEntries:  thvpool version 1.01
[    0.6496] RegisterLibraryEntries:   vblank version 1.01
[    0.6500] RegisterLibraryEntries:    ioman version 1.02
[    0.6505] RegisterLibraryEntries:  modload version 1.01
[    0.6507] RegisterLibraryEntries:   romdrv version 2.01
[    0.6509] RegisterLibraryEntries:    stdio version 1.02
[    0.6512] RegisterLibraryEntries:   sifman version 1.01
[    0.6514] 
[    0.6514] PlayStation 2 ======== Hard reset boot
[    0.6516]  ROMGEN=2004-0614, IOP info (CPUID=1f, CACH_CONFIG=0, 2MB, IOP mode)
[    0.6517]  <20040614-100909,ROMconf,PS20200AC20040614.bin:11696>
[    0.6549] # Total accessable memory size: 32 MB (B:2:8:0) (370:2:7c30)
[    0.6559] # TLB spad=0 kernel=1:12 default=13:30 extended=31:38
[    0.7283] # Initialize Start.
[    0.7291] # Initialize GS ...
[    0.7291] # Initialize INTC ...
[    0.7291] # Initialize TIMER ...
[    0.7292] # Initialize DMAC ...
[    0.7293] # Initialize VU1 ...
[    0.7295] # Initialize VIF1 ...
[    0.7296] # Initialize GIF ...
[    0.7296] # Initialize VU0 ...
[    0.7298] # Initialize VIF0 ...
[    0.7298] # Initialize IPU ...
[    0.7299] # Initialize FPU ...
[    0.7299] # Initialize User Memory ...
[    0.7589] # Initialize Scratch Pad ...
[    0.7590] # Initialize Done.
[    0.7596] 
[    0.7597] EE DECI2 Manager version 0.06 Feb  6 2003 08:38:48
[    0.7597]   CPUID=2e20, BoardID=0, ROMGEN=2004-0614, 32M
[    0.7597] 
[    0.7599] RegisterLibraryEntries:   sifcmd version 1.01
[    0.7615] Initializing Elf: 2067452 bytes
[    0.7624] ELF Loading: host:gcexp.elf, Game CRC = 9162A7D6, EntryPoint = 0x00100AE0
[    0.7648] RegisterLibraryEntries:  cdvdman version 1.01
[    0.7665] RegisterLibraryEntries:  cdvdfsv version 1.01
[    0.7679] RegisterLibraryEntries:  secrman version 1.03
[    0.7680] RegisterLibraryEntries:   eesync version 1.01
[    0.7681] 
[    0.7681] IOP Realtime Kernel Ver.0.9.1
[    0.7682]     Copyright 1999 (C) Sony Computer Entertainment Inc. 
[    0.7687] Reboot service module.(99/11/10)
[    0.7706] cdvd driver module version 0.1.1 (C)SCEI
[    0.7710] Load File service.(99/11/05)
[    0.7710] Multi Threaded Fileio module.(99/11/15) 
[    0.7711] iop heap service (99/11/03)
[    0.7997] loadelf: fname host:gcexp.elf secname all
[    0.7997] loadelf version 3.30
[    0.8002] Input ELF format filename = host:gcexp.elf
[    0.8006] 1 00100000 0005d308 ......
[    0.8006] Loaded, host:gcexp.elf
[    0.8006] start address 0x100ae0
[    0.8007] gp address 00000000
[    0.8011] # Restart Without Memory Clear.
[    0.8155] # Initialize GS ...
[    0.8156] # Initialize INTC ...
[    0.8156] # Initialize TIMER ...
[    0.8156] # Initialize DMAC ...
[    0.8156] # Initialize VU1 ...
[    0.8159] # Initialize VIF1 ...
[    0.8160] # Initialize GIF ...
[    0.8160] # Initialize VU0 ...
[    0.8160] # Initialize VIF0 ...
[    0.8160] # Initialize IPU ...
[    0.8160] # Initialize FPU ...
[    0.8160] # Initialize Scratch Pad ...
[    0.8160] # Restart Without Memory Clear Done.
[    0.8161] ELF host:gcexp.elf with entry point at 0x00100AE0 is executing.
[    0.8162] ELF changed, active CRC 9162A7D6 (host:gcexp.elf)
[    0.8165] Applying core settings...
[    0.8175] Updating CPU configuration...
[    0.8175] iR3000A Recompiler reset.
[    0.8225] mVU Reset
[    0.8226] mVU Reset
[    0.8424] iR3000A Recompiler reset.
[    0.8453] mVU Reset
[    0.8453] mVU Reset
[    0.8495] EE/iR5900 Recompiler Reset
[    0.8619] BIOS: Successfully found the instruction pattern. Assuming the thread list is here: 8001a640
[    0.8639] Warning: GetOsdConfigParam2 Reading extended language/version configs, may be incorrect!
[    0.8844] PS2GO-BEGIN 17
[    0.8846] PS2GO-CASE layout RUN
[    0.8849] layout: text=0x100000 data=0x150480-0x15d308 bss=0x15d380-0x163930 sp=0x1ffe9d0
[    0.8852] layout: heap=0x163b10-0x1963b10 (25165824 bytes) heapStart%16=0 heapStart%64=16
[    0.9491] layout: before GC: inuse=1200 idle=24777456 objects=13 numgc=0 mallocs=13 frees=0 totalalloc=1017
[    1.2671] layout: after GC: inuse=880 idle=24777776 objects=12 numgc=1 mallocs=21 frees=9 totalalloc=1170
[    1.2673] PS2GO-CASE layout PASS
[    1.3326] PS2GO-CASE gc-cost RUN
[    3.0178] gccost: empty heap (inuse=944): min 271.949653ms avg 271.954861ms
[    4.9506] gccost: 1 MB live (1 x 1MB []byte): min 358.262153ms avg 359.567361ms
[    7.6657] gccost: 1 MB live (16384 x 64B []byte): min 442.850694ms avg 442.865277ms
[   11.2002] gccost: 3970 KB live (20000 linked objs, 56404 objects): min 568.633681ms avg 568.646875ms
[   18.9842] gccost: 8 MB live (8 x 1MB []byte): min 1.115114584s avg 1.116141319s
[   29.5509] gccost: 23939 KB live (131072 x 64B): min 1.804605902s avg 1.8050978s
[   40.3668] gccost: sp at depth 240 = 0x1ffaac0 (21824 bytes of stack in use)
[   49.4005] gccost: stack scan: shallow 1.800574653s, with 100 KB of stack in use 1.807987847s (delta 7.413194ms)
[   49.4006] PS2GO-CASE gc-cost PASS
[   49.4660] PS2GO-CASE finalizers RUN
[   52.8506] finalizer: after 1st GC: ran=1 id=42 allocOK=true
[   56.2512] finalizer: after 3 GCs: ran=1
[   56.2513] PS2GO-CASE finalizers PASS
[   56.3162] PS2GO-CASE c-memory-pointer RUN
[   56.3163] cmem: C slot at 0x1963b20 (outside Go heap 0x163b10-0x1963b10: true)
[   70.1835] cmem: objects before GC 170206, after 170177; intact after GC: false; intact after churn: false
[   70.1836] cmem: as expected, the object referenced only from C memory was collected and its memory reused
[   70.1837] PS2GO-CASE c-memory-pointer PASS
[   70.2337] PS2GO-CASE false-retention RUN
[   73.7000] fatal error: out of memory
[   73.7001] runtime: abort
[   73.7509] PINE: Client disconnected.
[   73.7654] (VMManager) Pausing...
[   73.7674] Add 73 seconds play time to gcexp -> now 152
[   73.9035] DEV9: DEV9close
[   73.9095] Skipping updating pipeline cache '/home/ricardo/dev/ps2go/tools/pcsx2-gc/data/PCSX2/cache/vulkan_pipelines.bin' due to no changes.
[   73.9129] DEV9: DEV9shutdown
[   73.9131] NVRAM has not changed, not writing to disk.
[   73.9277] Releasing host memory for virtual systems...
