[    0.0107] Program Path: /home/ricardo/dev/ps2go/tools/pcsx2/squashfs-root/usr/bin/pcsx2-qt
[    0.0108] AppRoot Directory: /home/ricardo/dev/ps2go/tools/pcsx2/squashfs-root/usr/bin
[    0.0108] Resources Directory: /home/ricardo/dev/ps2go/tools/pcsx2/squashfs-root/usr/bin/resources
[    0.0108] DataRoot Directory: /home/ricardo/dev/ps2go/tools/pcsx2-gc/data/PCSX2
[    0.0108] Loading config from /home/ricardo/dev/ps2go/tools/pcsx2-gc/data/PCSX2/inis/PCSX2.ini.
[    0.0111] Loading secrets from /home/ricardo/dev/ps2go/tools/pcsx2-gc/data/PCSX2/inis/secrets.ini.
[    0.0116] BIOS Directory: /home/ricardo/dev/ps2go/tools/pcsx2-gc/data/PCSX2/bios
[    0.0116] Snapshots Directory: /home/ricardo/dev/ps2go/tools/pcsx2-gc/data/PCSX2/snaps
[    0.0116] Savestates Directory: /home/ricardo/dev/ps2go/tools/pcsx2-gc/data/PCSX2/sstates
[    0.0116] MemoryCards Directory: /home/ricardo/dev/ps2go/tools/pcsx2-gc/data/PCSX2/memcards
[    0.0116] Logs Directory: /home/ricardo/dev/ps2go/tools/pcsx2-gc/data/PCSX2/logs
[    0.0116] Cheats Directory: /home/ricardo/dev/ps2go/tools/pcsx2-gc/data/PCSX2/cheats
[    0.0116] Patches Directory: /home/ricardo/dev/ps2go/tools/pcsx2-gc/data/PCSX2/patches
[    0.0116] Covers Directory: /home/ricardo/dev/ps2go/tools/pcsx2-gc/data/PCSX2/covers
[    0.0116] Game Settings Directory: /home/ricardo/dev/ps2go/tools/pcsx2-gc/data/PCSX2/gamesettings
[    0.0116] Resources Directory: /home/ricardo/dev/ps2go/tools/pcsx2/squashfs-root/usr/bin/resources
[    0.0116] User Resources Directory: /home/ricardo/dev/ps2go/tools/pcsx2-gc/data/PCSX2/resources
[    0.0116] Cache Directory: /home/ricardo/dev/ps2go/tools/pcsx2-gc/data/PCSX2/cache
[    0.0116] Textures Directory: /home/ricardo/dev/ps2go/tools/pcsx2-gc/data/PCSX2/textures
[    0.0116] Input Profile Directory: /home/ricardo/dev/ps2go/tools/pcsx2-gc/data/PCSX2/inputprofiles
[    0.0116] Video Dumping Directory: /home/ricardo/dev/ps2go/tools/pcsx2-gc/data/PCSX2/videos
[    0.0116] Debugger Layouts Directory: /home/ricardo/dev/ps2go/tools/pcsx2-gc/data/PCSX2/inis/debuggerlayouts
[    0.0116] Debugger Settings Directory: /home/ricardo/dev/ps2go/tools/pcsx2-gc/data/PCSX2/inis/debuggersettings
[    0.0119] Loaded translation file for language en-US
[    0.0178] PCSX2 v2.9.12
[    0.0178] Savestate version: 0x9a590000
[    0.0178] 
[    0.0178] 
[    0.0178] Host Machine Init:
[    0.0179]   Operating System = Ubuntu 24.04
[    0.0179]   Available RAM    = 14534 MB (14.19 GB)
[    0.0179]   Physical RAM     = 15986 MB (15.61 GB)
[    0.0179] 
[    0.0179]   Processor        = Intel Core i5-10400
[    0.0179]   Core Count       = 4 cores
[    0.0179]   Thread Count     = 8 threads
[    0.0179]   Cluster Count    = 1 clusters
[    0.0179] CPU Extensions Detected:
[    0.0179]   AVX AVX2
[    0.0179] 
[    0.0179] Allocating host memory for virtual systems...
[    0.0180]   EE Main Memory                   @ 0x00007143E3200000 -> 0x00007143EC100000 [143mb]
[    0.0180]   IOP Main Memory                  @ 0x00007143EC100000 -> 0x00007143F4200000 [129mb]
[    0.0180]   VU0/1 On-Chip Memory             @ 0x00007143F4200000 -> 0x00007143F4300000 [1mb]
[    0.0180]   VTLB Virtual Map                 @ 0x00007143F4300000 -> 0x00007143F4B00000 [8mb]
[    0.0180]   VTLB Address Map                 @ 0x00007143F4B00000 -> 0x00007143F4F00000 [4mb]
[    0.0180]   R5900 Recompiler Cache           @ 0x00007143F4F00000 -> 0x00007143F8F00000 [64mb]
[    0.0180]   R3000A Recompiler Cache          @ 0x00007143F8F00000 -> 0x00007143FAF00000 [32mb]
[    0.0180]   Micro VU0 Recompiler Cache       @ 0x00007143FBF00000 -> 0x00007143FFF00000 [64mb]
[    0.0180]   Micro VU1 Recompiler Cache       @ 0x00007143FFF00000 -> 0x0000714403F00000 [64mb]
[    0.0181]   VIF0 Unpack Recompiler Cache     @ 0x00007143FAF00000 -> 0x00007143FB700000 [8mb]
[    0.0181]   VIF1 Unpack Recompiler Cache     @ 0x00007143FB700000 -> 0x00007143FBF00000 [8mb]
[    0.0181]   VIF Unpack Recompiler Cache      @ 0x0000714403F00000 -> 0x0000714404000000 [1mb]
[    0.0181]   GS Software Renderer             @ 0x0000714404000000 -> 0x0000714408000000 [64mb]
[    0.0200] Fastmem area: 0x7142e3200000 - 0x7143e31fffff
[    0.0207] Generating SSE-optimized unpacking functions for VIF interpreters...
[    0.0207] Unpack function generation complete.  Generated function statistics:
[    0.0207]   Reserved buffer    : 1048576 bytes @ 0x0000714403F00000
[    0.0207]   x86 code generated : 7422 bytes
[    0.0207] 
[    0.0210] SDLInputSource: Using Controller DB from resources.
[    0.0377] SDLInputSource: 759 gamepad mappings are loaded.
[    0.0691] Loading BIOS...
[    0.0691] Searching for a BIOS image in '/home/ricardo/dev/ps2go/tools/pcsx2-gc/data/PCSX2/bios'...
[    0.0692] BIOS Found: USA     v02.00(14/06/2004)  Console 20040614-100909
[    0.0692] Using BIOS '/home/ricardo/dev/ps2go/tools/pcsx2-gc/data/PCSX2/bios/SCPH-70012_BIOS_V12_USA_200.BIN' (USA     v02.00(14/06/2004)  Console 20040614-100909 USA)
[    0.0692] BIOS Found: USA     v02.00(14/06/2004)  Console 20040614-100909
[    0.0723] BIOS rom1 module not found, skipping...
[    0.0724] BIOS rom2 module not found, skipping...
[    0.0724] Mechacon version: 0x00020603
[    0.0724] Opening CDVD...
[    0.0736] Initializing Elf: 1807184 bytes
[    0.0738] Disc changed to .
[    0.0738]   Name: gcoom [?]
[    0.0739]   Serial: gcoom
[    0.0739]   Version: 
[    0.0739]   CRC: C9CF6398
[    0.0739] No game settings found (tried '/home/ricardo/dev/ps2go/tools/pcsx2-gc/data/PCSX2/gamesettings/C9CF6398.ini')
[    0.0739] Applying settings...
[    0.0742] [Unsafe Settings] Graphics API is not set to Automatic. This may cause performance problems and graphical issues.
[    0.0742] OSD [unsafe_settings_warning]:  Graphics API is not set to Automatic. This may cause performance problems and graphical issues.
[    0.0743] GameDB: Has not been initialized yet, initializing...
[    0.0802] PINE: New client with FD 17 connected.
[    0.1248] GameDB: 12841 games on record (loaded in 50.47ms)
[    0.1285] Reopening memory cards...
[    0.1285] McdSlot 0 [File]: Mcd001.ps2 [8 MB, UNFORMATTED]
[    0.1285] McdSlot 1 [File]: Mcd002.ps2 [8 MB, UNFORMATTED]
[    0.1294] HLE Host: Set 'host:' root path to: /home/ricardo/dev/ps2go/experiments/gc/build-gc
[    0.1295] EE/iR5900 Recompiler Reset
[    0.1740] iR3000A Recompiler reset.
[    0.1847] mVU Reset
[    0.1849] mVU Reset
[    0.1923] Resetting host memory for virtual systems...
[    0.4092] Time Zone Offset: GMT+00:00
[    0.4092] Time Zone Location: London
[    0.4092] DST: Winter Time
[    0.4092] Time Format: 24-Hour
[    0.4092] Date Format: YYYY/MM/DD
[    0.4092] System Time Basis: Operating System Time
[    0.4092] Resulting System Time: 2026-09-03 17:52:18
[    0.4092] Close virtual disk tray
[    0.4092] Media already loaded (fast boot)
[    0.4092] Opening GS...
[    0.4097] acquireRenderWindow() recreate=true fullscreen=false render_to_main=false surfaceless=false
[    0.4124] (GetRefreshRateFromXRandR) Modeline is invalid: 0/0/0
[    0.4125] Surface refresh rate: 60 Hz
[    0.4414] VK: Enabling extension: VK_KHR_surface
[    0.4414] VK: Enabling extension: VK_KHR_xlib_surface
[    0.4414] VK: Enabling extension: VK_EXT_surface_maintenance1
[    0.4414] VK: Enabling extension: VK_KHR_get_surface_capabilities2
[    0.4484] No GPU requested, using first (llvmpipe (LLVM 20.1.2, 256 bits))
[    0.4489] 1 vulkan queue families
[    0.4493] VK: Enabling extension: VK_KHR_swapchain
[    0.4493] VK: Enabling extension: VK_KHR_push_descriptor
[    0.4493] VK: Enabling extension: VK_EXT_provoking_vertex
[    0.4493] VK: Enabling extension: VK_EXT_memory_budget
[    0.4493] VK: Enabling extension: VK_EXT_calibrated_timestamps
[    0.4493] VK: Enabling extension: VK_EXT_rasterization_order_attachment_access
[    0.4493] VK: Enabling extension: VK_EXT_attachment_feedback_loop_layout
[    0.4493] VK: Enabling extension: VK_EXT_line_rasterization
[    0.4493] VK: Enabling extension: VK_KHR_driver_properties
[    0.4493] VK: Enabling extension: VK_EXT_swapchain_maintenance1
[    0.4493] VK: Enabling extension: VK_EXT_fragment_shader_interlock
[    0.4619] GPU timing is supported (TS=1 TS valid bits=64, TS period=1.000000)
[    0.4619] GPU pipeline statistics is supported
[    0.4620] VK_EXT_provoking_vertex is supported
[    0.4620] VK_EXT_memory_budget is supported
[    0.4620] VK_EXT_calibrated_timestamps is supported
[    0.4620] VK_EXT_rasterization_order_attachment_access is supported
[    0.4620] VK_EXT_swapchain_maintenance1 is supported
[    0.4620] VK_EXT_full_screen_exclusive is NOT supported
[    0.4620] VK_KHR_driver_properties is supported
[    0.4620] VK_EXT_attachment_feedback_loop_layout is supported
[    0.4620] VK_EXT_fragment_shader_interlock is supported
[    0.4621] Read 85 entries from '/home/ricardo/dev/ps2go/tools/pcsx2-gc/data/PCSX2/cache/vulkan_shaders.idx'
[    0.4623] Creating a swap chain with 3 images in present mode VK_PRESENT_MODE_IMMEDIATE_KHR
[    0.4633] Optional features: primitive_id texture_barrier framebuffer_fetch provoking_vertex_last vs_expand
[    0.4633] Using hardware for point expansion and hardware for line expansion.
[    0.5910] Vulkan Graphics Driver Info:
[    0.5910] Driver 25.2.8
[    0.5910] Vulkan 1.4.318
[    0.5910] Conformance Version 1.3.1.1
[    0.5910] Mesa 25.2.8-0ubuntu0.24.04.2 (LLVM 20.1.2)
[    0.5910] llvmpipe
[    0.5910] llvmpipe (LLVM 20.1.2, 256 bits)
[    0.5936] Opening SPU2...
[    0.5944] Creating Cubeb audio stream, sample rate = 48000, expansion = Disabled, buffer = 50, latency = 20, stretching enabled, driver = , device = 
[    0.5992] Minimum latency: 40 ms (1920 audio frames)
[    0.5992] Minimum latency is above requested latency: 1920 vs 960, adjusting to compensate.
[    0.5994] Allocated buffer of 38400 frames for buffer of 50 ms [expansion Disabled (block size 2048), stretch enabled, target size 2432].
[    0.5997] ReportErrorAsync: Error: Failed to create or configure audio stream, falling back to null output. The error was:
[    0.5997] cubeb_stream_init() failed: CUBEB_ERROR (-1)
[    0.5997] Allocated buffer of 2432 frames for buffer of 50 ms [expansion Disabled (block size 2048), stretch disabled, target size 2432].
[    0.5998] Initializing Pad...
[    0.5998] Initializing SIO2...
[    0.5998] Initializing SIO0...
[    0.5998] Opening DEV9...
[    0.5998] DEV9: DEV9init
[    0.5998] DEV9: DEV9init2
[    0.5998] DEV9: DEV9init3
[    0.6036] DEV9: DEV9init ok
[    0.6036] DEV9: DEV9open
[    0.6036] Opening USB...
[    0.6036] Opening FW...
[    0.6038] Frame rate: 60, target speed: 1, target frame rate: 60, ticks per frame: 16666666
[    0.6086] VM subsystems initialized in 539.75 ms
[    0.6092] Failed to inhibit screen saver.
[    0.6094] Failed to inhibit screen saver.
[    0.6270] # Initialize memory (rev:3.70, ctm:196Mhz, cpuclk:147Mhz detected)
[    0.6372] R3000 Debugger: Branch to 0x890 (SYSMEM). Clearing modules.
[    0.6396] RegisterLibraryEntries: excepman version 1.01
[    0.6406] RegisterLibraryEntries:  intrman version 1.02
[    0.6407] RegisterLibraryEntries:   ssbusc version 1.01
[    0.6410] RegisterLibraryEntries:  dmacman version 1.02
[    0.6415] RegisterLibraryEntries:  timrman version 1.01
[    0.6417] RegisterLibraryEntries:  sysclib version 1.01
[    0.6417] RegisterLibraryEntries:    stdio version 1.01
[    0.6418] RegisterLibraryEntries:  heaplib version 1.01
[    0.6422] FW: read mem 0x1f80847c: 0x10000001
[    0.6422] FW: write mem 0x1f808414: 0x417f0000
[    0.6422] FW: read mem 0x1f808400: 0xffc00001
[    0.6422] FW: write mem 0x1f80844c: 0xffffffff
[    0.6422] FW: write mem 0x1f808420: 0xffffffff
[    0.6422] FW: write mem 0x1f808428: 0xffffffff
[    0.6422] FW: write mem 0x1f808430: 0xffffffff
[    0.6430] RegisterLibraryEntries:   thbase version 1.01
[    0.6430] RegisterLibraryEntries:  thevent version 1.01
[    0.6430] RegisterLibraryEntries:  thsemap version 1.01
[    0.6431] RegisterLibraryEntries:  thmsgbx version 1.01
[    0.6431] RegisterLibraryEntries:  thfpool version 1.01
[    0.6432] RegisterLibraryEntries:  thvpool version 1.01
[    0.6439] RegisterLibraryEntries:   vblank version 1.01
[    0.6444] RegisterLibraryEntries:    ioman version 1.02
[    0.6449] RegisterLibraryEntries:  modload version 1.01
[    0.6452] RegisterLibraryEntries:   romdrv version 2.01
[    0.6454] RegisterLibraryEntries:    stdio version 1.02
[    0.6456] RegisterLibraryEntries:   sifman version 1.01
[    0.6458] 
[    0.6459] PlayStation 2 ======== Hard reset boot
[    0.6460]  ROMGEN=2004-0614, IOP info (CPUID=1f, CACH_CONFIG=0, 2MB, IOP mode)
[    0.6462]  <20040614-100909,ROMconf,PS20200AC20040614.bin:11696>
[    0.6494] # Total accessable memory size: 32 MB (B:2:8:0) (370:2:7c30)
[    0.6504] # TLB spad=0 kernel=1:12 default=13:30 extended=31:38
[    0.7271] # Initialize Start.
[    0.7275] # Initialize GS ...
[    0.7275] # Initialize INTC ...
[    0.7275] # Initialize TIMER ...
[    0.7276] # Initialize DMAC ...
[    0.7277] # Initialize VU1 ...
[    0.7279] # Initialize VIF1 ...
[    0.7280] # Initialize GIF ...
[    0.7280] # Initialize VU0 ...
[    0.7282] # Initialize VIF0 ...
[    0.7282] # Initialize IPU ...
[    0.7283] # Initialize FPU ...
[    0.7283] # Initialize User Memory ...
[    0.7634] # Initialize Scratch Pad ...
[    0.7635] # Initialize Done.
[    0.7641] 
[    0.7642] EE DECI2 Manager version 0.06 Feb  6 2003 08:38:48
[    0.7642]   CPUID=2e20, BoardID=0, ROMGEN=2004-0614, 32M
[    0.7642] 
[    0.7644] RegisterLibraryEntries:   sifcmd version 1.01
[    0.7658] Initializing Elf: 1807184 bytes
[    0.7666] ELF Loading: host:gcoom.elf, Game CRC = C9CF6398, EntryPoint = 0x00100AE0
[    0.7689] RegisterLibraryEntries:  cdvdman version 1.01
[    0.7772] RegisterLibraryEntries:  cdvdfsv version 1.01
[    0.7786] RegisterLibraryEntries:  secrman version 1.03
[    0.7787] RegisterLibraryEntries:   eesync version 1.01
[    0.7788] 
[    0.7789] IOP Realtime Kernel Ver.0.9.1
[    0.7789]     Copyright 1999 (C) Sony Computer Entertainment Inc. 
[    0.7794] Reboot service module.(99/11/10)
[    0.7813] cdvd driver module version 0.1.1 (C)SCEI
[    0.7817] Load File service.(99/11/05)
[    0.7818] Multi Threaded Fileio module.(99/11/15) 
[    0.7818] iop heap service (99/11/03)
[    0.8100] loadelf: fname host:gcoom.elf secname all
[    0.8101] loadelf version 3.30
[    0.8104] Input ELF format filename = host:gcoom.elf
[    0.8107] 1 00100000 00044708 .....
[    0.8107] Loaded, host:gcoom.elf
[    0.8108] start address 0x100ae0
[    0.8108] gp address 00000000
[    0.8112] # Restart Without Memory Clear.
[    0.8261] # Initialize GS ...
[    0.8262] # Initialize INTC ...
[    0.8262] # Initialize TIMER ...
[    0.8262] # Initialize DMAC ...
[    0.8262] # Initialize VU1 ...
[    0.8265] # Initialize VIF1 ...
[    0.8265] # Initialize GIF ...
[    0.8265] # Initialize VU0 ...
[    0.8266] # Initialize VIF0 ...
[    0.8266] # Initialize IPU ...
[    0.8266] # Initialize FPU ...
[    0.8266] # Initialize Scratch Pad ...
[    0.8266] # Restart Without Memory Clear Done.
[    0.8267] ELF host:gcoom.elf with entry point at 0x00100AE0 is executing.
[    0.8268] ELF changed, active CRC C9CF6398 (host:gcoom.elf)
[    0.8272] Applying core settings...
[    0.8278] Updating CPU configuration...
[    0.8278] iR3000A Recompiler reset.
[    0.8311] mVU Reset
[    0.8312] mVU Reset
[    0.8479] iR3000A Recompiler reset.
[    0.8508] mVU Reset
[    0.8508] mVU Reset
[    0.8550] EE/iR5900 Recompiler Reset
[    0.8665] BIOS: Successfully found the instruction pattern. Assuming the thread list is here: 8001a640
[    0.8684] Warning: GetOsdConfigParam2 Reading extended language/version configs, may be incorrect!
[    0.8783] PS2GO-BEGIN 1
[    0.8785] PS2GO-CASE heap-exhaustion RUN
[    0.8788] oom: heap 0x14ae50-0x194ae50 (25165824 bytes)
[    0.9428] oom: start: inuse=528 idle=24778128 objects=10 numgc=0
[    0.9429] oom: allocating chunk 0 (live so far 0 KB)
[    0.9435] oom: allocating chunk 1 (live so far 512 KB)
[    0.9440] oom: allocating chunk 2 (live so far 1024 KB)
[    0.9445] oom: allocating chunk 3 (live so far 1536 KB)
[    0.9595] oom: allocating chunk 4 (live so far 2048 KB)
[    0.9603] oom: allocating chunk 5 (live so far 2560 KB)
[    0.9610] oom: allocating chunk 6 (live so far 3072 KB)
[    0.9615] oom: allocating chunk 7 (live so far 3584 KB)
[    1.0273] oom: progress: inuse=4195776 idle=20582880 objects=34 numgc=0
[    1.0273] oom: allocating chunk 8 (live so far 4096 KB)
[    1.0278] oom: allocating chunk 9 (live so far 4608 KB)
[    1.0427] oom: allocating chunk 10 (live so far 5120 KB)
[    1.0434] oom: allocating chunk 11 (live so far 5632 KB)
[    1.0441] oom: allocating chunk 12 (live so far 6144 KB)
[    1.0448] oom: allocating chunk 13 (live so far 6656 KB)
[    1.0594] oom: allocating chunk 14 (live so far 7168 KB)
[    1.0602] oom: allocating chunk 15 (live so far 7680 KB)
[    1.1114] oom: progress: inuse=8391072 idle=16387584 objects=56 numgc=0
[    1.1114] oom: allocating chunk 16 (live so far 8192 KB)
[    1.1266] oom: allocating chunk 17 (live so far 8704 KB)
[    1.1273] oom: allocating chunk 18 (live so far 9216 KB)
[    1.1278] oom: allocating chunk 19 (live so far 9728 KB)
[    1.1283] oom: allocating chunk 20 (live so far 10240 KB)
[    1.1433] oom: allocating chunk 21 (live so far 10752 KB)
[    1.1440] oom: allocating chunk 22 (live so far 11264 KB)
[    1.1445] oom: allocating chunk 23 (live so far 11776 KB)
[    1.2106] oom: progress: inuse=12586560 idle=12192096 objects=78 numgc=0
[    1.2107] oom: allocating chunk 24 (live so far 12288 KB)
[    1.2114] oom: allocating chunk 25 (live so far 12800 KB)
[    1.2119] oom: allocating chunk 26 (live so far 13312 KB)
[    1.2265] oom: allocating chunk 27 (live so far 13824 KB)
[    1.2271] oom: allocating chunk 28 (live so far 14336 KB)
[    1.2276] oom: allocating chunk 29 (live so far 14848 KB)
[    1.2281] oom: allocating chunk 30 (live so far 15360 KB)
[    1.2431] oom: allocating chunk 31 (live so far 15872 KB)
[    2.2931] oom: after timed GC: inuse=16778480 idle=8000176 objects=39 numgc=1
[    2.2939] oom: runtime.GC() with 16385 KB live took 989.133681ms
[    2.3439] oom: progress: inuse=16778880 idle=7999776 objects=49 numgc=1
[    2.3439] oom: allocating chunk 32 (live so far 16384 KB)
[    2.3444] oom: allocating chunk 33 (live so far 16896 KB)
[    2.3598] oom: allocating chunk 34 (live so far 17408 KB)
[    2.3604] oom: allocating chunk 35 (live so far 17920 KB)
[    2.3610] oom: allocating chunk 36 (live so far 18432 KB)
[    2.3615] oom: allocating chunk 37 (live so far 18944 KB)
[    2.3766] oom: allocating chunk 38 (live so far 19456 KB)
[    2.3773] oom: allocating chunk 39 (live so far 19968 KB)
[    3.5928] oom: after timed GC: inuse=20973472 idle=3805184 objects=50 numgc=2
[    3.5929] oom: runtime.GC() with 20481 KB live took 1.147362847s
[    3.6440] oom: progress: inuse=20973728 idle=3804928 objects=59 numgc=2
[    3.6440] oom: allocating chunk 40 (live so far 20480 KB)
[    3.6448] oom: allocating chunk 41 (live so far 20992 KB)
[    3.6453] oom: allocating chunk 42 (live so far 21504 KB)
[    3.6601] oom: allocating chunk 43 (live so far 22016 KB)
[    3.6608] oom: allocating chunk 44 (live so far 22528 KB)
[    3.6614] oom: allocating chunk 45 (live so far 23040 KB)
[    4.9945] oom: after timed GC: inuse=24119296 idle=659360 objects=56 numgc=3
[    4.9946] oom: runtime.GC() with 23554 KB live took 1.270711806s
[   20.4772] oom: 100000 small garbage allocations with 23554 KB live OK
[   20.5428] oom: after small allocs: inuse=24234096 idle=544560 objects=1492 numgc=15
[   20.5429] oom: allocating chunk 46 (live so far 23552 KB)
[   21.8098] fatal error: out of memory
[   21.8099] runtime: abort
[   21.8382] PINE: Client disconnected.
[   21.8426] (VMManager) Pausing...
[   21.8446] Add 21 seconds play time to gcoom -> now 29
[   21.9629] DEV9: DEV9close
[   21.9673] Skipping updating pipeline cache '/home/ricardo/dev/ps2go/tools/pcsx2-gc/data/PCSX2/cache/vulkan_pipelines.bin' due to no changes.
[   21.9702] DEV9: DEV9shutdown
[   21.9703] NVRAM has not changed, not writing to disk.
[   21.9828] Releasing host memory for virtual systems...
