[    0.0090] Program Path: /home/ricardo/dev/ps2go/tools/pcsx2/squashfs-root/usr/bin/pcsx2-qt
[    0.0090] AppRoot Directory: /home/ricardo/dev/ps2go/tools/pcsx2/squashfs-root/usr/bin
[    0.0090] Resources Directory: /home/ricardo/dev/ps2go/tools/pcsx2/squashfs-root/usr/bin/resources
[    0.0090] DataRoot Directory: /home/ricardo/dev/ps2go/tools/pcsx2-gc/data/PCSX2
[    0.0090] Loading config from /home/ricardo/dev/ps2go/tools/pcsx2-gc/data/PCSX2/inis/PCSX2.ini.
[    0.0093] Loading secrets from /home/ricardo/dev/ps2go/tools/pcsx2-gc/data/PCSX2/inis/secrets.ini.
[    0.0097] BIOS Directory: /home/ricardo/dev/ps2go/tools/pcsx2-gc/data/PCSX2/bios
[    0.0097] Snapshots Directory: /home/ricardo/dev/ps2go/tools/pcsx2-gc/data/PCSX2/snaps
[    0.0097] Savestates Directory: /home/ricardo/dev/ps2go/tools/pcsx2-gc/data/PCSX2/sstates
[    0.0097] MemoryCards Directory: /home/ricardo/dev/ps2go/tools/pcsx2-gc/data/PCSX2/memcards
[    0.0097] Logs Directory: /home/ricardo/dev/ps2go/tools/pcsx2-gc/data/PCSX2/logs
[    0.0097] Cheats Directory: /home/ricardo/dev/ps2go/tools/pcsx2-gc/data/PCSX2/cheats
[    0.0097] Patches Directory: /home/ricardo/dev/ps2go/tools/pcsx2-gc/data/PCSX2/patches
[    0.0097] Covers Directory: /home/ricardo/dev/ps2go/tools/pcsx2-gc/data/PCSX2/covers
[    0.0097] Game Settings Directory: /home/ricardo/dev/ps2go/tools/pcsx2-gc/data/PCSX2/gamesettings
[    0.0097] Resources Directory: /home/ricardo/dev/ps2go/tools/pcsx2/squashfs-root/usr/bin/resources
[    0.0097] User Resources Directory: /home/ricardo/dev/ps2go/tools/pcsx2-gc/data/PCSX2/resources
[    0.0097] Cache Directory: /home/ricardo/dev/ps2go/tools/pcsx2-gc/data/PCSX2/cache
[    0.0097] Textures Directory: /home/ricardo/dev/ps2go/tools/pcsx2-gc/data/PCSX2/textures
[    0.0097] Input Profile Directory: /home/ricardo/dev/ps2go/tools/pcsx2-gc/data/PCSX2/inputprofiles
[    0.0097] Video Dumping Directory: /home/ricardo/dev/ps2go/tools/pcsx2-gc/data/PCSX2/videos
[    0.0097] Debugger Layouts Directory: /home/ricardo/dev/ps2go/tools/pcsx2-gc/data/PCSX2/inis/debuggerlayouts
[    0.0097] Debugger Settings Directory: /home/ricardo/dev/ps2go/tools/pcsx2-gc/data/PCSX2/inis/debuggersettings
[    0.0100] Loaded translation file for language en-US
[    0.0164] PCSX2 v2.9.12
[    0.0164] Savestate version: 0x9a590000
[    0.0164] 
[    0.0164] 
[    0.0164] Host Machine Init:
[    0.0165]   Operating System = Ubuntu 24.04
[    0.0165]   Available RAM    = 14506 MB (14.17 GB)
[    0.0165]   Physical RAM     = 15986 MB (15.61 GB)
[    0.0165] 
[    0.0165]   Processor        = Intel Core i5-10400
[    0.0165]   Core Count       = 4 cores
[    0.0165]   Thread Count     = 8 threads
[    0.0165]   Cluster Count    = 1 clusters
[    0.0165] CPU Extensions Detected:
[    0.0165]   AVX AVX2
[    0.0165] 
[    0.0165] Allocating host memory for virtual systems...
[    0.0166]   EE Main Memory                   @ 0x00007A1CA7200000 -> 0x00007A1CB0100000 [143mb]
[    0.0166]   IOP Main Memory                  @ 0x00007A1CB0100000 -> 0x00007A1CB8200000 [129mb]
[    0.0166]   VU0/1 On-Chip Memory             @ 0x00007A1CB8200000 -> 0x00007A1CB8300000 [1mb]
[    0.0166]   VTLB Virtual Map                 @ 0x00007A1CB8300000 -> 0x00007A1CB8B00000 [8mb]
[    0.0166]   VTLB Address Map                 @ 0x00007A1CB8B00000 -> 0x00007A1CB8F00000 [4mb]
[    0.0166]   R5900 Recompiler Cache           @ 0x00007A1CB8F00000 -> 0x00007A1CBCF00000 [64mb]
[    0.0166]   R3000A Recompiler Cache          @ 0x00007A1CBCF00000 -> 0x00007A1CBEF00000 [32mb]
[    0.0166]   Micro VU0 Recompiler Cache       @ 0x00007A1CBFF00000 -> 0x00007A1CC3F00000 [64mb]
[    0.0166]   Micro VU1 Recompiler Cache       @ 0x00007A1CC3F00000 -> 0x00007A1CC7F00000 [64mb]
[    0.0166]   VIF0 Unpack Recompiler Cache     @ 0x00007A1CBEF00000 -> 0x00007A1CBF700000 [8mb]
[    0.0166]   VIF1 Unpack Recompiler Cache     @ 0x00007A1CBF700000 -> 0x00007A1CBFF00000 [8mb]
[    0.0166]   VIF Unpack Recompiler Cache      @ 0x00007A1CC7F00000 -> 0x00007A1CC8000000 [1mb]
[    0.0166]   GS Software Renderer             @ 0x00007A1CC8000000 -> 0x00007A1CCC000000 [64mb]
[    0.0184] Fastmem area: 0x7a1ba7200000 - 0x7a1ca71fffff
[    0.0193] Generating SSE-optimized unpacking functions for VIF interpreters...
[    0.0194] Unpack function generation complete.  Generated function statistics:
[    0.0194]   Reserved buffer    : 1048576 bytes @ 0x00007A1CC7F00000
[    0.0194]   x86 code generated : 7422 bytes
[    0.0194] 
[    0.0198] SDLInputSource: Using Controller DB from resources.
[    0.0385] SDLInputSource: 759 gamepad mappings are loaded.
[    0.0775] PINE: New client with FD 14 connected.
[    0.0832] Loading BIOS...
[    0.0832] Searching for a BIOS image in '/home/ricardo/dev/ps2go/tools/pcsx2-gc/data/PCSX2/bios'...
[    0.0833] BIOS Found: USA     v02.00(14/06/2004)  Console 20040614-100909
[    0.0833] Using BIOS '/home/ricardo/dev/ps2go/tools/pcsx2-gc/data/PCSX2/bios/SCPH-70012_BIOS_V12_USA_200.BIN' (USA     v02.00(14/06/2004)  Console 20040614-100909 USA)
[    0.0833] BIOS Found: USA     v02.00(14/06/2004)  Console 20040614-100909
[    0.0863] BIOS rom1 module not found, skipping...
[    0.0863] BIOS rom2 module not found, skipping...
[    0.0864] Mechacon version: 0x00020603
[    0.0864] Opening CDVD...
[    0.0874] Initializing Elf: 1807244 bytes
[    0.0876] Disc changed to .
[    0.0876]   Name: gcoom [?]
[    0.0876]   Serial: gcoom
[    0.0876]   Version: 
[    0.0877]   CRC: 3AE7D948
[    0.0877] No game settings found (tried '/home/ricardo/dev/ps2go/tools/pcsx2-gc/data/PCSX2/gamesettings/3AE7D948.ini')
[    0.0877] Applying settings...
[    0.0880] [Unsafe Settings] Graphics API is not set to Automatic. This may cause performance problems and graphical issues.
[    0.0880] OSD [unsafe_settings_warning]:  Graphics API is not set to Automatic. This may cause performance problems and graphical issues.
[    0.0881] GameDB: Has not been initialized yet, initializing...
[    0.1443] GameDB: 12841 games on record (loaded in 56.24ms)
[    0.1485] Reopening memory cards...
[    0.1485] McdSlot 0 [File]: Mcd001.ps2 [8 MB, UNFORMATTED]
[    0.1485] McdSlot 1 [File]: Mcd002.ps2 [8 MB, UNFORMATTED]
[    0.1494] HLE Host: Set 'host:' root path to: /home/ricardo/dev/ps2go/experiments/gc/build-gc
[    0.1495] EE/iR5900 Recompiler Reset
[    0.2001] iR3000A Recompiler reset.
[    0.2122] mVU Reset
[    0.2125] mVU Reset
[    0.2205] Resetting host memory for virtual systems...
[    0.4614] Time Zone Offset: GMT+00:00
[    0.4614] Time Zone Location: London
[    0.4614] DST: Winter Time
[    0.4614] Time Format: 24-Hour
[    0.4614] Date Format: YYYY/MM/DD
[    0.4614] System Time Basis: Operating System Time
[    0.4614] Resulting System Time: 2026-09-03 17:46:48
[    0.4614] Close virtual disk tray
[    0.4614] Media already loaded (fast boot)
[    0.4615] Opening GS...
[    0.4620] acquireRenderWindow() recreate=true fullscreen=false render_to_main=false surfaceless=false
[    0.4652] (GetRefreshRateFromXRandR) Modeline is invalid: 0/0/0
[    0.4652] Surface refresh rate: 60 Hz
[    0.4952] VK: Enabling extension: VK_KHR_surface
[    0.4952] VK: Enabling extension: VK_KHR_xlib_surface
[    0.4952] VK: Enabling extension: VK_EXT_surface_maintenance1
[    0.4952] VK: Enabling extension: VK_KHR_get_surface_capabilities2
[    0.5022] No GPU requested, using first (llvmpipe (LLVM 20.1.2, 256 bits))
[    0.5027] 1 vulkan queue families
[    0.5034] VK: Enabling extension: VK_KHR_swapchain
[    0.5034] VK: Enabling extension: VK_KHR_push_descriptor
[    0.5034] VK: Enabling extension: VK_EXT_provoking_vertex
[    0.5034] VK: Enabling extension: VK_EXT_memory_budget
[    0.5034] VK: Enabling extension: VK_EXT_calibrated_timestamps
[    0.5034] VK: Enabling extension: VK_EXT_rasterization_order_attachment_access
[    0.5034] VK: Enabling extension: VK_EXT_attachment_feedback_loop_layout
[    0.5034] VK: Enabling extension: VK_EXT_line_rasterization
[    0.5034] VK: Enabling extension: VK_KHR_driver_properties
[    0.5034] VK: Enabling extension: VK_EXT_swapchain_maintenance1
[    0.5034] VK: Enabling extension: VK_EXT_fragment_shader_interlock
[    0.5173] GPU timing is supported (TS=1 TS valid bits=64, TS period=1.000000)
[    0.5173] GPU pipeline statistics is supported
[    0.5173] VK_EXT_provoking_vertex is supported
[    0.5173] VK_EXT_memory_budget is supported
[    0.5173] VK_EXT_calibrated_timestamps is supported
[    0.5173] VK_EXT_rasterization_order_attachment_access is supported
[    0.5173] VK_EXT_swapchain_maintenance1 is supported
[    0.5173] VK_EXT_full_screen_exclusive is NOT supported
[    0.5173] VK_KHR_driver_properties is supported
[    0.5173] VK_EXT_attachment_feedback_loop_layout is supported
[    0.5173] VK_EXT_fragment_shader_interlock is supported
[    0.5174] Read 85 entries from '/home/ricardo/dev/ps2go/tools/pcsx2-gc/data/PCSX2/cache/vulkan_shaders.idx'
[    0.5177] Creating a swap chain with 3 images in present mode VK_PRESENT_MODE_IMMEDIATE_KHR
[    0.5187] Optional features: primitive_id texture_barrier framebuffer_fetch provoking_vertex_last vs_expand
[    0.5188] Using hardware for point expansion and hardware for line expansion.
[    0.6481] Vulkan Graphics Driver Info:
[    0.6481] Driver 25.2.8
[    0.6481] Vulkan 1.4.318
[    0.6481] Conformance Version 1.3.1.1
[    0.6481] Mesa 25.2.8-0ubuntu0.24.04.2 (LLVM 20.1.2)
[    0.6481] llvmpipe
[    0.6481] llvmpipe (LLVM 20.1.2, 256 bits)
[    0.6507] Opening SPU2...
[    0.6516] Creating Cubeb audio stream, sample rate = 48000, expansion = Disabled, buffer = 50, latency = 20, stretching enabled, driver = , device = 
[    0.6557] Minimum latency: 40 ms (1920 audio frames)
[    0.6557] Minimum latency is above requested latency: 1920 vs 960, adjusting to compensate.
[    0.6559] Allocated buffer of 38400 frames for buffer of 50 ms [expansion Disabled (block size 2048), stretch enabled, target size 2432].
[    0.6562] ReportErrorAsync: Error: Failed to create or configure audio stream, falling back to null output. The error was:
[    0.6562] cubeb_stream_init() failed: CUBEB_ERROR (-1)
[    0.6562] Allocated buffer of 2432 frames for buffer of 50 ms [expansion Disabled (block size 2048), stretch disabled, target size 2432].
[    0.6562] Initializing Pad...
[    0.6562] Initializing SIO2...
[    0.6562] Initializing SIO0...
[    0.6562] Opening DEV9...
[    0.6562] DEV9: DEV9init
[    0.6563] DEV9: DEV9init2
[    0.6563] DEV9: DEV9init3
[    0.6598] DEV9: DEV9init ok
[    0.6598] DEV9: DEV9open
[    0.6598] Opening USB...
[    0.6598] Opening FW...
[    0.6600] Frame rate: 60, target speed: 1, target frame rate: 60, ticks per frame: 16666666
[    0.6644] VM subsystems initialized in 581.38 ms
[    0.6650] Failed to inhibit screen saver.
[    0.6651] Failed to inhibit screen saver.
[    0.6865] # Initialize memory (rev:3.70, ctm:196Mhz, cpuclk:147Mhz detected)
[    0.7181] R3000 Debugger: Branch to 0x890 (SYSMEM). Clearing modules.
[    0.7208] RegisterLibraryEntries: excepman version 1.01
[    0.7228] RegisterLibraryEntries:  intrman version 1.02
[    0.7230] RegisterLibraryEntries:   ssbusc version 1.01
[    0.7233] RegisterLibraryEntries:  dmacman version 1.02
[    0.7237] RegisterLibraryEntries:  timrman version 1.01
[    0.7242] RegisterLibraryEntries:  sysclib version 1.01
[    0.7243] RegisterLibraryEntries:    stdio version 1.01
[    0.7244] RegisterLibraryEntries:  heaplib version 1.01
[    0.7247] FW: read mem 0x1f80847c: 0x10000001
[    0.7248] FW: write mem 0x1f808414: 0x417f0000
[    0.7248] FW: read mem 0x1f808400: 0xffc00001
[    0.7248] FW: write mem 0x1f80844c: 0xffffffff
[    0.7248] FW: write mem 0x1f808420: 0xffffffff
[    0.7248] FW: write mem 0x1f808428: 0xffffffff
[    0.7248] FW: write mem 0x1f808430: 0xffffffff
[    0.7255] RegisterLibraryEntries:   thbase version 1.01
[    0.7256] RegisterLibraryEntries:  thevent version 1.01
[    0.7256] RegisterLibraryEntries:  thsemap version 1.01
[    0.7256] RegisterLibraryEntries:  thmsgbx version 1.01
[    0.7256] RegisterLibraryEntries:  thfpool version 1.01
[    0.7257] RegisterLibraryEntries:  thvpool version 1.01
[    0.7264] RegisterLibraryEntries:   vblank version 1.01
[    0.7268] RegisterLibraryEntries:    ioman version 1.02
[    0.7274] RegisterLibraryEntries:  modload version 1.01
[    0.7277] RegisterLibraryEntries:   romdrv version 2.01
[    0.7279] RegisterLibraryEntries:    stdio version 1.02
[    0.7283] RegisterLibraryEntries:   sifman version 1.01
[    0.7285] 
[    0.7285] PlayStation 2 ======== Hard reset boot
[    0.7287]  ROMGEN=2004-0614, IOP info (CPUID=1f, CACH_CONFIG=0, 2MB, IOP mode)
[    0.7288]  <20040614-100909,ROMconf,PS20200AC20040614.bin:11696>
[    0.7324] # Total accessable memory size: 32 MB (B:2:8:0) (370:2:7c30)
[    0.7336] # TLB spad=0 kernel=1:12 default=13:30 extended=31:38
[    0.8163] # Initialize Start.
[    0.8167] # Initialize GS ...
[    0.8167] # Initialize INTC ...
[    0.8168] # Initialize TIMER ...
[    0.8168] # Initialize DMAC ...
[    0.8170] # Initialize VU1 ...
[    0.8173] # Initialize VIF1 ...
[    0.8174] # Initialize GIF ...
[    0.8174] # Initialize VU0 ...
[    0.8175] # Initialize VIF0 ...
[    0.8176] # Initialize IPU ...
[    0.8177] # Initialize FPU ...
[    0.8177] # Initialize User Memory ...
[    0.8527] # Initialize Scratch Pad ...
[    0.8528] # Initialize Done.
[    0.8535] 
[    0.8536] EE DECI2 Manager version 0.06 Feb  6 2003 08:38:48
[    0.8536]   CPUID=2e20, BoardID=0, ROMGEN=2004-0614, 32M
[    0.8536] 
[    0.8538] RegisterLibraryEntries:   sifcmd version 1.01
[    0.8554] Initializing Elf: 1807244 bytes
[    0.8563] ELF Loading: host:gcoom.elf, Game CRC = 3AE7D948, EntryPoint = 0x00100AE0
[    0.8591] RegisterLibraryEntries:  cdvdman version 1.01
[    0.8661] RegisterLibraryEntries:  cdvdfsv version 1.01
[    0.8676] RegisterLibraryEntries:  secrman version 1.03
[    0.8678] RegisterLibraryEntries:   eesync version 1.01
[    0.8679] 
[    0.8679] IOP Realtime Kernel Ver.0.9.1
[    0.8679]     Copyright 1999 (C) Sony Computer Entertainment Inc. 
[    0.8685] Reboot service module.(99/11/10)
[    0.8705] cdvd driver module version 0.1.1 (C)SCEI
[    0.8709] Load File service.(99/11/05)
[    0.8710] Multi Threaded Fileio module.(99/11/15) 
[    0.8710] iop heap service (99/11/03)
[    0.8993] loadelf: fname host:gcoom.elf secname all
[    0.8994] loadelf version 3.30
[    0.8998] Input ELF format filename = host:gcoom.elf
[    0.9002] 1 00100000 00044788 .....
[    0.9002] Loaded, host:gcoom.elf
[    0.9002] start address 0x100ae0
[    0.9002] gp address 00000000
[    0.9007] # Restart Without Memory Clear.
[    0.9152] # Initialize GS ...
[    0.9152] # Initialize INTC ...
[    0.9152] # Initialize TIMER ...
[    0.9152] # Initialize DMAC ...
[    0.9152] # Initialize VU1 ...
[    0.9155] # Initialize VIF1 ...
[    0.9156] # Initialize GIF ...
[    0.9156] # Initialize VU0 ...
[    0.9156] # Initialize VIF0 ...
[    0.9156] # Initialize IPU ...
[    0.9156] # Initialize FPU ...
[    0.9156] # Initialize Scratch Pad ...
[    0.9157] # Restart Without Memory Clear Done.
[    0.9158] ELF host:gcoom.elf with entry point at 0x00100AE0 is executing.
[    0.9158] ELF changed, active CRC 3AE7D948 (host:gcoom.elf)
[    0.9162] Applying core settings...
[    0.9170] Updating CPU configuration...
[    0.9170] iR3000A Recompiler reset.
[    0.9202] mVU Reset
[    0.9202] mVU Reset
[    0.9399] iR3000A Recompiler reset.
[    0.9431] mVU Reset
[    0.9431] mVU Reset
[    0.9483] EE/iR5900 Recompiler Reset
[    0.9614] BIOS: Successfully found the instruction pattern. Assuming the thread list is here: 8001a640
[    0.9639] Warning: GetOsdConfigParam2 Reading extended language/version configs, may be incorrect!
[    0.9845] PS2GO-BEGIN 1
[    0.9847] PS2GO-CASE heap-exhaustion RUN
[    0.9850] oom: heap 0x14aed0-0x194aed0 (25165824 bytes)
[    1.0486] oom: start: inuse=528 idle=24778128 objects=10 numgc=0
[    1.0487] oom: allocating chunk 0 (live so far 0 KB)
[    1.0496] oom: allocating chunk 1 (live so far 512 KB)
[    1.0501] oom: allocating chunk 2 (live so far 1024 KB)
[    1.0506] oom: allocating chunk 3 (live so far 1536 KB)
[    1.0652] oom: allocating chunk 4 (live so far 2048 KB)
[    1.0660] oom: allocating chunk 5 (live so far 2560 KB)
[    1.0666] oom: allocating chunk 6 (live so far 3072 KB)
[    1.0672] oom: allocating chunk 7 (live so far 3584 KB)
[    1.1330] oom: progress: inuse=4195776 idle=20582880 objects=34 numgc=0
[    1.1331] oom: allocating chunk 8 (live so far 4096 KB)
[    1.1338] oom: allocating chunk 9 (live so far 4608 KB)
[    1.1485] oom: allocating chunk 10 (live so far 5120 KB)
[    1.1492] oom: allocating chunk 11 (live so far 5632 KB)
[    1.1501] oom: allocating chunk 12 (live so far 6144 KB)
[    1.1506] oom: allocating chunk 13 (live so far 6656 KB)
[    1.1651] oom: allocating chunk 14 (live so far 7168 KB)
[    1.1659] oom: allocating chunk 15 (live so far 7680 KB)
[    1.2176] oom: progress: inuse=8391072 idle=16387584 objects=56 numgc=0
[    1.2176] oom: allocating chunk 16 (live so far 8192 KB)
[    1.2324] oom: allocating chunk 17 (live so far 8704 KB)
[    1.2332] oom: allocating chunk 18 (live so far 9216 KB)
[    1.2338] oom: allocating chunk 19 (live so far 9728 KB)
[    1.2343] oom: allocating chunk 20 (live so far 10240 KB)
[    1.2491] oom: allocating chunk 21 (live so far 10752 KB)
[    1.2499] oom: allocating chunk 22 (live so far 11264 KB)
[    1.2506] oom: allocating chunk 23 (live so far 11776 KB)
[    1.3197] oom: progress: inuse=12586560 idle=12192096 objects=78 numgc=0
[    1.3198] oom: allocating chunk 24 (live so far 12288 KB)
[    1.3221] oom: allocating chunk 25 (live so far 12800 KB)
[    1.3246] oom: allocating chunk 26 (live so far 13312 KB)
[    1.3346] oom: allocating chunk 27 (live so far 13824 KB)
[    1.3384] oom: allocating chunk 28 (live so far 14336 KB)
[    1.3413] oom: allocating chunk 29 (live so far 14848 KB)
[    1.3429] oom: allocating chunk 30 (live so far 15360 KB)
[    1.3490] oom: allocating chunk 31 (live so far 15872 KB)
[    2.3992] oom: after timed GC: inuse=16778480 idle=8000176 objects=39 numgc=1
[    2.4003] oom: runtime.GC() with 16385 KB live took 989.177083ms
[    2.4506] oom: progress: inuse=16778880 idle=7999776 objects=49 numgc=1
[    2.4506] oom: allocating chunk 32 (live so far 16384 KB)
[    2.4515] oom: allocating chunk 33 (live so far 16896 KB)
[    2.4659] oom: allocating chunk 34 (live so far 17408 KB)
[    2.4668] oom: allocating chunk 35 (live so far 17920 KB)
[    2.4677] oom: allocating chunk 36 (live so far 18432 KB)
[    2.4685] oom: allocating chunk 37 (live so far 18944 KB)
[    2.4826] oom: allocating chunk 38 (live so far 19456 KB)
[    2.4835] oom: allocating chunk 39 (live so far 19968 KB)
[    3.6985] oom: after timed GC: inuse=20973472 idle=3805184 objects=50 numgc=2
[    3.6986] oom: runtime.GC() with 20481 KB live took 1.14740625s
[    3.7493] oom: progress: inuse=20973728 idle=3804928 objects=59 numgc=2
[    3.7493] oom: allocating chunk 40 (live so far 20480 KB)
[    3.7498] oom: allocating chunk 41 (live so far 20992 KB)
[    3.7652] oom: allocating chunk 42 (live so far 21504 KB)
[    3.7659] oom: allocating chunk 43 (live so far 22016 KB)
[    3.7668] oom: allocating chunk 44 (live so far 22528 KB)
[    3.7676] oom: allocating chunk 45 (live so far 23040 KB)
[    5.1002] oom: after timed GC: inuse=24119296 idle=659360 objects=56 numgc=3
[    5.1003] oom: runtime.GC() with 23554 KB live took 1.270762153s
[    5.1174] oom: 100000 small garbage allocations with 23554 KB live OK
[    5.1823] oom: after small allocs: inuse=24119632 idle=659024 objects=67 numgc=3
[    5.1823] oom: allocating chunk 46 (live so far 23552 KB)
[    5.1831] oom: allocating chunk 47 (live so far 24064 KB)
[    6.4677] fatal error: out of memory
[    6.4677] runtime: abort
[    6.5014] PINE: Client disconnected.
[    6.5150] (VMManager) Pausing...
[    6.5171] Add 6 seconds play time to gcoom -> now 8
[    6.6501] DEV9: DEV9close
[    6.6543] Skipping updating pipeline cache '/home/ricardo/dev/ps2go/tools/pcsx2-gc/data/PCSX2/cache/vulkan_pipelines.bin' due to no changes.
[    6.6577] DEV9: DEV9shutdown
[    6.6578] NVRAM has not changed, not writing to disk.
[    6.6707] Releasing host memory for virtual systems...
